Component: ARM Compiler 5.06 update 6 (build 750) Tool: armlink [4d35ed]

==============================================================================

Section Cross References

    startup_stm32f103xb.o(RESET) refers to startup_stm32f103xb.o(STACK) for __initial_sp
    startup_stm32f103xb.o(RESET) refers to startup_stm32f103xb.o(.text) for Reset_Handler
    startup_stm32f103xb.o(RESET) refers to stm32f1xx_it.o(i.NMI_Handler) for NMI_Handler
    startup_stm32f103xb.o(RESET) refers to stm32f1xx_it.o(i.HardFault_Handler) for HardFault_Handler
    startup_stm32f103xb.o(RESET) refers to stm32f1xx_it.o(i.MemManage_Handler) for MemManage_Handler
    startup_stm32f103xb.o(RESET) refers to stm32f1xx_it.o(i.BusFault_Handler) for BusFault_Handler
    startup_stm32f103xb.o(RESET) refers to stm32f1xx_it.o(i.UsageFault_Handler) for UsageFault_Handler
    startup_stm32f103xb.o(RESET) refers to stm32f1xx_it.o(i.SVC_Handler) for SVC_Handler
    startup_stm32f103xb.o(RESET) refers to stm32f1xx_it.o(i.DebugMon_Handler) for DebugMon_Handler
    startup_stm32f103xb.o(RESET) refers to stm32f1xx_it.o(i.PendSV_Handler) for PendSV_Handler
    startup_stm32f103xb.o(RESET) refers to stm32f1xx_it.o(i.SysTick_Handler) for SysTick_Handler
    startup_stm32f103xb.o(RESET) refers to stm32f1xx_it.o(i.EXTI0_IRQHandler) for EXTI0_IRQHandler
    startup_stm32f103xb.o(RESET) refers to stm32f1xx_it.o(i.USB_LP_CAN1_RX0_IRQHandler) for USB_LP_CAN1_RX0_IRQHandler
    startup_stm32f103xb.o(RESET) refers to stm32f1xx_it.o(i.TIM1_UP_IRQHandler) for TIM1_UP_IRQHandler
    startup_stm32f103xb.o(RESET) refers to stm32f1xx_it.o(i.TIM1_CC_IRQHandler) for TIM1_CC_IRQHandler
    startup_stm32f103xb.o(RESET) refers to stm32f1xx_it.o(i.TIM4_IRQHandler) for TIM4_IRQHandler
    startup_stm32f103xb.o(.text) refers to system_stm32f1xx.o(i.SystemInit) for SystemInit
    startup_stm32f103xb.o(.text) refers to entry.o(.ARM.Collect$$$$00000000) for __main
    nrf24.o(i.DelayMicro) refers to system_stm32f1xx.o(.data) for SystemCoreClock
    nrf24.o(i.NRF24_FlushRX) refers to stm32f1xx_hal_gpio.o(i.HAL_GPIO_WritePin) for HAL_GPIO_WritePin
    nrf24.o(i.NRF24_FlushRX) refers to stm32f1xx_hal_spi.o(i.HAL_SPI_Transmit) for HAL_SPI_Transmit
    nrf24.o(i.NRF24_FlushRX) refers to nrf24.o(i.DelayMicro) for DelayMicro
    nrf24.o(i.NRF24_FlushRX) refers to spi.o(.bss) for hspi1
    nrf24.o(i.NRF24_FlushTX) refers to stm32f1xx_hal_gpio.o(i.HAL_GPIO_WritePin) for HAL_GPIO_WritePin
    nrf24.o(i.NRF24_FlushTX) refers to stm32f1xx_hal_spi.o(i.HAL_SPI_Transmit) for HAL_SPI_Transmit
    nrf24.o(i.NRF24_FlushTX) refers to nrf24.o(i.DelayMicro) for DelayMicro
    nrf24.o(i.NRF24_FlushTX) refers to spi.o(.bss) for hspi1
    nrf24.o(i.NRF24_Get_State) refers to nrf24.o(i.NRF24_ReadReg) for NRF24_ReadReg
    nrf24.o(i.NRF24_Get_State) refers to printf8.o(i.__0sprintf$8) for __2sprintf
    nrf24.o(i.NRF24_Get_State) refers to strlen.o(.text) for strlen
    nrf24.o(i.NRF24_Get_State) refers to usbd_cdc_if.o(i.CDC_Transmit_FS) for CDC_Transmit_FS
    nrf24.o(i.NRF24_Get_State) refers to nrf24.o(i.NRF24_Read_Buf) for NRF24_Read_Buf
    nrf24.o(i.NRF24_Get_State) refers to nrf24.o(.data) for .data
    nrf24.o(i.NRF24_Get_State) refers to nrf24.o(.bss) for .bss
    nrf24.o(i.NRF24_IRQ_Callback) refers to nrf24.o(i.DelayMicro) for DelayMicro
    nrf24.o(i.NRF24_IRQ_Callback) refers to nrf24.o(i.NRF24_ReadReg) for NRF24_ReadReg
    nrf24.o(i.NRF24_IRQ_Callback) refers to printf8.o(i.__0sprintf$8) for __2sprintf
    nrf24.o(i.NRF24_IRQ_Callback) refers to strlen.o(.text) for strlen
    nrf24.o(i.NRF24_IRQ_Callback) refers to usbd_cdc_if.o(i.CDC_Transmit_FS) for CDC_Transmit_FS
    nrf24.o(i.NRF24_IRQ_Callback) refers to nrf24.o(i.NRF24_Read_Buf) for NRF24_Read_Buf
    nrf24.o(i.NRF24_IRQ_Callback) refers to nrf24.o(i.NRF24_WriteReg) for NRF24_WriteReg
    nrf24.o(i.NRF24_IRQ_Callback) refers to nrf24.o(i.NRF24_RX_Mode) for NRF24_RX_Mode
    nrf24.o(i.NRF24_IRQ_Callback) refers to nrf24.o(i.NRF24_FlushTX) for NRF24_FlushTX
    nrf24.o(i.NRF24_IRQ_Callback) refers to nrf24.o(.data) for .data
    nrf24.o(i.NRF24_IRQ_Callback) refers to nrf24.o(.bss) for .bss
    nrf24.o(i.NRF24_Init) refers to stm32f1xx_hal_gpio.o(i.HAL_GPIO_DeInit) for HAL_GPIO_DeInit
    nrf24.o(i.NRF24_Init) refers to stm32f1xx_hal_gpio.o(i.HAL_GPIO_Init) for HAL_GPIO_Init
    nrf24.o(i.NRF24_Init) refers to stm32f1xx_hal_gpio.o(i.HAL_GPIO_WritePin) for HAL_GPIO_WritePin
    nrf24.o(i.NRF24_Init) refers to nrf24.o(i.DelayMicro) for DelayMicro
    nrf24.o(i.NRF24_Init) refers to nrf24.o(i.NRF24_WriteReg) for NRF24_WriteReg
    nrf24.o(i.NRF24_Init) refers to nrf24.o(i.NRF24_ToggleFeatures) for NRF24_ToggleFeatures
    nrf24.o(i.NRF24_Init) refers to nrf24.o(i.NRF24_Write_Buf) for NRF24_Write_Buf
    nrf24.o(i.NRF24_Init) refers to nrf24.o(i.NRF24_RX_Mode) for NRF24_RX_Mode
    nrf24.o(i.NRF24_Init) refers to nrf24.o(i.NRF24_ReadReg) for NRF24_ReadReg
[...]
    i.USBD_Get_USB_Status                    0x08003a98   Section        0  usbd_conf.o(i.USBD_Get_USB_Status)
    USBD_Get_USB_Status                      0x08003a99   Thumb Code    24  usbd_conf.o(i.USBD_Get_USB_Status)
    i.USBD_Init                              0x08003ab0   Section        0  usbd_core.o(i.USBD_Init)
    i.USBD_LL_ClearStallEP                   0x08003ada   Section        0  usbd_conf.o(i.USBD_LL_ClearStallEP)
    i.USBD_LL_CloseEP                        0x08003aec   Section        0  usbd_conf.o(i.USBD_LL_CloseEP)
    i.USBD_LL_DataInStage                    0x08003afe   Section        0  usbd_core.o(i.USBD_LL_DataInStage)
    i.USBD_LL_DataOutStage                   0x08003bc4   Section        0  usbd_core.o(i.USBD_LL_DataOutStage)
    i.USBD_LL_GetRxDataSize                  0x08003c46   Section        0  usbd_conf.o(i.USBD_LL_GetRxDataSize)
    i.USBD_LL_Init                           0x08003c50   Section        0  usbd_conf.o(i.USBD_LL_Init)
    i.USBD_LL_IsStallEP                      0x08003cd0   Section        0  usbd_conf.o(i.USBD_LL_IsStallEP)
    i.USBD_LL_OpenEP                         0x08003cec   Section        0  usbd_conf.o(i.USBD_LL_OpenEP)
    i.USBD_LL_PrepareReceive                 0x08003d04   Section        0  usbd_conf.o(i.USBD_LL_PrepareReceive)
    i.USBD_LL_Reset                          0x08003d16   Section        0  usbd_core.o(i.USBD_LL_Reset)
    i.USBD_LL_Resume                         0x08003d66   Section        0  usbd_core.o(i.USBD_LL_Resume)
    i.USBD_LL_SOF                            0x08003d7a   Section        0  usbd_core.o(i.USBD_LL_SOF)
    i.USBD_LL_SetSpeed                       0x08003d92   Section        0  usbd_core.o(i.USBD_LL_SetSpeed)
    i.USBD_LL_SetUSBAddress                  0x08003d98   Section        0  usbd_conf.o(i.USBD_LL_SetUSBAddress)
    i.USBD_LL_SetupStage                     0x08003daa   Section        0  usbd_core.o(i.USBD_LL_SetupStage)
    i.USBD_LL_StallEP                        0x08003e04   Section        0  usbd_conf.o(i.USBD_LL_StallEP)
    i.USBD_LL_Start                          0x08003e16   Section        0  usbd_conf.o(i.USBD_LL_Start)
    i.USBD_LL_Suspend                        0x08003e28   Section        0  usbd_core.o(i.USBD_LL_Suspend)
    i.USBD_LL_Transmit                       0x08003e3a   Section        0  usbd_conf.o(i.USBD_LL_Transmit)
    i.USBD_ParseSetupRequest                 0x08003e4c   Section        0  usbd_ctlreq.o(i.USBD_ParseSetupRequest)
    i.USBD_RegisterClass                     0x08003e74   Section        0  usbd_core.o(i.USBD_RegisterClass)
    i.USBD_SetClassConfig                    0x08003e84   Section        0  usbd_core.o(i.USBD_SetClassConfig)
    i.USBD_SetConfig                         0x08003e9c   Section        0  usbd_ctlreq.o(i.USBD_SetConfig)
    USBD_SetConfig                           0x08003e9d   Thumb Code   128  usbd_ctlreq.o(i.USBD_SetConfig)
    i.USBD_Start                             0x08003f20   Section        0  usbd_core.o(i.USBD_Start)
    i.USBD_StdDevReq                         0x08003f2a   Section        0  usbd_ctlreq.o(i.USBD_StdDevReq)
    i.USBD_StdEPReq                          0x0800403c   Section        0  usbd_ctlreq.o(i.USBD_StdEPReq)
    i.USBD_StdItfReq                         0x0800418c   Section        0  usbd_ctlreq.o(i.USBD_StdItfReq)
    i.USBD_static_free                       0x080041da   Section        0  usbd_conf.o(i.USBD_static_free)
    i.USBD_static_malloc                     0x080041dc   Section        0  usbd_conf.o(i.USBD_static_malloc)
    i.USB_ActivateEndpoint                   0x080041e4   Section        0  stm32f1xx_ll_usb.o(i.USB_ActivateEndpoint)
    i.USB_CoreInit                           0x08004474   Section        0  stm32f1xx_ll_usb.o(i.USB_CoreInit)
    i.USB_DeactivateEndpoint                 0x08004478   Section        0  stm32f1xx_ll_usb.o(i.USB_DeactivateEndpoint)
    i.USB_DevConnect                         0x08004588   Section        0  stm32f1xx_ll_usb.o(i.USB_DevConnect)
    i.USB_DevDisconnect                      0x0800458c   Section        0  stm32f1xx_ll_usb.o(i.USB_DevDisconnect)
    i.USB_DevInit                            0x08004590   Section        0  stm32f1xx_ll_usb.o(i.USB_DevInit)
    i.USB_DisableGlobalInt                   0x080045ae   Section        0  stm32f1xx_ll_usb.o(i.USB_DisableGlobalInt)
    i.USB_EP0_OutStart                       0x080045bc   Section        0  stm32f1xx_ll_usb.o(i.USB_EP0_OutStart)
    i.USB_EPClearStall                       0x080045c0   Section        0  stm32f1xx_ll_usb.o(i.USB_EPClearStall)
    i.USB_EPSetStall                         0x08004634   Section        0  stm32f1xx_ll_usb.o(i.USB_EPSetStall)
    i.USB_EPStartXfer                        0x08004666   Section        0  stm32f1xx_ll_usb.o(i.USB_EPStartXfer)
    i.USB_EnableGlobalInt                    0x08004802   Section        0  stm32f1xx_ll_usb.o(i.USB_EnableGlobalInt)
    i.USB_LP_CAN1_RX0_IRQHandler             0x08004810   Section        0  stm32f1xx_it.o(i.USB_LP_CAN1_RX0_IRQHandler)
    i.USB_ReadInterrupts                     0x0800481c   Section        0  stm32f1xx_ll_usb.o(i.USB_ReadInterrupts)
    i.USB_ReadPMA                            0x08004822   Section        0  stm32f1xx_ll_usb.o(i.USB_ReadPMA)
    i.USB_SetCurrentMode                     0x0800484c   Section        0  stm32f1xx_ll_usb.o(i.USB_SetCurrentMode)
    i.USB_SetDevAddress                      0x08004850   Section        0  stm32f1xx_ll_usb.o(i.USB_SetDevAddress)
    i.USB_WritePMA                           0x0800485c   Section        0  stm32f1xx_ll_usb.o(i.USB_WritePMA)
    i.UsageFault_Handler                     0x08004882   Section        0  stm32f1xx_it.o(i.UsageFault_Handler)
    i.WL_Check_Addr                          0x08004884   Section        0  wireless_ctrl.o(i.WL_Check_Addr)
    i.WL_Get_Packet                          0x08004930   Section        0  wireless_ctrl.o(i.WL_Get_Packet)
    i.WL_Get_Var                             0x08004bd4   Section        0  wireless_ctrl.o(i.WL_Get_Var)
    i.WL_Handler                             0x08004bec   Section        0  wireless_ctrl.o(i.WL_Handler)
    i.WL_Packet_Handler                      0x08004dd0   Section        0  wireless_ctrl.o(i.WL_Packet_Handler)
    i.WL_Send_Packet                         0x08004eb8   Section        0  wireless_ctrl.o(i.WL_Send_Packet)
    i.WL_Set_Var                             0x08005140   Section        0  wireless_ctrl.o(i.WL_Set_Var)
    i.__0printf$8                            0x08005150   Section        0  printf8.o(i.__0printf$8)
    i.__0sprintf$8                           0x08005170   Section        0  printf8.o(i.__0sprintf$8)
    i.__NVIC_SetPriority                     0x08005198   Section        0  stm32f1xx_hal_cortex.o(i.__NVIC_SetPriority)
    __NVIC_SetPriority                       0x08005199   Thumb Code    32  stm32f1xx_hal_cortex.o(i.__NVIC_SetPriority)
    i.__aeabi_errno_addr                     0x080051b8   Section        0  errno.o(i.__aeabi_errno_addr)
    i.__scatterload_copy                     0x080051c0   Section       14  handlers.o(i.__scatterload_copy)
    i.__scatterload_null                     0x080051ce   Section        2  handlers.o(i.__scatterload_null)
    i.__scatterload_zeroinit                 0x080051d0   Section       14  handlers.o(i.__scatterload_zeroinit)
    i._printf_core                           0x080051e0   Section        0  printf8.o(i._printf_core)
    _printf_core                             0x080051e1   Thumb Code   996  printf8.o(i._printf_core)
    i._printf_post_padding                   0x080055f0   Section        0  printf8.o(i._printf_post_padding)
    _printf_post_padding                     0x080055f1   Thumb Code    36  printf8.o(i._printf_post_padding)
    i._printf_pre_padding                    0x08005614   Section        0  printf8.o(i._printf_pre_padding)
    _printf_pre_padding                      0x08005615   Thumb Code    46  printf8.o(i._printf_pre_padding)
    i._sputc                                 0x08005642   Section        0  printf8.o(i._sputc)
    _sputc                                   0x08005643   Thumb Code    10  printf8.o(i._sputc)
    i.add_packet                             0x0800564c   Section        0  wireless_ctrl.o(i.add_packet)
    i.fputc                                  0x080056f4   Section        0  retarget_io.o(i.fputc)
    i.free                                   0x08005708   Section        0  malloc.o(i.free)
    i.get_packet                             0x08005758   Section        0  wireless_ctrl.o(i.get_packet)
    i.main                                   0x08005780   Section        0  main.o(i.main)
    i.malloc                                 0x080059f0   Section        0  malloc.o(i.malloc)
    i.parseCommand                           0x08005a5c   Section        0  uart_cmd_parser.o(i.parseCommand)
    i.remove_packet                          0x08005e94   Section        0  wireless_ctrl.o(i.remove_packet)
    i.strtodec                               0x08005f40   Section        0  uart_cmd_parser.o(i.strtodec)
    i.uartInit                               0x08005f64   Section        0  uart_cmd_parser.o(i.uartInit)
    .constdata                               0x08006574   Section       96  uart_cmd_parser.o(.constdata)
    .constdata                               0x080065d4   Section       16  system_stm32f1xx.o(.constdata)
    .constdata                               0x080065e4   Section      129  ctype_o.o(.constdata)
    .constdata                               0x08006668   Section        4  ctype_o.o(.constdata)
    table                                    0x08006668   Data           4  ctype_o.o(.constdata)
    .conststring                             0x0800666c   Section      118  uart_cmd_parser.o(.conststring)
    .data                                    0x20000000   Section       11  nrf24.o(.data)
    .data                                    0x2000000b   Section        1  nrf24.o(.data)
    .data                                    0x2000000c   Section        8  wireless_ctrl.o(.data)
    temp_addr                                0x2000000d   Data           1  wireless_ctrl.o(.data)
    .data                                    0x20000014   Section       16  main.o(.data)
    .data                                    0x20000024   Section        8  crc.o(.data)
    .data                                    0x2000002c   Section       28  usbd_desc.o(.data)
    .data                                    0x20000048   Section       50  usbd_desc.o(.data)
    .data                                    0x2000007a   Section        4  usbd_cdc_if.o(.data)
    vcp_rx_len                               0x2000007b   Data           1  usbd_cdc_if.o(.data)
    csi_rx_len                               0x2000007c   Data           1  usbd_cdc_if.o(.data)
    CSI                                      0x2000007d   Data           1  usbd_cdc_if.o(.data)
    .data                                    0x20000080   Section       16  usbd_cdc_if.o(.data)
    .data                                    0x20000090   Section        4  system_stm32f1xx.o(.data)
    .data                                    0x20000094   Section       12  stm32f1xx_hal.o(.data)
    .data                                    0x200000a0   Section        1  usbd_ctlreq.o(.data)
    cfgidx                                   0x200000a0   Data           1  usbd_ctlreq.o(.data)
    .data                                    0x200000a4   Section      215  usbd_cdc.o(.data)
    USBD_CDC_DeviceQualifierDesc             0x200000a4   Data          10  usbd_cdc.o(.data)
    .data                                    0x2000017c   Section       56  usbd_cdc.o(.data)
    .data                                    0x200001b4   Section        4  stdout.o(.data)
    .data                                    0x200001b8   Section        4  mvars.o(.data)
    .data                                    0x200001bc   Section        4  mvars.o(.data)
    .data                                    0x200001c0   Section        4  errno.o(.data)
    _errno                                   0x200001c0   Data           4  errno.o(.data)
    .bss                                     0x200001c4   Section       77  nrf24.o(.bss)
    .bss                                     0x20000214   Section       56  wireless_ctrl.o(.bss)
    .bss                                     0x2000024c   Section       88  spi.o(.bss)
    .bss                                     0x200002a4   Section      128  tim.o(.bss)
    .bss                                     0x20000324   Section      708  usb_device.o(.bss)
    .bss                                     0x200005e8   Section     1164  usbd_conf.o(.bss)
    mem                                      0x200005e8   Data         544  usbd_conf.o(.bss)
    .bss                                     0x20000a74   Section      256  usbd_desc.o(.bss)
    .bss                                     0x20000b74   Section      208  usbd_cdc_if.o(.bss)
    HEAP                                     0x20000c48   Section     2048  startup_stm32f103xb.o(HEAP)
    STACK                                    0x20001448   Section     2048  startup_stm32f103xb.o(STACK)

    Global Symbols

    Symbol Name                              Value     Ov Type        Size  Object(Section)

    BuildAttributes$$THM_ISAv4$P$D$K$B$S$PE$A:L22UL41UL21$X:L11$S22US41US21$IEEE1$IW$USESV6$~STKCKD$USESV7$~SHL$OSPACE$ROPI$EBA8$MICROLIB$REQ8$PRES8$EABIv2 0x00000000   Number         0  anon$$obj.o ABSOLUTE
    __ARM_use_no_argv                        0x00000000   Number         0  main.o ABSOLUTE
    _printf_a                                0x00000000   Number         0  stubs.o ABSOLUTE
    _printf_c                                0x00000000   Number         0  stubs.o ABSOLUTE
    _printf_charcount                        0x00000000   Number         0  stubs.o ABSOLUTE
    _printf_d                                0x00000000   Number         0  stubs.o ABSOLUTE
    _printf_e                                0x00000000   Number         0  stubs.o ABSOLUTE
    _printf_f                                0x00000000   Number         0  stubs.o ABSOLUTE
    _printf_flags                            0x00000000   Number         0  stubs.o ABSOLUTE
    _printf_fp_dec                           0x00000000   Number         0  stubs.o ABSOLUTE
    _printf_fp_hex                           0x00000000   Number         0  stubs.o ABSOLUTE
    _printf_g                                0x00000000   Number         0  stubs.o ABSOLUTE
    _printf_i                                0x00000000   Number         0  stubs.o ABSOLUTE
    _printf_int_dec                          0x00000000   Number         0  stubs.o ABSOLUTE
    _printf_l                                0x00000000   Number         0  stubs.o ABSOLUTE
    _printf_lc                               0x00000000   Number         0  stubs.o ABSOLUTE
    _printf_ll                               0x00000000   Number         0  stubs.o ABSOLUTE
    _printf_lld                              0x00000000   Number         0  stubs.o ABSOLUTE
    _printf_lli                              0x00000000   Number         0  stubs.o ABSOLUTE
    _printf_llo                              0x00000000   Number         0  stubs.o ABSOLUTE
    _printf_llu                              0x00000000   Number         0  stubs.o ABSOLUTE
    _printf_llx                              0x00000000   Number         0  stubs.o ABSOLUTE
    _printf_longlong_dec                     0x00000000   Number         0  stubs.o ABSOLUTE
    _printf_longlong_hex                     0x00000000   Number         0  stubs.o ABSOLUTE
    _printf_longlong_oct                     0x00000000   Number         0  stubs.o ABSOLUTE
    _printf_ls                               0x00000000   Number         0  stubs.o ABSOLUTE
    _printf_mbtowc                           0x00000000   Number         0  stubs.o ABSOLUTE
    _printf_n                                0x00000000   Number         0  stubs.o ABSOLUTE
    _printf_o                                0x00000000   Number         0  stubs.o ABSOLUTE
    _printf_p                                0x00000000   Number         0  stubs.o ABSOLUTE
    _printf_percent                          0x00000000   Number         0  stubs.o ABSOLUTE
    _printf_pre_padding                      0x00000000   Number         0  stubs.o ABSOLUTE
    _printf_return_value                     0x00000000   Number         0  stubs.o ABSOLUTE
    _printf_s                                0x00000000   Number         0  stubs.o ABSOLUTE
    _printf_sizespec                         0x00000000   Number         0  stubs.o ABSOLUTE
    _printf_str                              0x00000000   Number         0  stubs.o ABSOLUTE
    _printf_truncate_signed                  0x00000000   Number         0  stubs.o ABSOLUTE
    _printf_truncate_unsigned                0x00000000   Number         0  stubs.o ABSOLUTE
    _printf_u                                0x00000000   Number         0  stubs.o ABSOLUTE
    _printf_wc                               0x00000000   Number         0  stubs.o ABSOLUTE
    _printf_wctomb                           0x00000000   Number         0  stubs.o ABSOLUTE
    _printf_widthprec                        0x00000000   Number         0  stubs.o ABSOLUTE
    _printf_x                                0x00000000   Number         0  stubs.o ABSOLUTE
    __cpp_initialize__aeabi_                  - Undefined Weak Reference
    __cxa_finalize                            - Undefined Weak Reference
    _clock_init                               - Undefined Weak Reference
    _microlib_exit                            - Undefined Weak Reference
    __Vectors_Size                           0x000000ec   Number         0  startup_stm32f103xb.o ABSOLUTE
    __Vectors                                0x08000000   Data           4  startup_stm32f103xb.o(RESET)
    __Vectors_End                            0x080000ec   Data           0  startup_stm32f103xb.o(RESET)
    __main                                   0x080000ed   Thumb Code     0  entry.o(.ARM.Collect$$$$00000000)
    _main_stk                                0x080000ed   Thumb Code     0  entry2.o(.ARM.Collect$$$$00000001)
    _main_scatterload                        0x080000f1   Thumb Code     0  entry5.o(.ARM.Collect$$$$00000004)
    __main_after_scatterload                 0x080000f5   Thumb Code     0  entry5.o(.ARM.Collect$$$$00000004)
    _main_clock                              0x080000f5   Thumb Code     0  entry7b.o(.ARM.Collect$$$$00000008)
    _main_cpp_init                           0x080000f5   Thumb Code     0  entry8b.o(.ARM.Collect$$$$0000000A)
    _main_init                               0x080000f5   Thumb Code     0  entry9a.o(.ARM.Collect$$$$0000000B)
    __rt_final_cpp                           0x080000fd   Thumb Code     0  entry10a.o(.ARM.Collect$$$$0000000D)
    __rt_final_exit                          0x080000fd   Thumb Code     0  entry11a.o(.ARM.Collect$$$$0000000F)
    Reset_Handler                            0x08000101   Thumb Code     8  startup_stm32f103xb.o(.text)
    ADC1_2_IRQHandler                        0x0800011b   Thumb Code     0  startup_stm32f103xb.o(.text)
    CAN1_RX1_IRQHandler                      0x0800011b   Thumb Code     0  startup_stm32f103xb.o(.text)
    CAN1_SCE_IRQHandler                      0x0800011b   Thumb Code     0  startup_stm32f103xb.o(.text)
    DMA1_Channel1_IRQHandler                 0x0800011b   Thumb Code     0  startup_stm32f103xb.o(.text)
    DMA1_Channel2_IRQHandler                 0x0800011b   Thumb Code     0  startup_stm32f103xb.o(.text)
    DMA1_Channel3_IRQHandler                 0x0800011b   Thumb Code     0  startup_stm32f103xb.o(.text)
    DMA1_Channel4_IRQHandler                 0x0800011b   Thumb Code     0  startup_stm32f103xb.o(.text)
    DMA1_Channel5_IRQHandler                 0x0800011b   Thumb Code     0  startup_stm32f103xb.o(.text)
    DMA1_Channel6_IRQHandler                 0x0800011b   Thumb Code     0  startup_stm32f103xb.o(.text)
    DMA1_Channel7_IRQHandler                 0x0800011b   Thumb Code     0  startup_stm32f103xb.o(.text)
    EXTI15_10_IRQHandler                     0x0800011b   Thumb Code     0  startup_stm32f103xb.o(.text)
    EXTI1_IRQHandler                         0x0800011b   Thumb Code     0  startup_stm32f103xb.o(.text)
    EXTI2_IRQHandler                         0x0800011b   Thumb Code     0  startup_stm32f103xb.o(.text)
    EXTI3_IRQHandler                         0x0800011b   Thumb Code     0  startup_stm32f103xb.o(.text)
    EXTI4_IRQHandler                         0x0800011b   Thumb Code     0  startup_stm32f103xb.o(.text)
    EXTI9_5_IRQHandler                       0x0800011b   Thumb Code     0  startup_stm32f103xb.o(.text)
    FLASH_IRQHandler                         0x0800011b   Thumb Code     0  startup_stm32f103xb.o(.text)
    I2C1_ER_IRQHandler                       0x0800011b   Thumb Code     0  startup_stm32f103xb.o(.text)
    I2C1_EV_IRQHandler                       0x0800011b   Thumb Code     0  startup_stm32f103xb.o(.text)
    I2C2_ER_IRQHandler                       0x0800011b   Thumb Code     0  startup_stm32f103xb.o(.text)
    I2C2_EV_IRQHandler                       0x0800011b   Thumb Code     0  startup_stm32f103xb.o(.text)
    PVD_IRQHandler                           0x0800011b   Thumb Code     0  startup_stm32f103xb.o(.text)
    RCC_IRQHandler                           0x0800011b   Thumb Code     0  startup_stm32f103xb.o(.text)
    RTC_Alarm_IRQHandler                     0x0800011b   Thumb Code     0  startup_stm32f103xb.o(.text)
    RTC_IRQHandler                           0x0800011b   Thumb Code     0  startup_stm32f103xb.o(.text)
    SPI1_IRQHandler                          0x0800011b   Thumb Code     0  startup_stm32f103xb.o(.text)
    SPI2_IRQHandler                          0x0800011b   Thumb Code     0  startup_stm32f103xb.o(.text)
    TAMPER_IRQHandler                        0x0800011b   Thumb Code     0  startup_stm32f103xb.o(.text)
    TIM1_BRK_IRQHandler                      0x0800011b   Thumb Code     0  startup_stm32f103xb.o(.text)
    TIM1_TRG_COM_IRQHandler                  0x0800011b   Thumb Code     0  startup_stm32f103xb.o(.text)
    TIM2_IRQHandler                          0x0800011b   Thumb Code     0  startup_stm32f103xb.o(.text)
    TIM3_IRQHandler                          0x0800011b   Thumb Code     0  startup_stm32f103xb.o(.text)
    USART1_IRQHandler                        0x0800011b   Thumb Code     0  startup_stm32f103xb.o(.text)
    USART2_IRQHandler                        0x0800011b   Thumb Code     0  startup_stm32f103xb.o(.text)
    USART3_IRQHandler                        0x0800011b   Thumb Code     0  startup_stm32f103xb.o(.text)
    USBWakeUp_IRQHandler                     0x0800011b   Thumb Code     0  startup_stm32f103xb.o(.text)
    USB_HP_CAN1_TX_IRQHandler                0x0800011b   Thumb Code     0  startup_stm32f103xb.o(.text)
    WWDG_IRQHandler                          0x0800011b   Thumb Code     0  startup_stm32f103xb.o(.text)
    __aeabi_llsr                             0x08000125   Thumb Code    32  llushr.o(.text)
    _ll_ushift_r                             0x08000125   Thumb Code     0  llushr.o(.text)
    __aeabi_memcpy                           0x08000145   Thumb Code    36  memcpya.o(.text)
    __aeabi_memcpy4                          0x08000145   Thumb Code     0  memcpya.o(.text)
    __aeabi_memcpy8                          0x08000145   Thumb Code     0  memcpya.o(.text)
    __aeabi_memset                           0x08000169   Thumb Code    14  memseta.o(.text)
    __aeabi_memset4                          0x08000169   Thumb Code     0  memseta.o(.text)
    __aeabi_memset8                          0x08000169   Thumb Code     0  memseta.o(.text)
    __aeabi_memclr                           0x08000177   Thumb Code     4  memseta.o(.text)
    __aeabi_memclr4                          0x08000177   Thumb Code     0  memseta.o(.text)
    __aeabi_memclr8                          0x08000177   Thumb Code     0  memseta.o(.text)
    _memset$wrapper                          0x0800017b   Thumb Code    18  memseta.o(.text)
    strlen                                   0x0800018d   Thumb Code    14  strlen.o(.text)
    strncmp                                  0x0800019b   Thumb Code    30  strncmp.o(.text)
    strtol                                   0x080001b9   Thumb Code   112  strtol.o(.text)
    __aeabi_uldivmod                         0x08000229   Thumb Code    98  uldiv.o(.text)
    __rt_ctype_table                         0x0800028d   Thumb Code     4  ctype_o.o(.text)
    _strtoul                                 0x08000295   Thumb Code   158  _strtoul.o(.text)
    __scatterload                            0x08000335   Thumb Code    28  init.o(.text)
    __scatterload_rt2                        0x08000335   Thumb Code     0  init.o(.text)
    __aeabi_llsl                             0x08000359   Thumb Code    30  llshl.o(.text)
    _ll_shift_l                              0x08000359   Thumb Code     0  llshl.o(.text)
    _chval                                   0x08000377   Thumb Code    28  _chval.o(.text)
    __decompress                             0x08000393   Thumb Code     0  __dczerorl2.o(.text)
    __decompress1                            0x08000393   Thumb Code    86  __dczerorl2.o(.text)
    BusFault_Handler                         0x080003e9   Thumb Code     2  stm32f1xx_it.o(i.BusFault_Handler)
    CDC_Transmit_FS                          0x080004dd   Thumb Code    38  usbd_cdc_if.o(i.CDC_Transmit_FS)
    DebugMon_Handler                         0x08000509   Thumb Code     2  stm32f1xx_it.o(i.DebugMon_Handler)
    EXTI0_IRQHandler                         0x08000535   Thumb Code    16  stm32f1xx_it.o(i.EXTI0_IRQHandler)
    Error_Handler                            0x08000545   Thumb Code     2  main.o(i.Error_Handler)
    HAL_CRC_Calculate                        0x08000547   Thumb Code    46  stm32f1xx_hal_crc.o(i.HAL_CRC_Calculate)
    HAL_CRC_Init                             0x08000575   Thumb Code    34  stm32f1xx_hal_crc.o(i.HAL_CRC_Init)
    HAL_CRC_MspInit                          0x08000599   Thumb Code    30  crc.o(i.HAL_CRC_MspInit)
    HAL_Delay                                0x080005c1   Thumb Code    32  stm32f1xx_hal.o(i.HAL_Delay)
    HAL_GPIO_DeInit                          0x080005e5   Thumb Code   198  stm32f1xx_hal_gpio.o(i.HAL_GPIO_DeInit)
    HAL_GPIO_EXTI_Callback                   0x080006c5   Thumb Code     2  stm32f1xx_hal_gpio.o(i.HAL_GPIO_EXTI_Callback)
    HAL_GPIO_EXTI_IRQHandler                 0x080006c9   Thumb Code    18  stm32f1xx_hal_gpio.o(i.HAL_GPIO_EXTI_IRQHandler)
    HAL_GPIO_Init                            0x080006e1   Thumb Code   426  stm32f1xx_hal_gpio.o(i.HAL_GPIO_Init)
    HAL_GPIO_ReadPin                         0x080008ad   Thumb Code    10  stm32f1xx_hal_gpio.o(i.HAL_GPIO_ReadPin)
    HAL_GPIO_TogglePin                       0x080008b7   Thumb Code    14  stm32f1xx_hal_gpio.o(i.HAL_GPIO_TogglePin)
    HAL_GPIO_WritePin                        0x080008c5   Thumb Code    10  stm32f1xx_hal_gpio.o(i.HAL_GPIO_WritePin)
    HAL_GetTick                              0x080008d1   Thumb Code     6  stm32f1xx_hal.o(i.HAL_GetTick)
    HAL_IncTick                              0x080008dd   Thumb Code    12  stm32f1xx_hal.o(i.HAL_IncTick)
    HAL_Init                                 0x080008ed   Thumb Code    32  stm32f1xx_hal.o(i.HAL_Init)
    HAL_InitTick                             0x08000911   Thumb Code    54  stm32f1xx_hal.o(i.HAL_InitTick)
    HAL_MspInit                              0x08000951   Thumb Code    52  stm32f1xx_hal_msp.o(i.HAL_MspInit)
    HAL_NVIC_EnableIRQ                       0x0800098d   Thumb Code    26  stm32f1xx_hal_cortex.o(i.HAL_NVIC_EnableIRQ)
    HAL_NVIC_SetPriority                     0x080009a9   Thumb Code    60  stm32f1xx_hal_cortex.o(i.HAL_NVIC_SetPriority)
    HAL_NVIC_SetPriorityGrouping             0x080009e9   Thumb Code    26  stm32f1xx_hal_cortex.o(i.HAL_NVIC_SetPriorityGrouping)
    HAL_PCDEx_PMAConfig                      0x08000a0d   Thumb Code    52  stm32f1xx_hal_pcd_ex.o(i.HAL_PCDEx_PMAConfig)
    HAL_PCDEx_SetConnectionState             0x08000a41   Thumb Code     2  usbd_conf.o(i.HAL_PCDEx_SetConnectionState)
    HAL_PCD_DataInStageCallback              0x08000a43   Thumb Code    14  usbd_conf.o(i.HAL_PCD_DataInStageCallback)
    HAL_PCD_DataOutStageCallback             0x08000a51   Thumb Code    16  usbd_conf.o(i.HAL_PCD_DataOutStageCallback)
    HAL_PCD_EP_Close                         0x08000a61   Thumb Code    72  stm32f1xx_hal_pcd.o(i.HAL_PCD_EP_Close)
    HAL_PCD_EP_ClrStall                      0x08000aa9   Thumb Code    88  stm32f1xx_hal_pcd.o(i.HAL_PCD_EP_ClrStall)
    HAL_PCD_EP_GetRxCount                    0x08000b01   Thumb Code    14  stm32f1xx_hal_pcd.o(i.HAL_PCD_EP_GetRxCount)
    HAL_PCD_EP_Open                          0x08000b0f   Thumb Code    92  stm32f1xx_hal_pcd.o(i.HAL_PCD_EP_Open)
    HAL_PCD_EP_Receive                       0x08000b6b   Thumb Code    46  stm32f1xx_hal_pcd.o(i.HAL_PCD_EP_Receive)
    HAL_PCD_EP_SetStall                      0x08000b99   Thumb Code   106  stm32f1xx_hal_pcd.o(i.HAL_PCD_EP_SetStall)
    HAL_PCD_EP_Transmit                      0x08000c03   Thumb Code    42  stm32f1xx_hal_pcd.o(i.HAL_PCD_EP_Transmit)
    HAL_PCD_IRQHandler                       0x08000c2d   Thumb Code   278  stm32f1xx_hal_pcd.o(i.HAL_PCD_IRQHandler)
    HAL_PCD_Init                             0x08000d43   Thumb Code   208  stm32f1xx_hal_pcd.o(i.HAL_PCD_Init)
    HAL_PCD_MspInit                          0x08000e15   Thumb Code    50  usbd_conf.o(i.HAL_PCD_MspInit)
    HAL_PCD_ResetCallback                    0x08000e51   Thumb Code    38  usbd_conf.o(i.HAL_PCD_ResetCallback)
    HAL_PCD_ResumeCallback                   0x08000e77   Thumb Code     8  usbd_conf.o(i.HAL_PCD_ResumeCallback)
    HAL_PCD_SOFCallback                      0x08000e7f   Thumb Code     8  usbd_conf.o(i.HAL_PCD_SOFCallback)
    HAL_PCD_SetAddress                       0x08000e87   Thumb Code    40  stm32f1xx_hal_pcd.o(i.HAL_PCD_SetAddress)
    HAL_PCD_SetupStageCallback               0x08000eaf   Thumb Code    14  usbd_conf.o(i.HAL_PCD_SetupStageCallback)
    HAL_PCD_Start                            0x08000ebd   Thumb Code    50  stm32f1xx_hal_pcd.o(i.HAL_PCD_Start)
    HAL_PCD_SuspendCallback                  0x08000ef1   Thumb Code    30  usbd_conf.o(i.HAL_PCD_SuspendCallback)
    HAL_RCCEx_PeriphCLKConfig                0x08000f15   Thumb Code   220  stm32f1xx_hal_rcc_ex.o(i.HAL_RCCEx_PeriphCLKConfig)
    HAL_RCC_ClockConfig                      0x08000ffd   Thumb Code   292  stm32f1xx_hal_rcc.o(i.HAL_RCC_ClockConfig)
    HAL_RCC_GetSysClockFreq                  0x08001135   Thumb Code    74  stm32f1xx_hal_rcc.o(i.HAL_RCC_GetSysClockFreq)
    HAL_RCC_OscConfig                        0x080011a1   Thumb Code   770  stm32f1xx_hal_rcc.o(i.HAL_RCC_OscConfig)
    HAL_SPI_Init                             0x080014b9   Thumb Code   124  stm32f1xx_hal_spi.o(i.HAL_SPI_Init)
    HAL_SPI_MspInit                          0x08001535   Thumb Code    98  spi.o(i.HAL_SPI_MspInit)
    HAL_SPI_Receive                          0x080015a5   Thumb Code   330  stm32f1xx_hal_spi.o(i.HAL_SPI_Receive)
    HAL_SPI_Transmit                         0x080016ef   Thumb Code   350  stm32f1xx_hal_spi.o(i.HAL_SPI_Transmit)
    HAL_SPI_TransmitReceive                  0x0800184d   Thumb Code   474  stm32f1xx_hal_spi.o(i.HAL_SPI_TransmitReceive)
    HAL_SYSTICK_Config                       0x08001a27   Thumb Code    40  stm32f1xx_hal_cortex.o(i.HAL_SYSTICK_Config)
    HAL_TIMEx_BreakCallback                  0x08001a4f   Thumb Code     2  stm32f1xx_hal_tim_ex.o(i.HAL_TIMEx_BreakCallback)
    HAL_TIMEx_CommutCallback                 0x08001a51   Thumb Code     2  stm32f1xx_hal_tim_ex.o(i.HAL_TIMEx_CommutCallback)
    HAL_TIMEx_ConfigBreakDeadTime            0x08001a53   Thumb Code    84  stm32f1xx_hal_tim_ex.o(i.HAL_TIMEx_ConfigBreakDeadTime)
    HAL_TIMEx_MasterConfigSynchronization    0x08001aa7   Thumb Code    66  stm32f1xx_hal_tim_ex.o(i.HAL_TIMEx_MasterConfigSynchronization)
    HAL_TIM_Base_Init                        0x08001ae9   Thumb Code    54  stm32f1xx_hal_tim.o(i.HAL_TIM_Base_Init)
    HAL_TIM_Base_MspInit                     0x08001b21   Thumb Code   102  tim.o(i.HAL_TIM_Base_MspInit)
    HAL_TIM_Base_Start_IT                    0x08001b95   Thumb Code    34  stm32f1xx_hal_tim.o(i.HAL_TIM_Base_Start_IT)
    HAL_TIM_ConfigClockSource                0x08001bb7   Thumb Code   214  stm32f1xx_hal_tim.o(i.HAL_TIM_ConfigClockSource)
    HAL_TIM_IC_CaptureCallback               0x08001c8d   Thumb Code     2  stm32f1xx_hal_tim.o(i.HAL_TIM_IC_CaptureCallback)
    HAL_TIM_IRQHandler                       0x08001c8f   Thumb Code   358  stm32f1xx_hal_tim.o(i.HAL_TIM_IRQHandler)
    HAL_TIM_MspPostInit                      0x08001df5   Thumb Code    64  tim.o(i.HAL_TIM_MspPostInit)
    HAL_TIM_OC_DelayElapsedCallback          0x08001e41   Thumb Code     2  stm32f1xx_hal_tim.o(i.HAL_TIM_OC_DelayElapsedCallback)
    HAL_TIM_PWM_ConfigChannel                0x08001e43   Thumb Code   208  stm32f1xx_hal_tim.o(i.HAL_TIM_PWM_ConfigChannel)
    HAL_TIM_PWM_Init                         0x08001f13   Thumb Code    54  stm32f1xx_hal_tim.o(i.HAL_TIM_PWM_Init)
    HAL_TIM_PWM_MspInit                      0x08001f49   Thumb Code     2  stm32f1xx_hal_tim.o(i.HAL_TIM_PWM_MspInit)
    HAL_TIM_PWM_PulseFinishedCallback        0x08001f4b   Thumb Code     2  stm32f1xx_hal_tim.o(i.HAL_TIM_PWM_PulseFinishedCallback)
    HAL_TIM_PWM_Start_IT                     0x08001f4d   Thumb Code   102  stm32f1xx_hal_tim.o(i.HAL_TIM_PWM_Start_IT)
    HAL_TIM_PWM_Stop_IT                      0x08001fb9   Thumb Code   122  stm32f1xx_hal_tim.o(i.HAL_TIM_PWM_Stop_IT)
    HAL_TIM_PeriodElapsedCallback            0x08002039   Thumb Code     2  stm32f1xx_hal_tim.o(i.HAL_TIM_PeriodElapsedCallback)
    HAL_TIM_TriggerCallback                  0x0800203b   Thumb Code     2  stm32f1xx_hal_tim.o(i.HAL_TIM_TriggerCallback)
    HardFault_Handler                        0x0800203d   Thumb Code     2  stm32f1xx_it.o(i.HardFault_Handler)
    ITM_SendChar                             0x08002041   Thumb Code    32  retarget_io.o(i.ITM_SendChar)
    MX_CRC_Init                              0x0800209d   Thumb Code    28  crc.o(i.MX_CRC_Init)
    MX_GPIO_Init                             0x080020c1   Thumb Code   176  gpio.o(i.MX_GPIO_Init)
    MX_SPI1_Init                             0x08002181   Thumb Code    62  spi.o(i.MX_SPI1_Init)
    MX_TIM1_Init                             0x080021c9   Thumb Code   194  tim.o(i.MX_TIM1_Init)
    MX_TIM4_Init                             0x08002295   Thumb Code    96  tim.o(i.MX_TIM4_Init)
    MX_USB_DEVICE_Init                       0x080022fd   Thumb Code    66  usb_device.o(i.MX_USB_DEVICE_Init)
    MemManage_Handler                        0x08002351   Thumb Code     2  stm32f1xx_it.o(i.MemManage_Handler)
    NMI_Handler                              0x08002353   Thumb Code     2  stm32f1xx_it.o(i.NMI_Handler)
    NRF24_FlushRX                            0x08002355   Thumb Code    52  nrf24.o(i.NRF24_FlushRX)
    NRF24_FlushTX                            0x08002395   Thumb Code    52  nrf24.o(i.NRF24_FlushTX)
    NRF24_Get_State                          0x080023d5   Thumb Code   350  nrf24.o(i.NRF24_Get_State)
    NRF24_IRQ_Callback                       0x08002649   Thumb Code   156  nrf24.o(i.NRF24_IRQ_Callback)
    NRF24_Init                               0x0800273d   Thumb Code   626  nrf24.o(i.NRF24_Init)
    NRF24_RX_Mode                            0x08002af1   Thumb Code    66  nrf24.o(i.NRF24_RX_Mode)
    NRF24_ReadReg                            0x08002b3d   Thumb Code    86  nrf24.o(i.NRF24_ReadReg)
    NRF24_Read_Buf                           0x08002b9d   Thumb Code    58  nrf24.o(i.NRF24_Read_Buf)
    NRF24_Send                               0x08002be1   Thumb Code    78  nrf24.o(i.NRF24_Send)
    NRF24_TX_Mode                            0x08002c35   Thumb Code    46  nrf24.o(i.NRF24_TX_Mode)
    NRF24_ToggleFeatures                     0x08002c6d   Thumb Code    72  nrf24.o(i.NRF24_ToggleFeatures)
    NRF24_Transmit                           0x08002cc1   Thumb Code    92  nrf24.o(i.NRF24_Transmit)
    NRF24_WriteReg                           0x08002d25   Thumb Code    66  nrf24.o(i.NRF24_WriteReg)
    NRF24_Write_Buf                          0x08002d71   Thumb Code    76  nrf24.o(i.NRF24_Write_Buf)
    PendSV_Handler                           0x08003075   Thumb Code     2  stm32f1xx_it.o(i.PendSV_Handler)
    SVC_Handler                              0x08003187   Thumb Code     2  stm32f1xx_it.o(i.SVC_Handler)
    SysTick_Handler                          0x08003189   Thumb Code     4  stm32f1xx_it.o(i.SysTick_Handler)
    SystemClock_Config                       0x0800318d   Thumb Code   112  main.o(i.SystemClock_Config)
    SystemInit                               0x080031fd   Thumb Code    56  system_stm32f1xx.o(i.SystemInit)
    TIM1_CC_IRQHandler                       0x08003245   Thumb Code     6  stm32f1xx_it.o(i.TIM1_CC_IRQHandler)
    TIM1_UP_IRQHandler                       0x08003251   Thumb Code     6  stm32f1xx_it.o(i.TIM1_UP_IRQHandler)
    TIM4_IRQHandler                          0x0800325d   Thumb Code    72  stm32f1xx_it.o(i.TIM4_IRQHandler)
    TIM_Base_SetConfig                       0x080032c5   Thumb Code    94  stm32f1xx_hal_tim.o(i.TIM_Base_SetConfig)
    TIM_CCxChannelCmd                        0x08003331   Thumb Code    26  stm32f1xx_hal_tim.o(i.TIM_CCxChannelCmd)
    TIM_ETR_SetConfig                        0x0800334b   Thumb Code    20  stm32f1xx_hal_tim.o(i.TIM_ETR_SetConfig)
    TIM_OC2_SetConfig                        0x080033c9   Thumb Code    86  stm32f1xx_hal_tim.o(i.TIM_OC2_SetConfig)
    USBD_CDC_GetDeviceQualifierDescriptor    0x080035e5   Thumb Code     8  usbd_cdc.o(i.USBD_CDC_GetDeviceQualifierDescriptor)
    USBD_CDC_ReceivePacket                   0x080036a9   Thumb Code    40  usbd_cdc.o(i.USBD_CDC_ReceivePacket)
    USBD_CDC_RegisterInterface               0x080036d1   Thumb Code    16  usbd_cdc.o(i.USBD_CDC_RegisterInterface)
    USBD_CDC_SetRxBuffer                     0x080036e1   Thumb Code    12  usbd_cdc.o(i.USBD_CDC_SetRxBuffer)
    USBD_CDC_SetTxBuffer                     0x080036ed   Thumb Code    16  usbd_cdc.o(i.USBD_CDC_SetTxBuffer)
    USBD_CDC_TransmitPacket                  0x080037a9   Thumb Code    54  usbd_cdc.o(i.USBD_CDC_TransmitPacket)
    USBD_ClrClassConfig                      0x080037df   Thumb Code    14  usbd_core.o(i.USBD_ClrClassConfig)
    USBD_CtlContinueRx                       0x080037ed   Thumb Code    16  usbd_ioreq.o(i.USBD_CtlContinueRx)
    USBD_CtlContinueSendData                 0x080037fd   Thumb Code    16  usbd_ioreq.o(i.USBD_CtlContinueSendData)
    USBD_CtlError                            0x0800380d   Thumb Code    22  usbd_ctlreq.o(i.USBD_CtlError)
    USBD_CtlPrepareRx                        0x08003823   Thumb Code    30  usbd_ioreq.o(i.USBD_CtlPrepareRx)
    USBD_CtlReceiveStatus                    0x08003841   Thumb Code    22  usbd_ioreq.o(i.USBD_CtlReceiveStatus)
    USBD_CtlSendData                         0x08003857   Thumb Code    26  usbd_ioreq.o(i.USBD_CtlSendData)
    USBD_CtlSendStatus                       0x08003871   Thumb Code    22  usbd_ioreq.o(i.USBD_CtlSendStatus)
    USBD_FS_ConfigStrDescriptor              0x08003889   Thumb Code    16  usbd_desc.o(i.USBD_FS_ConfigStrDescriptor)
    USBD_FS_DeviceDescriptor                 0x080038a9   Thumb Code     8  usbd_desc.o(i.USBD_FS_DeviceDescriptor)
    USBD_FS_InterfaceStrDescriptor           0x080038b5   Thumb Code    16  usbd_desc.o(i.USBD_FS_InterfaceStrDescriptor)
    USBD_FS_LangIDStrDescriptor              0x080038d9   Thumb Code     8  usbd_desc.o(i.USBD_FS_LangIDStrDescriptor)
    USBD_FS_ManufacturerStrDescriptor        0x080038e5   Thumb Code    16  usbd_desc.o(i.USBD_FS_ManufacturerStrDescriptor)
    USBD_FS_ProductStrDescriptor             0x0800390d   Thumb Code    16  usbd_desc.o(i.USBD_FS_ProductStrDescriptor)
    USBD_FS_SerialStrDescriptor              0x08003931   Thumb Code    48  usbd_desc.o(i.USBD_FS_SerialStrDescriptor)
    USBD_GetString                           0x08003a51   Thumb Code    72  usbd_ctlreq.o(i.USBD_GetString)
    USBD_Init                                0x08003ab1   Thumb Code    42  usbd_core.o(i.USBD_Init)
    USBD_LL_ClearStallEP                     0x08003adb   Thumb Code    18  usbd_conf.o(i.USBD_LL_ClearStallEP)
    USBD_LL_CloseEP                          0x08003aed   Thumb Code    18  usbd_conf.o(i.USBD_LL_CloseEP)
    USBD_LL_DataInStage                      0x08003aff   Thumb Code   198  usbd_core.o(i.USBD_LL_DataInStage)
    USBD_LL_DataOutStage                     0x08003bc5   Thumb Code   130  usbd_core.o(i.USBD_LL_DataOutStage)
    USBD_LL_GetRxDataSize                    0x08003c47   Thumb Code     8  usbd_conf.o(i.USBD_LL_GetRxDataSize)
    USBD_LL_Init                             0x08003c51   Thumb Code   118  usbd_conf.o(i.USBD_LL_Init)
    USBD_LL_IsStallEP                        0x08003cd1   Thumb Code    28  usbd_conf.o(i.USBD_LL_IsStallEP)
    USBD_LL_OpenEP                           0x08003ced   Thumb Code    24  usbd_conf.o(i.USBD_LL_OpenEP)
    USBD_LL_PrepareReceive                   0x08003d05   Thumb Code    18  usbd_conf.o(i.USBD_LL_PrepareReceive)
    USBD_LL_Reset                            0x08003d17   Thumb Code    80  usbd_core.o(i.USBD_LL_Reset)
    USBD_LL_Resume                           0x08003d67   Thumb Code    20  usbd_core.o(i.USBD_LL_Resume)
    USBD_LL_SOF                              0x08003d7b   Thumb Code    24  usbd_core.o(i.USBD_LL_SOF)
    USBD_LL_SetSpeed                         0x08003d93   Thumb Code     6  usbd_core.o(i.USBD_LL_SetSpeed)
    USBD_LL_SetUSBAddress                    0x08003d99   Thumb Code    18  usbd_conf.o(i.USBD_LL_SetUSBAddress)
    USBD_LL_SetupStage                       0x08003dab   Thumb Code    90  usbd_core.o(i.USBD_LL_SetupStage)
    USBD_LL_StallEP                          0x08003e05   Thumb Code    18  usbd_conf.o(i.USBD_LL_StallEP)
    USBD_LL_Start                            0x08003e17   Thumb Code    18  usbd_conf.o(i.USBD_LL_Start)
    USBD_LL_Suspend                          0x08003e29   Thumb Code    18  usbd_core.o(i.USBD_LL_Suspend)
    USBD_LL_Transmit                         0x08003e3b   Thumb Code    18  usbd_conf.o(i.USBD_LL_Transmit)
    USBD_ParseSetupRequest                   0x08003e4d   Thumb Code    40  usbd_ctlreq.o(i.USBD_ParseSetupRequest)
    USBD_RegisterClass                       0x08003e75   Thumb Code    16  usbd_core.o(i.USBD_RegisterClass)
    USBD_SetClassConfig                      0x08003e85   Thumb Code    22  usbd_core.o(i.USBD_SetClassConfig)
    USBD_Start                               0x08003f21   Thumb Code    10  usbd_core.o(i.USBD_Start)
    USBD_StdDevReq                           0x08003f2b   Thumb Code   274  usbd_ctlreq.o(i.USBD_StdDevReq)
    USBD_StdEPReq                            0x0800403d   Thumb Code   336  usbd_ctlreq.o(i.USBD_StdEPReq)
    USBD_StdItfReq                           0x0800418d   Thumb Code    78  usbd_ctlreq.o(i.USBD_StdItfReq)
    USBD_static_free                         0x080041db   Thumb Code     2  usbd_conf.o(i.USBD_static_free)
    USBD_static_malloc                       0x080041dd   Thumb Code     4  usbd_conf.o(i.USBD_static_malloc)
    USB_ActivateEndpoint                     0x080041e5   Thumb Code   656  stm32f1xx_ll_usb.o(i.USB_ActivateEndpoint)
    USB_CoreInit                             0x08004475   Thumb Code     4  stm32f1xx_ll_usb.o(i.USB_CoreInit)
    USB_DeactivateEndpoint                   0x08004479   Thumb Code   272  stm32f1xx_ll_usb.o(i.USB_DeactivateEndpoint)
    USB_DevConnect                           0x08004589   Thumb Code     4  stm32f1xx_ll_usb.o(i.USB_DevConnect)
    USB_DevDisconnect                        0x0800458d   Thumb Code     4  stm32f1xx_ll_usb.o(i.USB_DevDisconnect)
    USB_DevInit                              0x08004591   Thumb Code    30  stm32f1xx_ll_usb.o(i.USB_DevInit)
    USB_DisableGlobalInt                     0x080045af   Thumb Code    14  stm32f1xx_ll_usb.o(i.USB_DisableGlobalInt)
    USB_EP0_OutStart                         0x080045bd   Thumb Code     4  stm32f1xx_ll_usb.o(i.USB_EP0_OutStart)
    USB_EPClearStall                         0x080045c1   Thumb Code   116  stm32f1xx_ll_usb.o(i.USB_EPClearStall)
    USB_EPSetStall                           0x08004635   Thumb Code    50  stm32f1xx_ll_usb.o(i.USB_EPSetStall)
    USB_EPStartXfer                          0x08004667   Thumb Code   412  stm32f1xx_ll_usb.o(i.USB_EPStartXfer)
    USB_EnableGlobalInt                      0x08004803   Thumb Code    14  stm32f1xx_ll_usb.o(i.USB_EnableGlobalInt)
    USB_LP_CAN1_RX0_IRQHandler               0x08004811   Thumb Code     6  stm32f1xx_it.o(i.USB_LP_CAN1_RX0_IRQHandler)
    USB_ReadInterrupts                       0x0800481d   Thumb Code     6  stm32f1xx_ll_usb.o(i.USB_ReadInterrupts)
    USB_ReadPMA                              0x08004823   Thumb Code    42  stm32f1xx_ll_usb.o(i.USB_ReadPMA)
    USB_SetCurrentMode                       0x0800484d   Thumb Code     4  stm32f1xx_ll_usb.o(i.USB_SetCurrentMode)
    USB_SetDevAddress                        0x08004851   Thumb Code    12  stm32f1xx_ll_usb.o(i.USB_SetDevAddress)
    USB_WritePMA                             0x0800485d   Thumb Code    38  stm32f1xx_ll_usb.o(i.USB_WritePMA)
    UsageFault_Handler                       0x08004883   Thumb Code     2  stm32f1xx_it.o(i.UsageFault_Handler)
    WL_Check_Addr                            0x08004885   Thumb Code   142  wireless_ctrl.o(i.WL_Check_Addr)
    WL_Get_Packet                            0x08004931   Thumb Code   368  wireless_ctrl.o(i.WL_Get_Packet)
    WL_Get_Var                               0x08004bd5   Thumb Code    20  wireless_ctrl.o(i.WL_Get_Var)
    WL_Handler                               0x08004bed   Thumb Code   236  wireless_ctrl.o(i.WL_Handler)
    WL_Packet_Handler                        0x08004dd1   Thumb Code   162  wireless_ctrl.o(i.WL_Packet_Handler)
    WL_Send_Packet                           0x08004eb9   Thumb Code   388  wireless_ctrl.o(i.WL_Send_Packet)
    WL_Set_Var                               0x08005141   Thumb Code    12  wireless_ctrl.o(i.WL_Set_Var)
    __0printf$8                              0x08005151   Thumb Code    22  printf8.o(i.__0printf$8)
    __1printf$8                              0x08005151   Thumb Code     0  printf8.o(i.__0printf$8)
    __2printf                                0x08005151   Thumb Code     0  printf8.o(i.__0printf$8)
    __0sprintf$8                             0x08005171   Thumb Code    34  printf8.o(i.__0sprintf$8)
    __1sprintf$8                             0x08005171   Thumb Code     0  printf8.o(i.__0sprintf$8)
    __2sprintf                               0x08005171   Thumb Code     0  printf8.o(i.__0sprintf$8)
    __aeabi_errno_addr                       0x080051b9   Thumb Code     4  errno.o(i.__aeabi_errno_addr)
    __rt_errno_addr                          0x080051b9   Thumb Code     0  errno.o(i.__aeabi_errno_addr)
    __scatterload_copy                       0x080051c1   Thumb Code    14  handlers.o(i.__scatterload_copy)
    __scatterload_null                       0x080051cf   Thumb Code     2  handlers.o(i.__scatterload_null)
    __scatterload_zeroinit                   0x080051d1   Thumb Code    14  handlers.o(i.__scatterload_zeroinit)
    add_packet                               0x0800564d   Thumb Code   128  wireless_ctrl.o(i.add_packet)
    fputc                                    0x080056f5   Thumb Code    16  retarget_io.o(i.fputc)
    free                                     0x08005709   Thumb Code    76  malloc.o(i.free)
    get_packet                               0x08005759   Thumb Code    34  wireless_ctrl.o(i.get_packet)
    main                                     0x08005781   Thumb Code   478  main.o(i.main)
    malloc                                   0x080059f1   Thumb Code    92  malloc.o(i.malloc)
    parseCommand                             0x08005a5d   Thumb Code   610  uart_cmd_parser.o(i.parseCommand)
    remove_packet                            0x08005e95   Thumb Code   126  wireless_ctrl.o(i.remove_packet)
    strtodec                                 0x08005f41   Thumb Code    34  uart_cmd_parser.o(i.strtodec)
    uartInit                                 0x08005f65   Thumb Code  1298  uart_cmd_parser.o(i.uartInit)
    AHBPrescTable                            0x080065d4   Data          16  system_stm32f1xx.o(.constdata)
    __ctype_table                            0x080065e4   Data         129  ctype_o.o(.constdata)
    Region$$Table$$Base                      0x080066e4   Number         0  anon$$obj.o(Region$$Table)
    Region$$Table$$Limit                     0x08006704   Number         0  anon$$obj.o(Region$$Table)
    nrf_rx_flag                              0x20000000   Data           1  nrf24.o(.data)
    nrf_tx_flag                              0x20000001   Data           1  nrf24.o(.data)
    nrf_tx_fail                              0x20000002   Data           1  nrf24.o(.data)
    NRF_DBG_PRINT_F                          0x20000003   Data           1  nrf24.o(.data)
    dt_reg                                   0x20000004   Data           1  nrf24.o(.data)
    NRF_TX_ADDR                              0x20000005   Data           3  nrf24.o(.data)
    NRF_RX_ADDR                              0x20000008   Data           3  nrf24.o(.data)
    NRF_RF_CH                                0x2000000b   Data           1  nrf24.o(.data)
    pack_cnt                                 0x2000000c   Data           1  wireless_ctrl.o(.data)
    packet_handler_timer                     0x2000000e   Data           2  wireless_ctrl.o(.data)
    pack_info                                0x20000010   Data           4  wireless_ctrl.o(.data)
    nrf_init_state                           0x20000014   Data           1  main.o(.data)
    pump_fail_f                              0x20000015   Data           1  main.o(.data)
    beep_f                                   0x20000016   Data           1  main.o(.data)
    reset_f                                  0x20000017   Data           1  main.o(.data)
    beep_on_timer                            0x20000018   Data           2  main.o(.data)
    pump_on_timer                            0x2000001c   Data           4  main.o(.data)
    reset_timer                              0x20000020   Data           4  main.o(.data)
    hcrc                                     0x20000024   Data           8  crc.o(.data)
    FS_Desc                                  0x2000002c   Data          28  usbd_desc.o(.data)
    USBD_LangIDDesc                          0x20000048   Data           4  usbd_desc.o(.data)
    USBD_FS_DeviceDesc                       0x2000004c   Data          18  usbd_desc.o(.data)
    USBD_StringSerial                        0x20000060   Data          26  usbd_desc.o(.data)
    vcp_rx_flag                              0x2000007a   Data           1  usbd_cdc_if.o(.data)
    USBD_Interface_fops_FS                   0x20000080   Data          16  usbd_cdc_if.o(.data)
    SystemCoreClock                          0x20000090   Data           4  system_stm32f1xx.o(.data)
    uwTickFreq                               0x20000094   Data           1  stm32f1xx_hal.o(.data)
    uwTickPrio                               0x20000098   Data           4  stm32f1xx_hal.o(.data)
    uwTick                                   0x2000009c   Data           4  stm32f1xx_hal.o(.data)
    USBD_CDC_CfgHSDesc                       0x200000b0   Data          67  usbd_cdc.o(.data)
    USBD_CDC_CfgFSDesc                       0x200000f4   Data          67  usbd_cdc.o(.data)
    USBD_CDC_OtherSpeedCfgDesc               0x20000138   Data          67  usbd_cdc.o(.data)
    USBD_CDC                                 0x2000017c   Data          56  usbd_cdc.o(.data)
    __stdout                                 0x200001b4   Data           4  stdout.o(.data)
    __microlib_freelist                      0x200001b8   Data           4  mvars.o(.data)
    __microlib_freelist_initialised          0x200001bc   Data           4  mvars.o(.data)
    NRF_RX_BUF                               0x200001c4   Data          13  nrf24.o(.bss)
    dbg_str                                  0x200001d1   Data          64  nrf24.o(.bss)
    TX_packet                                0x20000214   Data          12  wireless_ctrl.o(.bss)
    RX_packet                                0x20000220   Data          12  wireless_ctrl.o(.bss)
    str                                      0x2000022c   Data          32  wireless_ctrl.o(.bss)
    hspi1                                    0x2000024c   Data          88  spi.o(.bss)
    htim1                                    0x200002a4   Data          64  tim.o(.bss)
    htim4                                    0x200002e4   Data          64  tim.o(.bss)
    hUsbDeviceFS                             0x20000324   Data         708  usb_device.o(.bss)
    hpcd_USB_FS                              0x20000808   Data         620  usbd_conf.o(.bss)
    USBD_StrDesc                             0x20000a74   Data         256  usbd_desc.o(.bss)
    vcp_csi_buf                              0x20000b74   Data          16  usbd_cdc_if.o(.bss)
    vcp_rx_buf                               0x20000b84   Data          64  usbd_cdc_if.o(.bss)
    UserRxBufferFS                           0x20000bc4   Data          64  usbd_cdc_if.o(.bss)
    UserTxBufferFS                           0x20000c04   Data          64  usbd_cdc_if.o(.bss)
    __heap_base                              0x20000c48   Data           0  startup_stm32f103xb.o(HEAP)
    __heap_limit                             0x20001448   Data           0  startup_stm32f103xb.o(HEAP)
    __initial_sp                             0x20001c48   Data           0  startup_stm32f103xb.o(STACK)



==============================================================================

Memory Map of the image

  Image Entry point : 0x080000ed

  Load Region LR_IROM1 (Base: 0x08000000, Size: 0x000068c8, Max: 0x00010000, ABSOLUTE, COMPRESSED[0x000067d0])

    Execution Region ER_IROM1 (Exec base: 0x08000000, Load base: 0x08000000, Size: 0x00006704, Max: 0x00010000, ABSOLUTE)

    Exec Addr    Load Addr    Size         Type   Attr      Idx    E Section Name        Object

    0x08000000   0x08000000   0x000000ec   Data   RO            3    RESET               startup_stm32f103xb.o
    0x080000ec   0x080000ec   0x00000000   Code   RO         4415  * .ARM.Collect$$$$00000000  mc_w.l(entry.o)
    0x080000ec   0x080000ec   0x00000004   Code   RO         4727    .ARM.Collect$$$$00000001  mc_w.l(entry2.o)
    0x080000f0   0x080000f0   0x00000004   Code   RO         4730    .ARM.Collect$$$$00000004  mc_w.l(entry5.o)
    0x080000f4   0x080000f4   0x00000000   Code   RO         4732    .ARM.Collect$$$$00000008  mc_w.l(entry7b.o)
    0x080000f4   0x080000f4   0x00000000   Code   RO         4734    .ARM.Collect$$$$0000000A  mc_w.l(entry8b.o)
    0x080000f4   0x080000f4   0x00000008   Code   RO         4735    .ARM.Collect$$$$0000000B  mc_w.l(entry9a.o)
    0x080000fc   0x080000fc   0x00000000   Code   RO         4737    .ARM.Collect$$$$0000000D  mc_w.l(entry10a.o)
    0x080000fc   0x080000fc   0x00000000   Code   RO         4739    .ARM.Collect$$$$0000000F  mc_w.l(entry11a.o)
    0x080000fc   0x080000fc   0x00000004   Code   RO         4728    .ARM.Collect$$$$00002712  mc_w.l(entry2.o)
    0x08000100   0x08000100   0x00000024   Code   RO            4    .text               startup_stm32f103xb.o
    0x08000124   0x08000124   0x00000020   Code   RO         4424    .text               mc_w.l(llushr.o)
    0x08000144   0x08000144   0x00000024   Code   RO         4426    .text               mc_w.l(memcpya.o)
    0x08000168   0x08000168   0x00000024   Code   RO         4428    .text               mc_w.l(memseta.o)
    0x0800018c   0x0800018c   0x0000000e   Code   RO         4430    .text               mc_w.l(strlen.o)
    0x0800019a   0x0800019a   0x0000001e   Code   RO         4432    .text               mc_w.l(strncmp.o)
    0x080001b8   0x080001b8   0x00000070   Code   RO         4725    .text               mc_w.l(strtol.o)
    0x08000228   0x08000228   0x00000062   Code   RO         4743    .text               mc_w.l(uldiv.o)
    0x0800028a   0x0800028a   0x00000002   PAD
    0x0800028c   0x0800028c   0x00000008   Code   RO         4745    .text               mc_w.l(ctype_o.o)
    0x08000294   0x08000294   0x0000009e   Code   RO         4782    .text               mc_w.l(_strtoul.o)
    0x08000332   0x08000332   0x00000002   PAD
    0x08000334   0x08000334   0x00000024   Code   RO         4795    .text               mc_w.l(init.o)
    0x08000358   0x08000358   0x0000001e   Code   RO         4797    .text               mc_w.l(llshl.o)
    0x08000376   0x08000376   0x0000001c   Code   RO         4801    .text               mc_w.l(_chval.o)
    0x08000392   0x08000392   0x00000056   Code   RO         4813    .text               mc_w.l(__dczerorl2.o)
    0x080003e8   0x080003e8   0x00000002   Code   RO         1035    i.BusFault_Handler  stm32f1xx_it.o
    0x080003ea   0x080003ea   0x00000028   Code   RO          983    i.CDC_Control_FS    usbd_cdc_if.o
    0x08000412   0x08000412   0x00000004   Code   RO          984    i.CDC_DeInit_FS     usbd_cdc_if.o
    0x08000416   0x08000416   0x00000002   PAD
    0x08000418   0x08000418   0x00000024   Code   RO          985    i.CDC_Init_FS       usbd_cdc_if.o
    0x0800043c   0x0800043c   0x000000a0   Code   RO          986    i.CDC_Receive_FS    usbd_cdc_if.o
    0x080004dc   0x080004dc   0x0000002c   Code   RO          987    i.CDC_Transmit_FS   usbd_cdc_if.o
    0x08000508   0x08000508   0x00000002   Code   RO         1036    i.DebugMon_Handler  stm32f1xx_it.o
    0x0800050a   0x0800050a   0x00000002   PAD
    0x0800050c   0x0800050c   0x00000028   Code   RO           13    i.DelayMicro        nrf24.o
    0x08000534   0x08000534   0x00000010   Code   RO         1037    i.EXTI0_IRQHandler  stm32f1xx_it.o
    0x08000544   0x08000544   0x00000002   Code   RO          412    i.Error_Handler     main.o
    0x08000546   0x08000546   0x0000002e   Code   RO         2669    i.HAL_CRC_Calculate  stm32f1xx_hal_crc.o
    0x08000574   0x08000574   0x00000022   Code   RO         2672    i.HAL_CRC_Init      stm32f1xx_hal_crc.o
    0x08000596   0x08000596   0x00000002   PAD
    0x08000598   0x08000598   0x00000028   Code   RO          490    i.HAL_CRC_MspInit   crc.o
    0x080005c0   0x080005c0   0x00000024   Code   RO         1700    i.HAL_Delay         stm32f1xx_hal.o
    0x080005e4   0x080005e4   0x000000e0   Code   RO         2005    i.HAL_GPIO_DeInit   stm32f1xx_hal_gpio.o
    0x080006c4   0x080006c4   0x00000002   Code   RO         2006    i.HAL_GPIO_EXTI_Callback  stm32f1xx_hal_gpio.o
    0x080006c6   0x080006c6   0x00000002   PAD
    0x080006c8   0x080006c8   0x00000018   Code   RO         2007    i.HAL_GPIO_EXTI_IRQHandler  stm32f1xx_hal_gpio.o
    0x080006e0   0x080006e0   0x000001cc   Code   RO         2008    i.HAL_GPIO_Init     stm32f1xx_hal_gpio.o
    0x080008ac   0x080008ac   0x0000000a   Code   RO         2010    i.HAL_GPIO_ReadPin  stm32f1xx_hal_gpio.o
    0x080008b6   0x080008b6   0x0000000e   Code   RO         2011    i.HAL_GPIO_TogglePin  stm32f1xx_hal_gpio.o
    0x080008c4   0x080008c4   0x0000000a   Code   RO         2012    i.HAL_GPIO_WritePin  stm32f1xx_hal_gpio.o
    0x080008ce   0x080008ce   0x00000002   PAD
    0x080008d0   0x080008d0   0x0000000c   Code   RO         1704    i.HAL_GetTick       stm32f1xx_hal.o
    0x080008dc   0x080008dc   0x00000010   Code   RO         1710    i.HAL_IncTick       stm32f1xx_hal.o
    0x080008ec   0x080008ec   0x00000024   Code   RO         1711    i.HAL_Init          stm32f1xx_hal.o
    0x08000910   0x08000910   0x00000040   Code   RO         1712    i.HAL_InitTick      stm32f1xx_hal.o
    0x08000950   0x08000950   0x0000003c   Code   RO         1141    i.HAL_MspInit       stm32f1xx_hal_msp.o
    0x0800098c   0x0800098c   0x0000001a   Code   RO         2168    i.HAL_NVIC_EnableIRQ  stm32f1xx_hal_cortex.o
    0x080009a6   0x080009a6   0x00000002   PAD
    0x080009a8   0x080009a8   0x00000040   Code   RO         2174    i.HAL_NVIC_SetPriority  stm32f1xx_hal_cortex.o
    0x080009e8   0x080009e8   0x00000024   Code   RO         2175    i.HAL_NVIC_SetPriorityGrouping  stm32f1xx_hal_cortex.o
    0x08000a0c   0x08000a0c   0x00000034   Code   RO         1456    i.HAL_PCDEx_PMAConfig  stm32f1xx_hal_pcd_ex.o
    0x08000a40   0x08000a40   0x00000002   Code   RO          685    i.HAL_PCDEx_SetConnectionState  usbd_conf.o
    0x08000a42   0x08000a42   0x0000000e   Code   RO          687    i.HAL_PCD_DataInStageCallback  usbd_conf.o
    0x08000a50   0x08000a50   0x00000010   Code   RO          688    i.HAL_PCD_DataOutStageCallback  usbd_conf.o
    0x08000a60   0x08000a60   0x00000048   Code   RO         1248    i.HAL_PCD_EP_Close  stm32f1xx_hal_pcd.o
    0x08000aa8   0x08000aa8   0x00000058   Code   RO         1249    i.HAL_PCD_EP_ClrStall  stm32f1xx_hal_pcd.o
    0x08000b00   0x08000b00   0x0000000e   Code   RO         1251    i.HAL_PCD_EP_GetRxCount  stm32f1xx_hal_pcd.o
    0x08000b0e   0x08000b0e   0x0000005c   Code   RO         1252    i.HAL_PCD_EP_Open   stm32f1xx_hal_pcd.o
    0x08000b6a   0x08000b6a   0x0000002e   Code   RO         1253    i.HAL_PCD_EP_Receive  stm32f1xx_hal_pcd.o
    0x08000b98   0x08000b98   0x0000006a   Code   RO         1254    i.HAL_PCD_EP_SetStall  stm32f1xx_hal_pcd.o
    0x08000c02   0x08000c02   0x0000002a   Code   RO         1255    i.HAL_PCD_EP_Transmit  stm32f1xx_hal_pcd.o
    0x08000c2c   0x08000c2c   0x00000116   Code   RO         1257    i.HAL_PCD_IRQHandler  stm32f1xx_hal_pcd.o
    0x08000d42   0x08000d42   0x000000d0   Code   RO         1260    i.HAL_PCD_Init      stm32f1xx_hal_pcd.o
    0x08000e12   0x08000e12   0x00000002   PAD
    0x08000e14   0x08000e14   0x0000003c   Code   RO          693    i.HAL_PCD_MspInit   usbd_conf.o
    0x08000e50   0x08000e50   0x00000026   Code   RO          694    i.HAL_PCD_ResetCallback  usbd_conf.o
    0x08000e76   0x08000e76   0x00000008   Code   RO          695    i.HAL_PCD_ResumeCallback  usbd_conf.o
    0x08000e7e   0x08000e7e   0x00000008   Code   RO          696    i.HAL_PCD_SOFCallback  usbd_conf.o
    0x08000e86   0x08000e86   0x00000028   Code   RO         1266    i.HAL_PCD_SetAddress  stm32f1xx_hal_pcd.o
    0x08000eae   0x08000eae   0x0000000e   Code   RO          697    i.HAL_PCD_SetupStageCallback  usbd_conf.o
    0x08000ebc   0x08000ebc   0x00000032   Code   RO         1268    i.HAL_PCD_Start     stm32f1xx_hal_pcd.o
    0x08000eee   0x08000eee   0x00000002   PAD
    0x08000ef0   0x08000ef0   0x00000024   Code   RO          698    i.HAL_PCD_SuspendCallback  usbd_conf.o
    0x08000f14   0x08000f14   0x000000e8   Code   RO         1971    i.HAL_RCCEx_PeriphCLKConfig  stm32f1xx_hal_rcc_ex.o
    0x08000ffc   0x08000ffc   0x00000138   Code   RO         1868    i.HAL_RCC_ClockConfig  stm32f1xx_hal_rcc.o
    0x08001134   0x08001134   0x0000006c   Code   RO         1877    i.HAL_RCC_GetSysClockFreq  stm32f1xx_hal_rcc.o
    0x080011a0   0x080011a0   0x00000318   Code   RO         1880    i.HAL_RCC_OscConfig  stm32f1xx_hal_rcc.o
    0x080014b8   0x080014b8   0x0000007c   Code   RO         2739    i.HAL_SPI_Init      stm32f1xx_hal_spi.o
    0x08001534   0x08001534   0x00000070   Code   RO          532    i.HAL_SPI_MspInit   spi.o
    0x080015a4   0x080015a4   0x0000014a   Code   RO         2742    i.HAL_SPI_Receive   stm32f1xx_hal_spi.o
    0x080016ee   0x080016ee   0x0000015e   Code   RO         2747    i.HAL_SPI_Transmit  stm32f1xx_hal_spi.o
    0x0800184c   0x0800184c   0x000001da   Code   RO         2748    i.HAL_SPI_TransmitReceive  stm32f1xx_hal_spi.o
    0x08001a26   0x08001a26   0x00000028   Code   RO         2179    i.HAL_SYSTICK_Config  stm32f1xx_hal_cortex.o
    0x08001a4e   0x08001a4e   0x00000002   Code   RO         3727    i.HAL_TIMEx_BreakCallback  stm32f1xx_hal_tim_ex.o
    0x08001a50   0x08001a50   0x00000002   Code   RO         3728    i.HAL_TIMEx_CommutCallback  stm32f1xx_hal_tim_ex.o
    0x08001a52   0x08001a52   0x00000054   Code   RO         3730    i.HAL_TIMEx_ConfigBreakDeadTime  stm32f1xx_hal_tim_ex.o
    0x08001aa6   0x08001aa6   0x00000042   Code   RO         3745    i.HAL_TIMEx_MasterConfigSynchronization  stm32f1xx_hal_tim_ex.o
    0x08001ae8   0x08001ae8   0x00000036   Code   RO         3052    i.HAL_TIM_Base_Init  stm32f1xx_hal_tim.o
    0x08001b1e   0x08001b1e   0x00000002   PAD
    0x08001b20   0x08001b20   0x00000074   Code   RO          601    i.HAL_TIM_Base_MspInit  tim.o
    0x08001b94   0x08001b94   0x00000022   Code   RO         3057    i.HAL_TIM_Base_Start_IT  stm32f1xx_hal_tim.o
    0x08001bb6   0x08001bb6   0x000000d6   Code   RO         3061    i.HAL_TIM_ConfigClockSource  stm32f1xx_hal_tim.o
    0x08001c8c   0x08001c8c   0x00000002   Code   RO         3081    i.HAL_TIM_IC_CaptureCallback  stm32f1xx_hal_tim.o
    0x08001c8e   0x08001c8e   0x00000166   Code   RO         3095    i.HAL_TIM_IRQHandler  stm32f1xx_hal_tim.o
    0x08001df4   0x08001df4   0x0000004c   Code   RO          602    i.HAL_TIM_MspPostInit  tim.o
    0x08001e40   0x08001e40   0x00000002   Code   RO         3098    i.HAL_TIM_OC_DelayElapsedCallback  stm32f1xx_hal_tim.o
    0x08001e42   0x08001e42   0x000000d0   Code   RO         3119    i.HAL_TIM_PWM_ConfigChannel  stm32f1xx_hal_tim.o
    0x08001f12   0x08001f12   0x00000036   Code   RO         3122    i.HAL_TIM_PWM_Init  stm32f1xx_hal_tim.o
    0x08001f48   0x08001f48   0x00000002   Code   RO         3124    i.HAL_TIM_PWM_MspInit  stm32f1xx_hal_tim.o
    0x08001f4a   0x08001f4a   0x00000002   Code   RO         3125    i.HAL_TIM_PWM_PulseFinishedCallback  stm32f1xx_hal_tim.o
    0x08001f4c   0x08001f4c   0x0000006c   Code   RO         3129    i.HAL_TIM_PWM_Start_IT  stm32f1xx_hal_tim.o
    0x08001fb8   0x08001fb8   0x00000080   Code   RO         3132    i.HAL_TIM_PWM_Stop_IT  stm32f1xx_hal_tim.o
    0x08002038   0x08002038   0x00000002   Code   RO         3133    i.HAL_TIM_PeriodElapsedCallback  stm32f1xx_hal_tim.o
    0x0800203a   0x0800203a   0x00000002   Code   RO         3138    i.HAL_TIM_TriggerCallback  stm32f1xx_hal_tim.o
    0x0800203c   0x0800203c   0x00000002   Code   RO         1038    i.HardFault_Handler  stm32f1xx_it.o
    0x0800203e   0x0800203e   0x00000002   PAD
    0x08002040   0x08002040   0x00000024   Code   RO         4345    i.ITM_SendChar      retarget_io.o
    0x08002064   0x08002064   0x00000036   Code   RO          897    i.IntToUnicode      usbd_desc.o
    0x0800209a   0x0800209a   0x00000002   PAD
    0x0800209c   0x0800209c   0x00000024   Code   RO          491    i.MX_CRC_Init       crc.o
    0x080020c0   0x080020c0   0x000000c0   Code   RO          465    i.MX_GPIO_Init      gpio.o
    0x08002180   0x08002180   0x00000048   Code   RO          533    i.MX_SPI1_Init      spi.o
    0x080021c8   0x080021c8   0x000000cc   Code   RO          603    i.MX_TIM1_Init      tim.o
    0x08002294   0x08002294   0x00000068   Code   RO          604    i.MX_TIM4_Init      tim.o
    0x080022fc   0x080022fc   0x00000054   Code   RO          654    i.MX_USB_DEVICE_Init  usb_device.o
    0x08002350   0x08002350   0x00000002   Code   RO         1039    i.MemManage_Handler  stm32f1xx_it.o
    0x08002352   0x08002352   0x00000002   Code   RO         1040    i.NMI_Handler       stm32f1xx_it.o
    0x08002354   0x08002354   0x00000040   Code   RO           14    i.NRF24_FlushRX     nrf24.o
    0x08002394   0x08002394   0x00000040   Code   RO           15    i.NRF24_FlushTX     nrf24.o
    0x080023d4   0x080023d4   0x00000274   Code   RO           16    i.NRF24_Get_State   nrf24.o
    0x08002648   0x08002648   0x000000f4   Code   RO           17    i.NRF24_IRQ_Callback  nrf24.o
    0x0800273c   0x0800273c   0x000003b4   Code   RO           18    i.NRF24_Init        nrf24.o
    0x08002af0   0x08002af0   0x0000004c   Code   RO           19    i.NRF24_RX_Mode     nrf24.o
    0x08002b3c   0x08002b3c   0x00000060   Code   RO           20    i.NRF24_ReadReg     nrf24.o
    0x08002b9c   0x08002b9c   0x00000044   Code   RO           21    i.NRF24_Read_Buf    nrf24.o
    0x08002be0   0x08002be0   0x00000054   Code   RO           22    i.NRF24_Send        nrf24.o
    0x08002c34   0x08002c34   0x00000038   Code   RO           23    i.NRF24_TX_Mode     nrf24.o
    0x08002c6c   0x08002c6c   0x00000054   Code   RO           24    i.NRF24_ToggleFeatures  nrf24.o
    0x08002cc0   0x08002cc0   0x00000064   Code   RO           25    i.NRF24_Transmit    nrf24.o
    0x08002d24   0x08002d24   0x0000004c   Code   RO           26    i.NRF24_WriteReg    nrf24.o
    0x08002d70   0x08002d70   0x00000054   Code   RO           27    i.NRF24_Write_Buf   nrf24.o
    0x08002dc4   0x08002dc4   0x000002b0   Code   RO         1271    i.PCD_EP_ISR_Handler  stm32f1xx_hal_pcd.o
    0x08003074   0x08003074   0x00000002   Code   RO         1041    i.PendSV_Handler    stm32f1xx_it.o
    0x08003076   0x08003076   0x0000005c   Code   RO         2776    i.SPI_EndRxTransaction  stm32f1xx_hal_spi.o
    0x080030d2   0x080030d2   0x00000020   Code   RO         2777    i.SPI_EndRxTxTransaction  stm32f1xx_hal_spi.o
    0x080030f2   0x080030f2   0x00000094   Code   RO         2782    i.SPI_WaitFlagStateUntilTimeout  stm32f1xx_hal_spi.o
    0x08003186   0x08003186   0x00000002   Code   RO         1042    i.SVC_Handler       stm32f1xx_it.o
    0x08003188   0x08003188   0x00000004   Code   RO         1043    i.SysTick_Handler   stm32f1xx_it.o
    0x0800318c   0x0800318c   0x00000070   Code   RO          413    i.SystemClock_Config  main.o
    0x080031fc   0x080031fc   0x00000048   Code   RO         1166    i.SystemInit        system_stm32f1xx.o
    0x08003244   0x08003244   0x0000000c   Code   RO         1044    i.TIM1_CC_IRQHandler  stm32f1xx_it.o
    0x08003250   0x08003250   0x0000000c   Code   RO         1045    i.TIM1_UP_IRQHandler  stm32f1xx_it.o
    0x0800325c   0x0800325c   0x00000068   Code   RO         1046    i.TIM4_IRQHandler   stm32f1xx_it.o
    0x080032c4   0x080032c4   0x0000006c   Code   RO         3140    i.TIM_Base_SetConfig  stm32f1xx_hal_tim.o
    0x08003330   0x08003330   0x0000001a   Code   RO         3141    i.TIM_CCxChannelCmd  stm32f1xx_hal_tim.o
    0x0800334a   0x0800334a   0x00000014   Code   RO         3151    i.TIM_ETR_SetConfig  stm32f1xx_hal_tim.o
    0x0800335e   0x0800335e   0x00000010   Code   RO         3152    i.TIM_ITRx_SetConfig  stm32f1xx_hal_tim.o
    0x0800336e   0x0800336e   0x00000002   PAD
    0x08003370   0x08003370   0x00000058   Code   RO         3153    i.TIM_OC1_SetConfig  stm32f1xx_hal_tim.o
    0x080033c8   0x080033c8   0x0000005c   Code   RO         3154    i.TIM_OC2_SetConfig  stm32f1xx_hal_tim.o
    0x08003424   0x08003424   0x00000058   Code   RO         3155    i.TIM_OC3_SetConfig  stm32f1xx_hal_tim.o
    0x0800347c   0x0800347c   0x00000044   Code   RO         3156    i.TIM_OC4_SetConfig  stm32f1xx_hal_tim.o
    0x080034c0   0x080034c0   0x00000022   Code   RO         3158    i.TIM_TI1_ConfigInputStage  stm32f1xx_hal_tim.o
    0x080034e2   0x080034e2   0x00000024   Code   RO         3160    i.TIM_TI2_ConfigInputStage  stm32f1xx_hal_tim.o
    0x08003506   0x08003506   0x00000046   Code   RO         4241    i.USBD_CDC_DataIn   usbd_cdc.o
    0x0800354c   0x0800354c   0x0000002e   Code   RO         4242    i.USBD_CDC_DataOut  usbd_cdc.o
    0x0800357a   0x0800357a   0x00000044   Code   RO         4243    i.USBD_CDC_DeInit   usbd_cdc.o
    0x080035be   0x080035be   0x00000024   Code   RO         4244    i.USBD_CDC_EP0_RxReady  usbd_cdc.o
    0x080035e2   0x080035e2   0x00000002   PAD
    0x080035e4   0x080035e4   0x0000000c   Code   RO         4245    i.USBD_CDC_GetDeviceQualifierDescriptor  usbd_cdc.o
    0x080035f0   0x080035f0   0x0000000c   Code   RO         4246    i.USBD_CDC_GetFSCfgDesc  usbd_cdc.o
    0x080035fc   0x080035fc   0x0000000c   Code   RO         4247    i.USBD_CDC_GetHSCfgDesc  usbd_cdc.o
    0x08003608   0x08003608   0x0000000c   Code   RO         4248    i.USBD_CDC_GetOtherSpeedCfgDesc  usbd_cdc.o
    0x08003614   0x08003614   0x00000094   Code   RO         4249    i.USBD_CDC_Init     usbd_cdc.o
    0x080036a8   0x080036a8   0x00000028   Code   RO         4250    i.USBD_CDC_ReceivePacket  usbd_cdc.o
    0x080036d0   0x080036d0   0x00000010   Code   RO         4251    i.USBD_CDC_RegisterInterface  usbd_cdc.o
    0x080036e0   0x080036e0   0x0000000c   Code   RO         4252    i.USBD_CDC_SetRxBuffer  usbd_cdc.o
    0x080036ec   0x080036ec   0x00000010   Code   RO         4253    i.USBD_CDC_SetTxBuffer  usbd_cdc.o
    0x080036fc   0x080036fc   0x000000ac   Code   RO         4254    i.USBD_CDC_Setup    usbd_cdc.o
    0x080037a8   0x080037a8   0x00000036   Code   RO         4255    i.USBD_CDC_TransmitPacket  usbd_cdc.o
    0x080037de   0x080037de   0x0000000e   Code   RO         3978    i.USBD_ClrClassConfig  usbd_core.o
    0x080037ec   0x080037ec   0x00000010   Code   RO         4181    i.USBD_CtlContinueRx  usbd_ioreq.o
    0x080037fc   0x080037fc   0x00000010   Code   RO         4182    i.USBD_CtlContinueSendData  usbd_ioreq.o
    0x0800380c   0x0800380c   0x00000016   Code   RO         4116    i.USBD_CtlError     usbd_ctlreq.o
    0x08003822   0x08003822   0x0000001e   Code   RO         4183    i.USBD_CtlPrepareRx  usbd_ioreq.o
    0x08003840   0x08003840   0x00000016   Code   RO         4184    i.USBD_CtlReceiveStatus  usbd_ioreq.o
    0x08003856   0x08003856   0x0000001a   Code   RO         4185    i.USBD_CtlSendData  usbd_ioreq.o
    0x08003870   0x08003870   0x00000016   Code   RO         4186    i.USBD_CtlSendStatus  usbd_ioreq.o
    0x08003886   0x08003886   0x00000002   PAD
    0x08003888   0x08003888   0x00000020   Code   RO          898    i.USBD_FS_ConfigStrDescriptor  usbd_desc.o
    0x080038a8   0x080038a8   0x0000000c   Code   RO          899    i.USBD_FS_DeviceDescriptor  usbd_desc.o
    0x080038b4   0x080038b4   0x00000024   Code   RO          900    i.USBD_FS_InterfaceStrDescriptor  usbd_desc.o
    0x080038d8   0x080038d8   0x0000000c   Code   RO          901    i.USBD_FS_LangIDStrDescriptor  usbd_desc.o
    0x080038e4   0x080038e4   0x00000028   Code   RO          902    i.USBD_FS_ManufacturerStrDescriptor  usbd_desc.o
    0x0800390c   0x0800390c   0x00000024   Code   RO          903    i.USBD_FS_ProductStrDescriptor  usbd_desc.o
    0x08003930   0x08003930   0x00000038   Code   RO          904    i.USBD_FS_SerialStrDescriptor  usbd_desc.o
    0x08003968   0x08003968   0x000000e8   Code   RO         4117    i.USBD_GetDescriptor  usbd_ctlreq.o
    0x08003a50   0x08003a50   0x00000048   Code   RO         4118    i.USBD_GetString    usbd_ctlreq.o
    0x08003a98   0x08003a98   0x00000018   Code   RO          699    i.USBD_Get_USB_Status  usbd_conf.o
    0x08003ab0   0x08003ab0   0x0000002a   Code   RO         3980    i.USBD_Init         usbd_core.o
    0x08003ada   0x08003ada   0x00000012   Code   RO          700    i.USBD_LL_ClearStallEP  usbd_conf.o
    0x08003aec   0x08003aec   0x00000012   Code   RO          701    i.USBD_LL_CloseEP   usbd_conf.o
    0x08003afe   0x08003afe   0x000000c6   Code   RO         3981    i.USBD_LL_DataInStage  usbd_core.o
    0x08003bc4   0x08003bc4   0x00000082   Code   RO         3982    i.USBD_LL_DataOutStage  usbd_core.o
    0x08003c46   0x08003c46   0x00000008   Code   RO          705    i.USBD_LL_GetRxDataSize  usbd_conf.o
    0x08003c4e   0x08003c4e   0x00000002   PAD
    0x08003c50   0x08003c50   0x00000080   Code   RO          706    i.USBD_LL_Init      usbd_conf.o
    0x08003cd0   0x08003cd0   0x0000001c   Code   RO          707    i.USBD_LL_IsStallEP  usbd_conf.o
    0x08003cec   0x08003cec   0x00000018   Code   RO          708    i.USBD_LL_OpenEP    usbd_conf.o
    0x08003d04   0x08003d04   0x00000012   Code   RO          709    i.USBD_LL_PrepareReceive  usbd_conf.o
    0x08003d16   0x08003d16   0x00000050   Code   RO         3987    i.USBD_LL_Reset     usbd_core.o
    0x08003d66   0x08003d66   0x00000014   Code   RO         3988    i.USBD_LL_Resume    usbd_core.o
    0x08003d7a   0x08003d7a   0x00000018   Code   RO         3989    i.USBD_LL_SOF       usbd_core.o
    0x08003d92   0x08003d92   0x00000006   Code   RO         3990    i.USBD_LL_SetSpeed  usbd_core.o
    0x08003d98   0x08003d98   0x00000012   Code   RO          710    i.USBD_LL_SetUSBAddress  usbd_conf.o
    0x08003daa   0x08003daa   0x0000005a   Code   RO         3991    i.USBD_LL_SetupStage  usbd_core.o
    0x08003e04   0x08003e04   0x00000012   Code   RO          711    i.USBD_LL_StallEP   usbd_conf.o
    0x08003e16   0x08003e16   0x00000012   Code   RO          712    i.USBD_LL_Start     usbd_conf.o
    0x08003e28   0x08003e28   0x00000012   Code   RO         3992    i.USBD_LL_Suspend   usbd_core.o
    0x08003e3a   0x08003e3a   0x00000012   Code   RO          714    i.USBD_LL_Transmit  usbd_conf.o
    0x08003e4c   0x08003e4c   0x00000028   Code   RO         4119    i.USBD_ParseSetupRequest  usbd_ctlreq.o
    0x08003e74   0x08003e74   0x00000010   Code   RO         3993    i.USBD_RegisterClass  usbd_core.o
    0x08003e84   0x08003e84   0x00000016   Code   RO         3995    i.USBD_SetClassConfig  usbd_core.o
    0x08003e9a   0x08003e9a   0x00000002   PAD
    0x08003e9c   0x08003e9c   0x00000084   Code   RO         4120    i.USBD_SetConfig    usbd_ctlreq.o
    0x08003f20   0x08003f20   0x0000000a   Code   RO         3996    i.USBD_Start        usbd_core.o
    0x08003f2a   0x08003f2a   0x00000112   Code   RO         4121    i.USBD_StdDevReq    usbd_ctlreq.o
    0x0800403c   0x0800403c   0x00000150   Code   RO         4122    i.USBD_StdEPReq     usbd_ctlreq.o
    0x0800418c   0x0800418c   0x0000004e   Code   RO         4123    i.USBD_StdItfReq    usbd_ctlreq.o
    0x080041da   0x080041da   0x00000002   Code   RO          715    i.USBD_static_free  usbd_conf.o
    0x080041dc   0x080041dc   0x00000008   Code   RO          716    i.USBD_static_malloc  usbd_conf.o
    0x080041e4   0x080041e4   0x00000290   Code   RO         1496    i.USB_ActivateEndpoint  stm32f1xx_ll_usb.o
    0x08004474   0x08004474   0x00000004   Code   RO         1499    i.USB_CoreInit      stm32f1xx_ll_usb.o
    0x08004478   0x08004478   0x00000110   Code   RO         1501    i.USB_DeactivateEndpoint  stm32f1xx_ll_usb.o
    0x08004588   0x08004588   0x00000004   Code   RO         1502    i.USB_DevConnect    stm32f1xx_ll_usb.o
    0x0800458c   0x0800458c   0x00000004   Code   RO         1503    i.USB_DevDisconnect  stm32f1xx_ll_usb.o
    0x08004590   0x08004590   0x0000001e   Code   RO         1504    i.USB_DevInit       stm32f1xx_ll_usb.o
    0x080045ae   0x080045ae   0x0000000e   Code   RO         1505    i.USB_DisableGlobalInt  stm32f1xx_ll_usb.o
    0x080045bc   0x080045bc   0x00000004   Code   RO         1506    i.USB_EP0_OutStart  stm32f1xx_ll_usb.o
    0x080045c0   0x080045c0   0x00000074   Code   RO         1507    i.USB_EPClearStall  stm32f1xx_ll_usb.o
    0x08004634   0x08004634   0x00000032   Code   RO         1508    i.USB_EPSetStall    stm32f1xx_ll_usb.o
    0x08004666   0x08004666   0x0000019c   Code   RO         1509    i.USB_EPStartXfer   stm32f1xx_ll_usb.o
    0x08004802   0x08004802   0x0000000e   Code   RO         1510    i.USB_EnableGlobalInt  stm32f1xx_ll_usb.o
    0x08004810   0x08004810   0x0000000c   Code   RO         1047    i.USB_LP_CAN1_RX0_IRQHandler  stm32f1xx_it.o
    0x0800481c   0x0800481c   0x00000006   Code   RO         1517    i.USB_ReadInterrupts  stm32f1xx_ll_usb.o
    0x08004822   0x08004822   0x0000002a   Code   RO         1518    i.USB_ReadPMA       stm32f1xx_ll_usb.o
    0x0800484c   0x0800484c   0x00000004   Code   RO         1520    i.USB_SetCurrentMode  stm32f1xx_ll_usb.o
    0x08004850   0x08004850   0x0000000c   Code   RO         1521    i.USB_SetDevAddress  stm32f1xx_ll_usb.o
    0x0800485c   0x0800485c   0x00000026   Code   RO         1524    i.USB_WritePMA      stm32f1xx_ll_usb.o
    0x08004882   0x08004882   0x00000002   Code   RO         1048    i.UsageFault_Handler  stm32f1xx_it.o
    0x08004884   0x08004884   0x000000ac   Code   RO          327    i.WL_Check_Addr     wireless_ctrl.o
    0x08004930   0x08004930   0x000002a4   Code   RO          328    i.WL_Get_Packet     wireless_ctrl.o
    0x08004bd4   0x08004bd4   0x00000018   Code   RO          329    i.WL_Get_Var        wireless_ctrl.o
    0x08004bec   0x08004bec   0x000001e4   Code   RO          330    i.WL_Handler        wireless_ctrl.o
    0x08004dd0   0x08004dd0   0x000000e8   Code   RO          331    i.WL_Packet_Handler  wireless_ctrl.o
    0x08004eb8   0x08004eb8   0x00000288   Code   RO          332    i.WL_Send_Packet    wireless_ctrl.o
    0x08005140   0x08005140   0x00000010   Code   RO          333    i.WL_Set_Var        wireless_ctrl.o
    0x08005150   0x08005150   0x00000020   Code   RO         4643    i.__0printf$8       mc_w.l(printf8.o)
    0x08005170   0x08005170   0x00000028   Code   RO         4645    i.__0sprintf$8      mc_w.l(printf8.o)
    0x08005198   0x08005198   0x00000020   Code   RO         2181    i.__NVIC_SetPriority  stm32f1xx_hal_cortex.o
    0x080051b8   0x080051b8   0x00000008   Code   RO         4775    i.__aeabi_errno_addr  mc_w.l(errno.o)
    0x080051c0   0x080051c0   0x0000000e   Code   RO         4807    i.__scatterload_copy  mc_w.l(handlers.o)
    0x080051ce   0x080051ce   0x00000002   Code   RO         4808    i.__scatterload_null  mc_w.l(handlers.o)
    0x080051d0   0x080051d0   0x0000000e   Code   RO         4809    i.__scatterload_zeroinit  mc_w.l(handlers.o)
    0x080051de   0x080051de   0x00000002   PAD
    0x080051e0   0x080051e0   0x00000410   Code   RO         4650    i._printf_core      mc_w.l(printf8.o)
    0x080055f0   0x080055f0   0x00000024   Code   RO         4651    i._printf_post_padding  mc_w.l(printf8.o)
    0x08005614   0x08005614   0x0000002e   Code   RO         4652    i._printf_pre_padding  mc_w.l(printf8.o)
    0x08005642   0x08005642   0x0000000a   Code   RO         4654    i._sputc            mc_w.l(printf8.o)
    0x0800564c   0x0800564c   0x000000a8   Code   RO          334    i.add_packet        wireless_ctrl.o
    0x080056f4   0x080056f4   0x00000014   Code   RO         4350    i.fputc             retarget_io.o
    0x08005708   0x08005708   0x00000050   Code   RO         4697    i.free              mc_w.l(malloc.o)
    0x08005758   0x08005758   0x00000028   Code   RO          335    i.get_packet        wireless_ctrl.o
    0x08005780   0x08005780   0x00000270   Code   RO          414    i.main              main.o
    0x080059f0   0x080059f0   0x0000006c   Code   RO         4698    i.malloc            mc_w.l(malloc.o)
    0x08005a5c   0x08005a5c   0x00000438   Code   RO          264    i.parseCommand      uart_cmd_parser.o
    0x08005e94   0x08005e94   0x000000ac   Code   RO          336    i.remove_packet     wireless_ctrl.o
    0x08005f40   0x08005f40   0x00000022   Code   RO          265    i.strtodec          uart_cmd_parser.o
    0x08005f62   0x08005f62   0x00000002   PAD
    0x08005f64   0x08005f64   0x00000610   Code   RO          266    i.uartInit          uart_cmd_parser.o
    0x08006574   0x08006574   0x00000060   Data   RO          267    .constdata          uart_cmd_parser.o
    0x080065d4   0x080065d4   0x00000010   Data   RO         1167    .constdata          system_stm32f1xx.o
    0x080065e4   0x080065e4   0x00000081   Data   RO         4746    .constdata          mc_w.l(ctype_o.o)
    0x08006665   0x08006665   0x00000003   PAD
    0x08006668   0x08006668   0x00000004   Data   RO         4747    .constdata          mc_w.l(ctype_o.o)
    0x0800666c   0x0800666c   0x00000076   Data   RO          268    .conststring        uart_cmd_parser.o
    0x080066e2   0x080066e2   0x00000002   PAD
    0x080066e4   0x080066e4   0x00000020   Data   RO         4805    Region$$Table       anon$$obj.o


    Execution Region RW_IRAM1 (Exec base: 0x20000000, Load base: 0x08006704, Size: 0x00001c48, Max: 0x00005000, ABSOLUTE, COMPRESSED[0x000000cc])

    Exec Addr    Load Addr    Size         Type   Attr      Idx    E Section Name        Object

    0x20000000   COMPRESSED   0x0000000b   Data   RW           30    .data               nrf24.o
    0x2000000b   COMPRESSED   0x00000001   Data   RW           31    .data               nrf24.o
    0x2000000c   COMPRESSED   0x00000008   Data   RW          338    .data               wireless_ctrl.o
    0x20000014   COMPRESSED   0x00000010   Data   RW          415    .data               main.o
    0x20000024   COMPRESSED   0x00000008   Data   RW          492    .data               crc.o
    0x2000002c   COMPRESSED   0x0000001c   Data   RW          906    .data               usbd_desc.o
    0x20000048   COMPRESSED   0x00000032   Data   RW          907    .data               usbd_desc.o
    0x2000007a   COMPRESSED   0x00000004   Data   RW          989    .data               usbd_cdc_if.o
    0x2000007e   COMPRESSED   0x00000002   PAD
    0x20000080   COMPRESSED   0x00000010   Data   RW          990    .data               usbd_cdc_if.o
    0x20000090   COMPRESSED   0x00000004   Data   RW         1169    .data               system_stm32f1xx.o
    0x20000094   COMPRESSED   0x0000000c   Data   RW         1718    .data               stm32f1xx_hal.o
    0x200000a0   COMPRESSED   0x00000001   Data   RW         4124    .data               usbd_ctlreq.o
    0x200000a1   COMPRESSED   0x00000003   PAD
    0x200000a4   COMPRESSED   0x000000d7   Data   RW         4256    .data               usbd_cdc.o
    0x2000017b   COMPRESSED   0x00000001   PAD
    0x2000017c   COMPRESSED   0x00000038   Data   RW         4257    .data               usbd_cdc.o
    0x200001b4   COMPRESSED   0x00000004   Data   RW         4422    .data               mc_w.l(stdout.o)
    0x200001b8   COMPRESSED   0x00000004   Data   RW         4773    .data               mc_w.l(mvars.o)
    0x200001bc   COMPRESSED   0x00000004   Data   RW         4774    .data               mc_w.l(mvars.o)
    0x200001c0   COMPRESSED   0x00000004   Data   RW         4778    .data               mc_w.l(errno.o)
    0x200001c4        -       0x0000004d   Zero   RW           28    .bss                nrf24.o
    0x20000211   COMPRESSED   0x00000003   PAD
    0x20000214        -       0x00000038   Zero   RW          337    .bss                wireless_ctrl.o
    0x2000024c        -       0x00000058   Zero   RW          534    .bss                spi.o
    0x200002a4        -       0x00000080   Zero   RW          605    .bss                tim.o
    0x20000324        -       0x000002c4   Zero   RW          655    .bss                usb_device.o
    0x200005e8        -       0x0000048c   Zero   RW          717    .bss                usbd_conf.o
    0x20000a74        -       0x00000100   Zero   RW          905    .bss                usbd_desc.o
    0x20000b74        -       0x000000d0   Zero   RW          988    .bss                usbd_cdc_if.o
    0x20000c44   COMPRESSED   0x00000004   PAD
    0x20000c48        -       0x00000800   Zero   RW            2    HEAP                startup_stm32f103xb.o
    0x20001448        -       0x00000800   Zero   RW            1    STACK               startup_stm32f103xb.o


==============================================================================

Image component sizes


      Code (inc. data)   RO Data    RW Data    ZI Data      Debug   Object Name

        76         18          0          8          0       1439   crc.o
       192         16          0          0          0        915   gpio.o
       738        146          0         16          0       3004   main.o
      2712        806          0         12         77     448287   nrf24.o
        56          8          0          0          0       3207   retarget_io.o
       184         24          0          0         88       1601   spi.o
        36          8        236          0       4096        800   startup_stm32f103xb.o
       164         28          0         12          0       5869   stm32f1xx_hal.o
       198         14          0          0          0      28887   stm32f1xx_hal_cortex.o
        80          0          0          0          0       1755   stm32f1xx_hal_crc.o
       744         66          0          0          0       6122   stm32f1xx_hal_gpio.o
        60          8          0          0          0        842   stm32f1xx_hal_msp.o
      1724          0          0          0          0      10497   stm32f1xx_hal_pcd.o
        52          0          0          0          0       1166   stm32f1xx_hal_pcd_ex.o
      1212         76          0          0          0       4202   stm32f1xx_hal_rcc.o
       232         12          0          0          0       1436   stm32f1xx_hal_rcc_ex.o
      1550          0          0          0          0       7938   stm32f1xx_hal_spi.o
      1746         46          0          0          0      17535   stm32f1xx_hal_tim.o
       154          0          0          0          0       3169   stm32f1xx_hal_tim_ex.o
       176         50          0          0          0       6014   stm32f1xx_it.o
      1682          0          0          0          0      15257   stm32f1xx_ll_usb.o
        72         16         16          4          0       1151   system_stm32f1xx.o
       500         44          0          0        128       3005   tim.o
      2666       1756        214          0          0       3089   uart_cmd_parser.o
        84         18          0          0        708        752   usb_device.o
       726         16          0        271          0      13026   usbd_cdc.o
       284         28          0         20        208       3797   usbd_cdc_if.o
       544         30          0          0       1164      13457   usbd_conf.o
       670          0          0          0          0       9419   usbd_core.o
      1186         28          0          1          0       8052   usbd_ctlreq.o
       278         96          0         78        256       5737   usbd_desc.o
       132          0          0          0          0       4304   usbd_ioreq.o
      2632       1028          0          8         56       8294   wireless_ctrl.o

    ----------------------------------------------------------------------
     23576       4386        500        436       6788     644025   Object Totals
         0          0         32          0          0          0   (incl. Generated)
        34          0          2          6          7          0   (incl. Padding)

    ----------------------------------------------------------------------

      Code (inc. data)   RO Data    RW Data    ZI Data      Debug   Library Member Name

        86          0          0          0          0          0   __dczerorl2.o
        28          0          0          0          0         68   _chval.o
       158          0          0          0          0         92   _strtoul.o
         8          4        133          0          0         68   ctype_o.o
         0          0          0          0          0          0   entry.o
         0          0          0          0          0          0   entry10a.o
         0          0          0          0          0          0   entry11a.o
         8          4          0          0          0          0   entry2.o
         4          0          0          0          0          0   entry5.o
         0          0          0          0          0          0   entry7b.o
         0          0          0          0          0          0   entry8b.o
         8          4          0          0          0          0   entry9a.o
         8          4          0          4          0         68   errno.o
        30          0          0          0          0          0   handlers.o
        36          8          0          0          0         68   init.o
        30          0          0          0          0         68   llshl.o
        32          0          0          0          0         68   llushr.o
       188         20          0          0          0        160   malloc.o
        36          0          0          0          0         68   memcpya.o
        36          0          0          0          0        108   memseta.o
         0          0          0          8          0          0   mvars.o
      1204         60          0          0          0        504   printf8.o
         0          0          0          4          0          0   stdout.o
        14          0          0          0          0         68   strlen.o
        30          0          0          0          0         80   strncmp.o
       112          0          0          0          0         88   strtol.o
        98          0          0          0          0         92   uldiv.o

    ----------------------------------------------------------------------
      2160        104        136         16          0       1668   Library Totals
         6          0          3          0          0          0   (incl. Padding)

    ----------------------------------------------------------------------

      Code (inc. data)   RO Data    RW Data    ZI Data      Debug   Library Name

      2154        104        133         16          0       1668   mc_w.l

    ----------------------------------------------------------------------
      2160        104        136         16          0       1668   Library Totals

    ----------------------------------------------------------------------

==============================================================================


      Code (inc. data)   RO Data    RW Data    ZI Data      Debug   

     25736       4490        636        452       6788     633549   Grand Totals
     25736       4490        636        204       6788     633549   ELF Image Totals (compressed)
     25736       4490        636        204          0          0   ROM Totals

==============================================================================

    Total RO  Size (Code + RO Data)                26372 (  25.75kB)
    Total RW  Size (RW Data + ZI Data)              7240 (   7.07kB)
    Total ROM Size (Code + RO Data + RW Data)      26576 (  25.95kB)

==============================================================================

