<html>
<body>
<pre>
<h1>µVision Build Log</h1>
<h2>Tool Versions:</h2>
IDE-Version: µVision V5.28.0.0
Copyright (C) 2019 ARM Ltd and ARM Germany GmbH. All rights reserved.
License Information: Spitsyn Alex, home, LIC=----
 
Tool Versions:
Toolchain:       MDK-Lite  Version: 5.28.0.0
Toolchain Path:  C:\Keil_v5\ARM\ARMCC\Bin
C Compiler:      Armcc.exe V5.06 update 6 (build 750)
Assembler:       Armasm.exe V5.06 update 6 (build 750)
Linker/Locator:  ArmLink.exe V5.06 update 6 (build 750)
Library Manager: ArmAr.exe V5.06 update 6 (build 750)
Hex Converter:   FromElf.exe V5.06 update 6 (build 750)
CPU DLL:         SARMCM3.DLL V5.28.0.0
Dialog DLL:      DCM.DLL V1.17.3.0
Target DLL:      STLink\ST-LINKIII-KEIL_SWO.dll V3.0.6.0
Dialog DLL:      TCM.DLL V1.36.2.0
 
<h2>Project:</h2>
E:\STM\workspace\STM_TCTRL_New\MDK-ARM\STM_TCTRL_New.uvprojx
Project File Date:  07/02/2019

<h2>Output:</h2>
*** Using Compiler 'V5.06 update 6 (build 750)', folder: 'C:\Keil_v5\ARM\ARMCC\Bin'
Build target 'STM_TCTRL_New'
compiling stm32f1xx_it.c...
compiling system.c...
system.c(393): warning:  #188-D: enumerated type mixed with another type
        SS_BLINK(ON);
system.c(420): warning:  #188-D: enumerated type mixed with another type
              SS_BLINK(OFF);
system.c(428): warning:  #188-D: enumerated type mixed with another type
            SS_BLINK(OFF);
system.c(441): warning:  #188-D: enumerated type mixed with another type
     SS_BLINK(ON);
system.c(465): warning:  #188-D: enumerated type mixed with another type
           SS_BLINK(OFF);
system.c(473): warning:  #188-D: enumerated type mixed with another type
         SS_BLINK(OFF);
system.c: 6 warnings, 0 errors
compiling main.c...
../Src/main.c(165): warning:  #188-D: enumerated type mixed with another type
  		SS_OE(1);
../Src/main.c(167): warning:  #188-D: enumerated type mixed with another type
  	SS_OE(0);	
../Src/main.c: 2 warnings, 0 errors
compiling ds18b20.c...
ds18b20.c(63): warning:  #177-D: variable "s"  was declared but never referenced
  	uint8_t s[16];
ds18b20.c: 1 warning, 0 errors
compiling UART_DBG.c...
compiling uart_cmd_parser.c...
compiling wireless_ctrl.c...
linking...
Program Size: Code=30440 RO-data=868 RW-data=364 ZI-data=4876  
FromELF: creating hex file...
"STM_TCTRL_New\STM_TCTRL_New.axf" - 0 Error(s), 9 Warning(s).

<h2>Software Packages used:</h2>

Package Vendor: ARM
                http://www.keil.com/pack/ARM.CMSIS.5.5.1.pack
                ARM.CMSIS.5.5.1
                CMSIS (Cortex Microcontroller Software Interface Standard)
   * Component: CORE Version: 5.2.0

Package Vendor: Keil
                http://www.keil.com/pack/Keil.ARM_Compiler.1.6.1.pack
                Keil.ARM_Compiler.1.6.1
                Keil ARM Compiler extensions for ARM Compiler 5 and ARM Compiler 6
   * Component: STDERR Variant: ITM Version: 1.2.0
   * Component: STDIN Variant: ITM Version: 1.2.0
   * Component: STDOUT Variant: ITM Version: 1.2.0

Package Vendor: Keil
                http://www.keil.com/pack/Keil.STM32F1xx_DFP.2.3.0.pack
                Keil.STM32F1xx_DFP.2.3.0
                STMicroelectronics STM32F1 Series Device Support, Drivers and Examples

<h2>Collection of Component include folders:</h2>
  .\RTE\_STM_TCTRL_New
  C:\Users\Alexander\AppData\Local\Arm\Packs\ARM\CMSIS\5.5.1\CMSIS\Core\Include
  C:\Users\Alexander\AppData\Local\Arm\Packs\Keil\STM32F1xx_DFP\2.3.0\Device\Include

<h2>Collection of Component Files used:</h2>

   * Component: ARM::CMSIS:CORE:5.2.0

   * Component: Keil.ARM Compiler::Compiler:I/O:STDERR:ITM:1.2.0
      Source file:   Source\retarget_io.c

   * Component: Keil.ARM Compiler::Compiler:I/O:STDIN:ITM:1.2.0
      Source file:   Source\retarget_io.c

   * Component: Keil.ARM Compiler::Compiler:I/O:STDOUT:ITM:1.2.0
      Source file:   Source\retarget_io.c
Build Time Elapsed:  00:00:28
</pre>
</body>
</html>
