<html>
<body>
<pre>
<h1>µVision Build Log</h1>
<h2>Tool Versions:</h2>
IDE-Version: µVision V5.26.2.0
Copyright (C) 2018 ARM Ltd and ARM Germany GmbH. All rights reserved.
License Information: a s, i, LIC=4ZLPC-78RBK-BVW1G-VHDXT-X0RQT-WHN3D
 
Tool Versions:
Toolchain:       MDK-ARM Professional  Version: 5.26.2.0
Toolchain Path:  d:\Keil_v5\ARM\ARMCC\Bin
C Compiler:      Armcc.exe V5.06 update 6 (build 750)
Assembler:       Armasm.exe V5.06 update 6 (build 750)
Linker/Locator:  ArmLink.exe V5.06 update 6 (build 750)
Library Manager: ArmAr.exe V5.06 update 6 (build 750)
Hex Converter:   FromElf.exe V5.06 update 6 (build 750)
CPU DLL:         SARMCM3.DLL V5.26.2.0
Dialog DLL:      DCM.DLL V1.17.2.0
Target DLL:      STLink\ST-LINKIII-KEIL_SWO.dll V3.0.5.0
Dialog DLL:      TCM.DLL V1.36.1.0
 
<h2>Project:</h2>
D:\STM\workspace\STM_Repository\STM_WTS\MDK-ARM\STM_WTS.uvprojx
Project File Date:  12/19/2019

<h2>Output:</h2>
*** Using Compiler 'V5.06 update 6 (build 750)', folder: 'd:\Keil_v5\ARM\ARMCC\Bin'
Build target 'STM_WTS'
compiling nrf24.c...
nrf24.c(283): warning:  #223-D: function "CDC_Transmit_FS" declared implicitly
  			dbg_print("NRF Init OK\r\n");
nrf24.c(332): warning:  #223-D: function "CDC_Transmit_FS" declared implicitly
  			dbg_print("NRF Init FAIL\r\n");
nrf24.c(423): warning:  #223-D: function "CDC_Transmit_FS" declared implicitly
  				dbg_print(dbg_str);
nrf24.c(430): warning:  #223-D: function "CDC_Transmit_FS" declared implicitly
  					dbg_print("\r\nIRQ: PIPE0 Receive\r\n");
nrf24.c(449): warning:  #223-D: function "CDC_Transmit_FS" declared implicitly
  			dbg_print("\r\nIRQ: TX_DS\r\n");
nrf24.c(466): warning:  #223-D: function "CDC_Transmit_FS" declared implicitly
  			dbg_print("\r\nIRQ: MAX_RT\r\n");
nrf24.c(486): warning:  #223-D: function "CDC_Transmit_FS" declared implicitly
  		dbg_print(dbg_str);
nrf24.c: 7 warnings, 0 errors
linking...
Program Size: Code=28860 RO-data=644 RW-data=436 ZI-data=6756  
FromELF: creating hex file...
"STM_WTS\STM_WTS.axf" - 0 Error(s), 7 Warning(s).

<h2>Software Packages used:</h2>

Package Vendor: ARM
                http://www.keil.com/pack/ARM.CMSIS.5.5.1.pack
                ARM.CMSIS.5.5.1
                CMSIS (Cortex Microcontroller Software Interface Standard)
   * Component: CORE Version: 5.2.0

Package Vendor: Keil
                http://www.keil.com/pack/Keil.ARM_Compiler.1.6.0.pack
                Keil.ARM_Compiler.1.6.0
                Keil ARM Compiler extensions for ARM Compiler 5 and ARM Compiler 6
   * Component: STDIN Variant: ITM Version: 1.2.0
   * Component: STDOUT Variant: ITM Version: 1.2.0

Package Vendor: Keil
                http://www.keil.com/pack/Keil.STM32F1xx_DFP.2.3.0.pack
                Keil.STM32F1xx_DFP.2.3.0
                STMicroelectronics STM32F1 Series Device Support, Drivers and Examples

<h2>Collection of Component include folders:</h2>
  .\RTE\_STM_WTS
  d:\Keil_v5\ARM\PACK\ARM\CMSIS\5.5.1\CMSIS\Core\Include
  d:\Keil_v5\ARM\PACK\Keil\STM32F1xx_DFP\2.3.0\Device\Include

<h2>Collection of Component Files used:</h2>

   * Component: ARM::CMSIS:CORE:5.2.0

   * Component: Keil.ARM Compiler::Compiler:I/O:STDIN:ITM:1.2.0
      Source file:   Source\retarget_io.c

   * Component: Keil.ARM Compiler::Compiler:I/O:STDOUT:ITM:1.2.0
      Source file:   Source\retarget_io.c
Build Time Elapsed:  00:00:04
</pre>
</body>
</html>
