Component: ARM Compiler 5.06 update 6 (build 750) Tool: armlink [4d35ed]

==============================================================================

Section Cross References

    startup_stm32f103xb.o(RESET) refers to startup_stm32f103xb.o(STACK) for __initial_sp
    startup_stm32f103xb.o(RESET) refers to startup_stm32f103xb.o(.text) for Reset_Handler
    startup_stm32f103xb.o(RESET) refers to stm32f1xx_it.o(i.NMI_Handler) for NMI_Handler
    startup_stm32f103xb.o(RESET) refers to stm32f1xx_it.o(i.HardFault_Handler) for HardFault_Handler
    startup_stm32f103xb.o(RESET) refers to stm32f1xx_it.o(i.MemManage_Handler) for MemManage_Handler
    startup_stm32f103xb.o(RESET) refers to stm32f1xx_it.o(i.BusFault_Handler) for BusFault_Handler
    startup_stm32f103xb.o(RESET) refers to stm32f1xx_it.o(i.UsageFault_Handler) for UsageFault_Handler
    startup_stm32f103xb.o(RESET) refers to stm32f1xx_it.o(i.SVC_Handler) for SVC_Handler
    startup_stm32f103xb.o(RESET) refers to stm32f1xx_it.o(i.DebugMon_Handler) for DebugMon_Handler
    startup_stm32f103xb.o(RESET) refers to stm32f1xx_it.o(i.PendSV_Handler) for PendSV_Handler
    startup_stm32f103xb.o(RESET) refers to stm32f1xx_it.o(i.SysTick_Handler) for SysTick_Handler
    startup_stm32f103xb.o(RESET) refers to stm32f1xx_it.o(i.EXTI0_IRQHandler) for EXTI0_IRQHandler
    startup_stm32f103xb.o(RESET) refers to stm32f1xx_it.o(i.USB_LP_CAN1_RX0_IRQHandler) for USB_LP_CAN1_RX0_IRQHandler
    startup_stm32f103xb.o(RESET) refers to stm32f1xx_it.o(i.TIM1_UP_IRQHandler) for TIM1_UP_IRQHandler
    startup_stm32f103xb.o(RESET) refers to stm32f1xx_it.o(i.USART1_IRQHandler) for USART1_IRQHandler
    startup_stm32f103xb.o(.text) refers to system_stm32f1xx.o(i.SystemInit) for SystemInit
    startup_stm32f103xb.o(.text) refers to entry.o(.ARM.Collect$$$$00000000) for __main
    system.o(i.SysErrorCheck) refers to 1-wire.o(i.ow_Reset) for ow_Reset
    system.o(i.SysErrorCheck) refers to ds18b20.o(i.ds18b20_GetTemp) for ds18b20_GetTemp
    system.o(i.SysErrorCheck) refers to eeprom.o(i.EEPROM_IsDeviceReady) for EEPROM_IsDeviceReady
    system.o(i.SysErrorCheck) refers to stm32f1xx_hal_gpio.o(i.HAL_GPIO_WritePin) for HAL_GPIO_WritePin
    system.o(i.SysErrorCheck) refers to stm32f1xx_hal.o(i.HAL_Delay) for HAL_Delay
    system.o(i.SysErrorCheck) refers to system.o(.data) for .data
    system.o(i.SysInit) refers to 1-wire.o(i.ow_ReadBit) for ow_ReadBit
    system.o(i.SysInit) refers to stm32f1xx_hal.o(i.HAL_Delay) for HAL_Delay
    system.o(i.SysInit) refers to stm32f1xx_hal_gpio.o(i.HAL_GPIO_WritePin) for HAL_GPIO_WritePin
    system.o(i.SysInit) refers to eeprom.o(i.EEPROM_Write) for EEPROM_Write
    system.o(i.SysInit) refers to eeprom.o(i.EEPROM_IsDeviceReady) for EEPROM_IsDeviceReady
    system.o(i.SysInit) refers to ds18b20.o(i.ds18b20_Init) for ds18b20_Init
    system.o(i.SysInit) refers to wireless_ctrl.o(i.WL_Init) for WL_Init
    system.o(i.SysInit) refers to system.o(i.SysVarRW) for SysVarRW
    system.o(i.SysInit) refers to stm32f1xx_hal_tim.o(i.HAL_TIM_Base_Start_IT) for HAL_TIM_Base_Start_IT
    system.o(i.SysInit) refers to stm32f1xx_hal_uart.o(i.HAL_UART_Receive_IT) for HAL_UART_Receive_IT
    system.o(i.SysInit) refers to ds18b20.o(i.ds18b20_GetTemp) for ds18b20_GetTemp
    system.o(i.SysInit) refers to system.o(.data) for .data
    system.o(i.SysInit) refers to tim.o(.bss) for htim1
    system.o(i.SysInit) refers to usart.o(.data) for receive_val
    system.o(i.SysInit) refers to usart.o(.bss) for huart1
    system.o(i.SysVarRW) refers to eeprom.o(i.EEPROM_Write) for EEPROM_Write
    system.o(i.SysVarRW) refers to eeprom.o(i.EEPROM_Read) for EEPROM_Read
    system.o(i.SystemTask) refers to ds18b20.o(i.ds18b20_GetTemp) for ds18b20_GetTemp
    system.o(i.SystemTask) refers to uart_cmd_parser.o(i.parseCommand) for parseCommand
    system.o(i.SystemTask) refers to stm32f1xx_hal_gpio.o(i.HAL_GPIO_ReadPin) for HAL_GPIO_ReadPin
    system.o(i.SystemTask) refers to stm32f1xx_hal_gpio.o(i.HAL_GPIO_WritePin) for HAL_GPIO_WritePin
    system.o(i.SystemTask) refers to usbd_cdc_if.o(i.CDC_Transmit_FS) for CDC_Transmit_FS
    system.o(i.SystemTask) refers to wireless_ctrl.o(i.WL_Handler) for WL_Handler
    system.o(i.SystemTask) refers to uart_cmd_parser.o(i.uartInit) for uartInit
    system.o(i.SystemTask) refers to system.o(i.SysErrorCheck) for SysErrorCheck
    system.o(i.SystemTask) refers to system.o(.data) for .data
    system.o(i.SystemTask) refers to usart.o(.data) for uart1_rx_flag
    system.o(i.SystemTask) refers to usart.o(.bss) for uart_rx_buf
    system.o(i.SystemTask) refers to usbd_cdc_if.o(.data) for vcp_rx_flag
    system.o(i.SystemTask) refers to usbd_cdc_if.o(.bss) for vcp_rx_buf
    system.o(.data) refers to ds18b20.o(.data) for DS18B20_TEMP
    main.o(i.SystemClock_Config) refers to memseta.o(.text) for __aeabi_memclr4
    main.o(i.SystemClock_Config) refers to stm32f1xx_hal_rcc.o(i.HAL_RCC_OscConfig) for HAL_RCC_OscConfig
[...]
    .data                                    0x20000000   Section      144  system.o(.data)
    eeprom_dump                              0x2000000e   Data          72  system.o(.data)
    .data                                    0x20000090   Section        8  crc.o(.data)
    .data                                    0x20000098   Section        5  usart.o(.data)
    uart1_rx_len                             0x2000009a   Data           1  usart.o(.data)
    csi_rx_len                               0x2000009b   Data           1  usart.o(.data)
    CSI                                      0x2000009c   Data           1  usart.o(.data)
    .data                                    0x200000a0   Section       28  usbd_desc.o(.data)
    .data                                    0x200000bc   Section       50  usbd_desc.o(.data)
    .data                                    0x200000ee   Section        4  usbd_cdc_if.o(.data)
    vcp_rx_len                               0x200000ef   Data           1  usbd_cdc_if.o(.data)
    csi_rx_len                               0x200000f0   Data           1  usbd_cdc_if.o(.data)
    CSI                                      0x200000f1   Data           1  usbd_cdc_if.o(.data)
    .data                                    0x200000f4   Section       16  usbd_cdc_if.o(.data)
    .data                                    0x20000104   Section       12  stm32f1xx_hal.o(.data)
    .data                                    0x20000110   Section        4  system_stm32f1xx.o(.data)
    .data                                    0x20000114   Section        1  usbd_ctlreq.o(.data)
    cfgidx                                   0x20000114   Data           1  usbd_ctlreq.o(.data)
    .data                                    0x20000118   Section      215  usbd_cdc.o(.data)
    USBD_CDC_DeviceQualifierDesc             0x20000118   Data          10  usbd_cdc.o(.data)
    .data                                    0x200001f0   Section       56  usbd_cdc.o(.data)
    .data                                    0x20000228   Section       14  ds18b20.o(.data)
    .data                                    0x20000238   Section       76  sx1278.o(.data)
    SX1278_Power_s                           0x2000023c   Data          16  sx1278.o(.data)
    SX1278_LoRaBandwidth_s                   0x2000024c   Data          40  sx1278.o(.data)
    SX1278_CR_s                              0x20000274   Data          16  sx1278.o(.data)
    .data                                    0x20000284   Section      244  uart_cmd_parser.o(.data)
    PACK_STATE_STR                           0x20000284   Data          32  uart_cmd_parser.o(.data)
    SX1278_Power_s                           0x200002a4   Data          16  uart_cmd_parser.o(.data)
    SX1278_LoRaBandwidth_s                   0x200002b4   Data          40  uart_cmd_parser.o(.data)
    SX1278_CR_s                              0x200002dc   Data          16  uart_cmd_parser.o(.data)
    eeprom_dump                              0x200002ec   Data          72  uart_cmd_parser.o(.data)
    commands                                 0x20000334   Data          44  uart_cmd_parser.o(.data)
    param                                    0x20000360   Data          24  uart_cmd_parser.o(.data)
    .data                                    0x20000378   Section       76  wireless_ctrl.o(.data)
    PACK_STATE_STR                           0x20000384   Data          32  wireless_ctrl.o(.data)
    CMD_STATE_STR                            0x200003a4   Data          32  wireless_ctrl.o(.data)
    .data                                    0x200003c4   Section        4  errno.o(.data)
    _errno                                   0x200003c4   Data           4  errno.o(.data)
    .bss                                     0x200003c8   Section       64  system.o(.bss)
    .bss                                     0x20000408   Section       84  i2c.o(.bss)
    .bss                                     0x2000045c   Section       88  spi.o(.bss)
    .bss                                     0x200004b4   Section       64  tim.o(.bss)
    .bss                                     0x200004f4   Section      144  usart.o(.bss)
    .bss                                     0x20000584   Section      708  usb_device.o(.bss)
    .bss                                     0x20000848   Section     1164  usbd_conf.o(.bss)
    mem                                      0x20000848   Data         544  usbd_conf.o(.bss)
    .bss                                     0x20000cd4   Section      256  usbd_desc.o(.bss)
    .bss                                     0x20000dd4   Section      208  usbd_cdc_if.o(.bss)
    .bss                                     0x20000ea4   Section       73  ds18b20.o(.bss)
    .bss                                     0x20000eed   Section      266  sx1278.o(.bss)
    .bss                                     0x20000ff8   Section       36  wireless_ctrl.o(.bss)
    STACK                                    0x20001020   Section     2048  startup_stm32f103xb.o(STACK)

    Global Symbols

    Symbol Name                              Value     Ov Type        Size  Object(Section)

    BuildAttributes$$THM_ISAv4$P$D$K$B$S$PE$A:L22UL41UL21$X:L11$S22US41US21$IEEE1$IW$USESV6$~STKCKD$USESV7$~SHL$OSPACE$ROPI$EBA8$MICROLIB$REQ8$PRES8$EABIv2 0x00000000   Number         0  anon$$obj.o ABSOLUTE
    __ARM_use_no_argv                        0x00000000   Number         0  main.o ABSOLUTE
    _printf_a                                0x00000000   Number         0  stubs.o ABSOLUTE
    _printf_c                                0x00000000   Number         0  stubs.o ABSOLUTE
    _printf_charcount                        0x00000000   Number         0  stubs.o ABSOLUTE
    _printf_d                                0x00000000   Number         0  stubs.o ABSOLUTE
    _printf_e                                0x00000000   Number         0  stubs.o ABSOLUTE
    _printf_f                                0x00000000   Number         0  stubs.o ABSOLUTE
    _printf_flags                            0x00000000   Number         0  stubs.o ABSOLUTE
    _printf_fp_dec                           0x00000000   Number         0  stubs.o ABSOLUTE
    _printf_fp_hex                           0x00000000   Number         0  stubs.o ABSOLUTE
    _printf_g                                0x00000000   Number         0  stubs.o ABSOLUTE
    _printf_i                                0x00000000   Number         0  stubs.o ABSOLUTE
    _printf_int_dec                          0x00000000   Number         0  stubs.o ABSOLUTE
    _printf_l                                0x00000000   Number         0  stubs.o ABSOLUTE
    _printf_lc                               0x00000000   Number         0  stubs.o ABSOLUTE
    _printf_ll                               0x00000000   Number         0  stubs.o ABSOLUTE
    _printf_lld                              0x00000000   Number         0  stubs.o ABSOLUTE
    _printf_lli                              0x00000000   Number         0  stubs.o ABSOLUTE
    _printf_llo                              0x00000000   Number         0  stubs.o ABSOLUTE
    _printf_llu                              0x00000000   Number         0  stubs.o ABSOLUTE
    _printf_llx                              0x00000000   Number         0  stubs.o ABSOLUTE
    _printf_longlong_dec                     0x00000000   Number         0  stubs.o ABSOLUTE
    _printf_longlong_hex                     0x00000000   Number         0  stubs.o ABSOLUTE
    _printf_longlong_oct                     0x00000000   Number         0  stubs.o ABSOLUTE
    _printf_ls                               0x00000000   Number         0  stubs.o ABSOLUTE
    _printf_mbtowc                           0x00000000   Number         0  stubs.o ABSOLUTE
    _printf_n                                0x00000000   Number         0  stubs.o ABSOLUTE
    _printf_o                                0x00000000   Number         0  stubs.o ABSOLUTE
    _printf_p                                0x00000000   Number         0  stubs.o ABSOLUTE
    _printf_percent                          0x00000000   Number         0  stubs.o ABSOLUTE
    _printf_pre_padding                      0x00000000   Number         0  stubs.o ABSOLUTE
    _printf_return_value                     0x00000000   Number         0  stubs.o ABSOLUTE
    _printf_s                                0x00000000   Number         0  stubs.o ABSOLUTE
    _printf_sizespec                         0x00000000   Number         0  stubs.o ABSOLUTE
    _printf_str                              0x00000000   Number         0  stubs.o ABSOLUTE
    _printf_truncate_signed                  0x00000000   Number         0  stubs.o ABSOLUTE
    _printf_truncate_unsigned                0x00000000   Number         0  stubs.o ABSOLUTE
    _printf_u                                0x00000000   Number         0  stubs.o ABSOLUTE
    _printf_wc                               0x00000000   Number         0  stubs.o ABSOLUTE
    _printf_wctomb                           0x00000000   Number         0  stubs.o ABSOLUTE
    _printf_widthprec                        0x00000000   Number         0  stubs.o ABSOLUTE
    _printf_x                                0x00000000   Number         0  stubs.o ABSOLUTE
    __cpp_initialize__aeabi_                  - Undefined Weak Reference
    __cxa_finalize                            - Undefined Weak Reference
    _clock_init                               - Undefined Weak Reference
    _microlib_exit                            - Undefined Weak Reference
    __Vectors_Size                           0x000000ec   Number         0  startup_stm32f103xb.o ABSOLUTE
    __Vectors                                0x08000000   Data           4  startup_stm32f103xb.o(RESET)
    __Vectors_End                            0x080000ec   Data           0  startup_stm32f103xb.o(RESET)
    __main                                   0x080000ed   Thumb Code     0  entry.o(.ARM.Collect$$$$00000000)
    _main_stk                                0x080000ed   Thumb Code     0  entry2.o(.ARM.Collect$$$$00000001)
    _main_scatterload                        0x080000f1   Thumb Code     0  entry5.o(.ARM.Collect$$$$00000004)
    __main_after_scatterload                 0x080000f5   Thumb Code     0  entry5.o(.ARM.Collect$$$$00000004)
    _main_clock                              0x080000f5   Thumb Code     0  entry7b.o(.ARM.Collect$$$$00000008)
    _main_cpp_init                           0x080000f5   Thumb Code     0  entry8b.o(.ARM.Collect$$$$0000000A)
    _main_init                               0x080000f5   Thumb Code     0  entry9a.o(.ARM.Collect$$$$0000000B)
    __rt_final_cpp                           0x080000fd   Thumb Code     0  entry10a.o(.ARM.Collect$$$$0000000D)
    __rt_final_exit                          0x080000fd   Thumb Code     0  entry11a.o(.ARM.Collect$$$$0000000F)
    Reset_Handler                            0x08000101   Thumb Code     8  startup_stm32f103xb.o(.text)
    ADC1_2_IRQHandler                        0x0800011b   Thumb Code     0  startup_stm32f103xb.o(.text)
    CAN1_RX1_IRQHandler                      0x0800011b   Thumb Code     0  startup_stm32f103xb.o(.text)
    CAN1_SCE_IRQHandler                      0x0800011b   Thumb Code     0  startup_stm32f103xb.o(.text)
    DMA1_Channel1_IRQHandler                 0x0800011b   Thumb Code     0  startup_stm32f103xb.o(.text)
    DMA1_Channel2_IRQHandler                 0x0800011b   Thumb Code     0  startup_stm32f103xb.o(.text)
    DMA1_Channel3_IRQHandler                 0x0800011b   Thumb Code     0  startup_stm32f103xb.o(.text)
    DMA1_Channel4_IRQHandler                 0x0800011b   Thumb Code     0  startup_stm32f103xb.o(.text)
    DMA1_Channel5_IRQHandler                 0x0800011b   Thumb Code     0  startup_stm32f103xb.o(.text)
    DMA1_Channel6_IRQHandler                 0x0800011b   Thumb Code     0  startup_stm32f103xb.o(.text)
    DMA1_Channel7_IRQHandler                 0x0800011b   Thumb Code     0  startup_stm32f103xb.o(.text)
    EXTI15_10_IRQHandler                     0x0800011b   Thumb Code     0  startup_stm32f103xb.o(.text)
    EXTI1_IRQHandler                         0x0800011b   Thumb Code     0  startup_stm32f103xb.o(.text)
    EXTI2_IRQHandler                         0x0800011b   Thumb Code     0  startup_stm32f103xb.o(.text)
    EXTI3_IRQHandler                         0x0800011b   Thumb Code     0  startup_stm32f103xb.o(.text)
    EXTI4_IRQHandler                         0x0800011b   Thumb Code     0  startup_stm32f103xb.o(.text)
    EXTI9_5_IRQHandler                       0x0800011b   Thumb Code     0  startup_stm32f103xb.o(.text)
    FLASH_IRQHandler                         0x0800011b   Thumb Code     0  startup_stm32f103xb.o(.text)
    I2C1_ER_IRQHandler                       0x0800011b   Thumb Code     0  startup_stm32f103xb.o(.text)
    I2C1_EV_IRQHandler                       0x0800011b   Thumb Code     0  startup_stm32f103xb.o(.text)
    I2C2_ER_IRQHandler                       0x0800011b   Thumb Code     0  startup_stm32f103xb.o(.text)
    I2C2_EV_IRQHandler                       0x0800011b   Thumb Code     0  startup_stm32f103xb.o(.text)
    PVD_IRQHandler                           0x0800011b   Thumb Code     0  startup_stm32f103xb.o(.text)
    RCC_IRQHandler                           0x0800011b   Thumb Code     0  startup_stm32f103xb.o(.text)
    RTC_Alarm_IRQHandler                     0x0800011b   Thumb Code     0  startup_stm32f103xb.o(.text)
    RTC_IRQHandler                           0x0800011b   Thumb Code     0  startup_stm32f103xb.o(.text)
    SPI1_IRQHandler                          0x0800011b   Thumb Code     0  startup_stm32f103xb.o(.text)
    SPI2_IRQHandler                          0x0800011b   Thumb Code     0  startup_stm32f103xb.o(.text)
    TAMPER_IRQHandler                        0x0800011b   Thumb Code     0  startup_stm32f103xb.o(.text)
    TIM1_BRK_IRQHandler                      0x0800011b   Thumb Code     0  startup_stm32f103xb.o(.text)
    TIM1_CC_IRQHandler                       0x0800011b   Thumb Code     0  startup_stm32f103xb.o(.text)
    TIM1_TRG_COM_IRQHandler                  0x0800011b   Thumb Code     0  startup_stm32f103xb.o(.text)
    TIM2_IRQHandler                          0x0800011b   Thumb Code     0  startup_stm32f103xb.o(.text)
    TIM3_IRQHandler                          0x0800011b   Thumb Code     0  startup_stm32f103xb.o(.text)
    TIM4_IRQHandler                          0x0800011b   Thumb Code     0  startup_stm32f103xb.o(.text)
    USART2_IRQHandler                        0x0800011b   Thumb Code     0  startup_stm32f103xb.o(.text)
    USART3_IRQHandler                        0x0800011b   Thumb Code     0  startup_stm32f103xb.o(.text)
    USBWakeUp_IRQHandler                     0x0800011b   Thumb Code     0  startup_stm32f103xb.o(.text)
    USB_HP_CAN1_TX_IRQHandler                0x0800011b   Thumb Code     0  startup_stm32f103xb.o(.text)
    WWDG_IRQHandler                          0x0800011b   Thumb Code     0  startup_stm32f103xb.o(.text)
    __aeabi_llsr                             0x08000125   Thumb Code    32  llushr.o(.text)
    _ll_ushift_r                             0x08000125   Thumb Code     0  llushr.o(.text)
    __aeabi_memcpy                           0x08000145   Thumb Code    36  memcpya.o(.text)
    __aeabi_memcpy4                          0x08000145   Thumb Code     0  memcpya.o(.text)
    __aeabi_memcpy8                          0x08000145   Thumb Code     0  memcpya.o(.text)
    __aeabi_memset                           0x08000169   Thumb Code    14  memseta.o(.text)
    __aeabi_memset4                          0x08000169   Thumb Code     0  memseta.o(.text)
    __aeabi_memset8                          0x08000169   Thumb Code     0  memseta.o(.text)
    __aeabi_memclr                           0x08000177   Thumb Code     4  memseta.o(.text)
    __aeabi_memclr4                          0x08000177   Thumb Code     0  memseta.o(.text)
    __aeabi_memclr8                          0x08000177   Thumb Code     0  memseta.o(.text)
    _memset$wrapper                          0x0800017b   Thumb Code    18  memseta.o(.text)
    strlen                                   0x0800018d   Thumb Code    14  strlen.o(.text)
    strcpy                                   0x0800019b   Thumb Code    18  strcpy.o(.text)
    strncmp                                  0x080001ad   Thumb Code    30  strncmp.o(.text)
    strtol                                   0x080001cb   Thumb Code   112  strtol.o(.text)
    __aeabi_uldivmod                         0x0800023b   Thumb Code    98  uldiv.o(.text)
    __rt_ctype_table                         0x0800029d   Thumb Code     4  ctype_o.o(.text)
    _strtoul                                 0x080002a5   Thumb Code   158  _strtoul.o(.text)
    __scatterload                            0x08000345   Thumb Code    28  init.o(.text)
    __scatterload_rt2                        0x08000345   Thumb Code     0  init.o(.text)
    __aeabi_llsl                             0x08000369   Thumb Code    30  llshl.o(.text)
    _ll_shift_l                              0x08000369   Thumb Code     0  llshl.o(.text)
    _chval                                   0x08000387   Thumb Code    28  _chval.o(.text)
    __decompress                             0x080003a3   Thumb Code     0  __dczerorl2.o(.text)
    __decompress1                            0x080003a3   Thumb Code    86  __dczerorl2.o(.text)
    BusFault_Handler                         0x080003f9   Thumb Code     2  stm32f1xx_it.o(i.BusFault_Handler)
    CDC_Transmit_FS                          0x080004ed   Thumb Code    38  usbd_cdc_if.o(i.CDC_Transmit_FS)
    DebugMon_Handler                         0x08000519   Thumb Code     2  stm32f1xx_it.o(i.DebugMon_Handler)
    EEPROM_IsDeviceReady                     0x0800051d   Thumb Code    24  eeprom.o(i.EEPROM_IsDeviceReady)
    EEPROM_Read                              0x08000539   Thumb Code    32  eeprom.o(i.EEPROM_Read)
    EEPROM_Write                             0x0800055d   Thumb Code    32  eeprom.o(i.EEPROM_Write)
    EXTI0_IRQHandler                         0x08000581   Thumb Code    16  stm32f1xx_it.o(i.EXTI0_IRQHandler)
    Error_Handler                            0x08000591   Thumb Code     2  main.o(i.Error_Handler)
    HAL_CRC_Init                             0x08000593   Thumb Code    34  stm32f1xx_hal_crc.o(i.HAL_CRC_Init)
    HAL_CRC_MspInit                          0x080005b5   Thumb Code    30  crc.o(i.HAL_CRC_MspInit)
    HAL_DMA_Abort_IT                         0x080005dd   Thumb Code   148  stm32f1xx_hal_dma.o(i.HAL_DMA_Abort_IT)
    HAL_Delay                                0x08000675   Thumb Code    32  stm32f1xx_hal.o(i.HAL_Delay)
    HAL_GPIO_EXTI_Callback                   0x08000699   Thumb Code     2  stm32f1xx_hal_gpio.o(i.HAL_GPIO_EXTI_Callback)
    HAL_GPIO_EXTI_IRQHandler                 0x0800069d   Thumb Code    18  stm32f1xx_hal_gpio.o(i.HAL_GPIO_EXTI_IRQHandler)
    HAL_GPIO_Init                            0x080006b5   Thumb Code   426  stm32f1xx_hal_gpio.o(i.HAL_GPIO_Init)
    HAL_GPIO_ReadPin                         0x08000881   Thumb Code    10  stm32f1xx_hal_gpio.o(i.HAL_GPIO_ReadPin)
    HAL_GPIO_TogglePin                       0x0800088b   Thumb Code    14  stm32f1xx_hal_gpio.o(i.HAL_GPIO_TogglePin)
    HAL_GPIO_WritePin                        0x08000899   Thumb Code    10  stm32f1xx_hal_gpio.o(i.HAL_GPIO_WritePin)
    HAL_GetTick                              0x080008a5   Thumb Code     6  stm32f1xx_hal.o(i.HAL_GetTick)
    HAL_I2C_Init                             0x080008b1   Thumb Code   356  stm32f1xx_hal_i2c.o(i.HAL_I2C_Init)
    HAL_I2C_IsDeviceReady                    0x08000a25   Thumb Code   338  stm32f1xx_hal_i2c.o(i.HAL_I2C_IsDeviceReady)
    HAL_I2C_Mem_Read                         0x08000b81   Thumb Code   522  stm32f1xx_hal_i2c.o(i.HAL_I2C_Mem_Read)
    HAL_I2C_Mem_Write                        0x08000d99   Thumb Code   294  stm32f1xx_hal_i2c.o(i.HAL_I2C_Mem_Write)
    HAL_I2C_MspInit                          0x08000ec9   Thumb Code    82  i2c.o(i.HAL_I2C_MspInit)
    HAL_IncTick                              0x08000f29   Thumb Code    12  stm32f1xx_hal.o(i.HAL_IncTick)
    HAL_Init                                 0x08000f39   Thumb Code    32  stm32f1xx_hal.o(i.HAL_Init)
    HAL_InitTick                             0x08000f5d   Thumb Code    54  stm32f1xx_hal.o(i.HAL_InitTick)
    HAL_MspInit                              0x08000f9d   Thumb Code    52  stm32f1xx_hal_msp.o(i.HAL_MspInit)
    HAL_NVIC_EnableIRQ                       0x08000fd9   Thumb Code    26  stm32f1xx_hal_cortex.o(i.HAL_NVIC_EnableIRQ)
    HAL_NVIC_SetPriority                     0x08000ff5   Thumb Code    60  stm32f1xx_hal_cortex.o(i.HAL_NVIC_SetPriority)
    HAL_NVIC_SetPriorityGrouping             0x08001035   Thumb Code    26  stm32f1xx_hal_cortex.o(i.HAL_NVIC_SetPriorityGrouping)
    HAL_PCDEx_PMAConfig                      0x08001059   Thumb Code    52  stm32f1xx_hal_pcd_ex.o(i.HAL_PCDEx_PMAConfig)
    HAL_PCDEx_SetConnectionState             0x0800108d   Thumb Code     2  usbd_conf.o(i.HAL_PCDEx_SetConnectionState)
    HAL_PCD_DataInStageCallback              0x0800108f   Thumb Code    14  usbd_conf.o(i.HAL_PCD_DataInStageCallback)
    HAL_PCD_DataOutStageCallback             0x0800109d   Thumb Code    16  usbd_conf.o(i.HAL_PCD_DataOutStageCallback)
    HAL_PCD_EP_Close                         0x080010ad   Thumb Code    72  stm32f1xx_hal_pcd.o(i.HAL_PCD_EP_Close)
    HAL_PCD_EP_ClrStall                      0x080010f5   Thumb Code    88  stm32f1xx_hal_pcd.o(i.HAL_PCD_EP_ClrStall)
    HAL_PCD_EP_GetRxCount                    0x0800114d   Thumb Code    14  stm32f1xx_hal_pcd.o(i.HAL_PCD_EP_GetRxCount)
    HAL_PCD_EP_Open                          0x0800115b   Thumb Code    92  stm32f1xx_hal_pcd.o(i.HAL_PCD_EP_Open)
    HAL_PCD_EP_Receive                       0x080011b7   Thumb Code    46  stm32f1xx_hal_pcd.o(i.HAL_PCD_EP_Receive)
    HAL_PCD_EP_SetStall                      0x080011e5   Thumb Code   106  stm32f1xx_hal_pcd.o(i.HAL_PCD_EP_SetStall)
    HAL_PCD_EP_Transmit                      0x0800124f   Thumb Code    42  stm32f1xx_hal_pcd.o(i.HAL_PCD_EP_Transmit)
    HAL_PCD_IRQHandler                       0x08001279   Thumb Code   278  stm32f1xx_hal_pcd.o(i.HAL_PCD_IRQHandler)
    HAL_PCD_Init                             0x0800138f   Thumb Code   208  stm32f1xx_hal_pcd.o(i.HAL_PCD_Init)
    HAL_PCD_MspInit                          0x08001461   Thumb Code    50  usbd_conf.o(i.HAL_PCD_MspInit)
    HAL_PCD_ResetCallback                    0x0800149d   Thumb Code    38  usbd_conf.o(i.HAL_PCD_ResetCallback)
    HAL_PCD_ResumeCallback                   0x080014c3   Thumb Code     8  usbd_conf.o(i.HAL_PCD_ResumeCallback)
    HAL_PCD_SOFCallback                      0x080014cb   Thumb Code     8  usbd_conf.o(i.HAL_PCD_SOFCallback)
    HAL_PCD_SetAddress                       0x080014d3   Thumb Code    40  stm32f1xx_hal_pcd.o(i.HAL_PCD_SetAddress)
    HAL_PCD_SetupStageCallback               0x080014fb   Thumb Code    14  usbd_conf.o(i.HAL_PCD_SetupStageCallback)
    HAL_PCD_Start                            0x08001509   Thumb Code    50  stm32f1xx_hal_pcd.o(i.HAL_PCD_Start)
    HAL_PCD_SuspendCallback                  0x0800153d   Thumb Code    30  usbd_conf.o(i.HAL_PCD_SuspendCallback)
    HAL_RCCEx_PeriphCLKConfig                0x08001561   Thumb Code   220  stm32f1xx_hal_rcc_ex.o(i.HAL_RCCEx_PeriphCLKConfig)
    HAL_RCC_ClockConfig                      0x08001649   Thumb Code   292  stm32f1xx_hal_rcc.o(i.HAL_RCC_ClockConfig)
    HAL_RCC_GetPCLK1Freq                     0x08001781   Thumb Code    20  stm32f1xx_hal_rcc.o(i.HAL_RCC_GetPCLK1Freq)
    HAL_RCC_GetPCLK2Freq                     0x080017a1   Thumb Code    20  stm32f1xx_hal_rcc.o(i.HAL_RCC_GetPCLK2Freq)
    HAL_RCC_GetSysClockFreq                  0x080017c1   Thumb Code    74  stm32f1xx_hal_rcc.o(i.HAL_RCC_GetSysClockFreq)
    HAL_RCC_OscConfig                        0x0800182d   Thumb Code   770  stm32f1xx_hal_rcc.o(i.HAL_RCC_OscConfig)
    HAL_SPI_Init                             0x08001b45   Thumb Code   124  stm32f1xx_hal_spi.o(i.HAL_SPI_Init)
    HAL_SPI_MspInit                          0x08001bc1   Thumb Code    98  spi.o(i.HAL_SPI_MspInit)
    HAL_SPI_Receive                          0x08001c31   Thumb Code   330  stm32f1xx_hal_spi.o(i.HAL_SPI_Receive)
    HAL_SPI_Transmit                         0x08001d7b   Thumb Code   350  stm32f1xx_hal_spi.o(i.HAL_SPI_Transmit)
    HAL_SPI_TransmitReceive                  0x08001ed9   Thumb Code   474  stm32f1xx_hal_spi.o(i.HAL_SPI_TransmitReceive)
    HAL_SYSTICK_Config                       0x080020b3   Thumb Code    40  stm32f1xx_hal_cortex.o(i.HAL_SYSTICK_Config)
    HAL_TIMEx_BreakCallback                  0x080020db   Thumb Code     2  stm32f1xx_hal_tim_ex.o(i.HAL_TIMEx_BreakCallback)
    HAL_TIMEx_CommutCallback                 0x080020dd   Thumb Code     2  stm32f1xx_hal_tim_ex.o(i.HAL_TIMEx_CommutCallback)
    HAL_TIMEx_MasterConfigSynchronization    0x080020df   Thumb Code    66  stm32f1xx_hal_tim_ex.o(i.HAL_TIMEx_MasterConfigSynchronization)
    HAL_TIM_Base_Init                        0x08002121   Thumb Code    54  stm32f1xx_hal_tim.o(i.HAL_TIM_Base_Init)
    HAL_TIM_Base_MspInit                     0x08002159   Thumb Code    50  tim.o(i.HAL_TIM_Base_MspInit)
    HAL_TIM_Base_Start_IT                    0x08002195   Thumb Code    34  stm32f1xx_hal_tim.o(i.HAL_TIM_Base_Start_IT)
    HAL_TIM_ConfigClockSource                0x080021b7   Thumb Code   214  stm32f1xx_hal_tim.o(i.HAL_TIM_ConfigClockSource)
    HAL_TIM_IC_CaptureCallback               0x0800228d   Thumb Code     2  stm32f1xx_hal_tim.o(i.HAL_TIM_IC_CaptureCallback)
    HAL_TIM_IRQHandler                       0x0800228f   Thumb Code   358  stm32f1xx_hal_tim.o(i.HAL_TIM_IRQHandler)
    HAL_TIM_OC_DelayElapsedCallback          0x080023f5   Thumb Code     2  stm32f1xx_hal_tim.o(i.HAL_TIM_OC_DelayElapsedCallback)
    HAL_TIM_PWM_PulseFinishedCallback        0x080023f7   Thumb Code     2  stm32f1xx_hal_tim.o(i.HAL_TIM_PWM_PulseFinishedCallback)
    HAL_TIM_PeriodElapsedCallback            0x080023f9   Thumb Code     2  stm32f1xx_hal_tim.o(i.HAL_TIM_PeriodElapsedCallback)
    HAL_TIM_TriggerCallback                  0x080023fb   Thumb Code     2  stm32f1xx_hal_tim.o(i.HAL_TIM_TriggerCallback)
    HAL_UART_ErrorCallback                   0x080023fd   Thumb Code     2  stm32f1xx_hal_uart.o(i.HAL_UART_ErrorCallback)
    HAL_UART_IRQHandler                      0x08002401   Thumb Code   266  stm32f1xx_hal_uart.o(i.HAL_UART_IRQHandler)
    HAL_UART_Init                            0x08002511   Thumb Code    98  stm32f1xx_hal_uart.o(i.HAL_UART_Init)
    HAL_UART_MspInit                         0x08002575   Thumb Code   116  usart.o(i.HAL_UART_MspInit)
    HAL_UART_Receive_IT                      0x080025f5   Thumb Code    82  stm32f1xx_hal_uart.o(i.HAL_UART_Receive_IT)
    HAL_UART_RxCpltCallback                  0x08002649   Thumb Code   144  usart.o(i.HAL_UART_RxCpltCallback)
    HAL_UART_Transmit                        0x080026e9   Thumb Code   186  stm32f1xx_hal_uart.o(i.HAL_UART_Transmit)
    HAL_UART_TxCpltCallback                  0x080027a3   Thumb Code     2  stm32f1xx_hal_uart.o(i.HAL_UART_TxCpltCallback)
    HW_CRC32                                 0x080027a5   Thumb Code   144  hw_crc32.o(i.HW_CRC32)
    HardFault_Handler                        0x08002839   Thumb Code     2  stm32f1xx_it.o(i.HardFault_Handler)
    MX_CRC_Init                              0x08002c1d   Thumb Code    28  crc.o(i.MX_CRC_Init)
    MX_GPIO_Init                             0x08002c41   Thumb Code   210  gpio.o(i.MX_GPIO_Init)
    MX_I2C2_Init                             0x08002d25   Thumb Code    50  i2c.o(i.MX_I2C2_Init)
    MX_SPI1_Init                             0x08002d65   Thumb Code    62  spi.o(i.MX_SPI1_Init)
    MX_TIM1_Init                             0x08002dad   Thumb Code    96  tim.o(i.MX_TIM1_Init)
    MX_USART1_UART_Init                      0x08002e15   Thumb Code    48  usart.o(i.MX_USART1_UART_Init)
    MX_USB_DEVICE_Init                       0x08002e4d   Thumb Code    66  usb_device.o(i.MX_USB_DEVICE_Init)
    MemManage_Handler                        0x08002ea1   Thumb Code     2  stm32f1xx_it.o(i.MemManage_Handler)
    NMI_Handler                              0x08002ea3   Thumb Code     2  stm32f1xx_it.o(i.NMI_Handler)
    PendSV_Handler                           0x08003155   Thumb Code     2  stm32f1xx_it.o(i.PendSV_Handler)
    SVC_Handler                              0x08003267   Thumb Code     2  stm32f1xx_it.o(i.SVC_Handler)
    SX1278_Get_State                         0x08003269   Thumb Code   420  sx1278.o(i.SX1278_Get_State)
    SX1278_IRQ_Callback                      0x0800351d   Thumb Code   152  sx1278.o(i.SX1278_IRQ_Callback)
    SX1278_LoRaEntryRx                       0x08003619   Thumb Code   128  sx1278.o(i.SX1278_LoRaEntryRx)
    SX1278_LoRaEntryTx                       0x0800369d   Thumb Code   106  sx1278.o(i.SX1278_LoRaEntryTx)
    SX1278_LoRaTxPacket                      0x0800370d   Thumb Code    68  sx1278.o(i.SX1278_LoRaTxPacket)
    SX1278_SPIBurstRead                      0x08003755   Thumb Code    62  sx1278.o(i.SX1278_SPIBurstRead)
    SX1278_SPIBurstWrite                     0x0800379d   Thumb Code    80  sx1278.o(i.SX1278_SPIBurstWrite)
    SX1278_SPIReadReg                        0x080037f5   Thumb Code    74  sx1278.o(i.SX1278_SPIReadReg)
    SX1278_SPIWriteReg                       0x08003849   Thumb Code    66  sx1278.o(i.SX1278_SPIWriteReg)
    SX1278_clearIrq                          0x08003895   Thumb Code     8  sx1278.o(i.SX1278_clearIrq)
    SX1278_config                            0x0800389d   Thumb Code   226  sx1278.o(i.SX1278_config)
    SX1278_defaultConfig                     0x0800398d   Thumb Code    14  sx1278.o(i.SX1278_defaultConfig)
    SX1278_entryLoRa                         0x080039a1   Thumb Code     8  sx1278.o(i.SX1278_entryLoRa)
    SX1278_init                              0x080039a9   Thumb Code    52  sx1278.o(i.SX1278_init)
    SX1278_readFIFO                          0x080039e5   Thumb Code    62  sx1278.o(i.SX1278_readFIFO)
    SX1278_reset                             0x08003a29   Thumb Code    52  sx1278.o(i.SX1278_reset)
    SX1278_sleep                             0x08003a61   Thumb Code    18  sx1278.o(i.SX1278_sleep)
    SX1278_standby                           0x08003a79   Thumb Code    18  sx1278.o(i.SX1278_standby)
    SX1278_transmit                          0x08003a91   Thumb Code    36  sx1278.o(i.SX1278_transmit)
    SysErrorCheck                            0x08003ab5   Thumb Code   168  system.o(i.SysErrorCheck)
    SysInit                                  0x08003b65   Thumb Code   354  system.o(i.SysInit)
    SysTick_Handler                          0x08003cdd   Thumb Code     4  stm32f1xx_it.o(i.SysTick_Handler)
    SysVarRW                                 0x08003ce1   Thumb Code    32  system.o(i.SysVarRW)
    SystemClock_Config                       0x08003d01   Thumb Code   112  main.o(i.SystemClock_Config)
    SystemInit                               0x08003d71   Thumb Code    56  system_stm32f1xx.o(i.SystemInit)
    SystemTask                               0x08003db9   Thumb Code   192  system.o(i.SystemTask)
    TIM1_UP_IRQHandler                       0x08003e99   Thumb Code    26  stm32f1xx_it.o(i.TIM1_UP_IRQHandler)
    TIM_Base_SetConfig                       0x08003ec1   Thumb Code    94  stm32f1xx_hal_tim.o(i.TIM_Base_SetConfig)
    TIM_ETR_SetConfig                        0x08003f2d   Thumb Code    20  stm32f1xx_hal_tim.o(i.TIM_ETR_SetConfig)
    USART1_IRQHandler                        0x080041d5   Thumb Code     6  stm32f1xx_it.o(i.USART1_IRQHandler)
    USBD_CDC_GetDeviceQualifierDescriptor    0x080042bd   Thumb Code     8  usbd_cdc.o(i.USBD_CDC_GetDeviceQualifierDescriptor)
    USBD_CDC_ReceivePacket                   0x08004381   Thumb Code    40  usbd_cdc.o(i.USBD_CDC_ReceivePacket)
    USBD_CDC_RegisterInterface               0x080043a9   Thumb Code    16  usbd_cdc.o(i.USBD_CDC_RegisterInterface)
    USBD_CDC_SetRxBuffer                     0x080043b9   Thumb Code    12  usbd_cdc.o(i.USBD_CDC_SetRxBuffer)
    USBD_CDC_SetTxBuffer                     0x080043c5   Thumb Code    16  usbd_cdc.o(i.USBD_CDC_SetTxBuffer)
    USBD_CDC_TransmitPacket                  0x08004481   Thumb Code    54  usbd_cdc.o(i.USBD_CDC_TransmitPacket)
    USBD_ClrClassConfig                      0x080044b7   Thumb Code    14  usbd_core.o(i.USBD_ClrClassConfig)
    USBD_CtlContinueRx                       0x080044c5   Thumb Code    16  usbd_ioreq.o(i.USBD_CtlContinueRx)
    USBD_CtlContinueSendData                 0x080044d5   Thumb Code    16  usbd_ioreq.o(i.USBD_CtlContinueSendData)
    USBD_CtlError                            0x080044e5   Thumb Code    22  usbd_ctlreq.o(i.USBD_CtlError)
    USBD_CtlPrepareRx                        0x080044fb   Thumb Code    30  usbd_ioreq.o(i.USBD_CtlPrepareRx)
    USBD_CtlReceiveStatus                    0x08004519   Thumb Code    22  usbd_ioreq.o(i.USBD_CtlReceiveStatus)
    USBD_CtlSendData                         0x0800452f   Thumb Code    26  usbd_ioreq.o(i.USBD_CtlSendData)
    USBD_CtlSendStatus                       0x08004549   Thumb Code    22  usbd_ioreq.o(i.USBD_CtlSendStatus)
    USBD_FS_ConfigStrDescriptor              0x08004561   Thumb Code    16  usbd_desc.o(i.USBD_FS_ConfigStrDescriptor)
    USBD_FS_DeviceDescriptor                 0x08004581   Thumb Code     8  usbd_desc.o(i.USBD_FS_DeviceDescriptor)
    USBD_FS_InterfaceStrDescriptor           0x0800458d   Thumb Code    16  usbd_desc.o(i.USBD_FS_InterfaceStrDescriptor)
    USBD_FS_LangIDStrDescriptor              0x080045b1   Thumb Code     8  usbd_desc.o(i.USBD_FS_LangIDStrDescriptor)
    USBD_FS_ManufacturerStrDescriptor        0x080045bd   Thumb Code    16  usbd_desc.o(i.USBD_FS_ManufacturerStrDescriptor)
    USBD_FS_ProductStrDescriptor             0x080045e5   Thumb Code    16  usbd_desc.o(i.USBD_FS_ProductStrDescriptor)
    USBD_FS_SerialStrDescriptor              0x08004611   Thumb Code    48  usbd_desc.o(i.USBD_FS_SerialStrDescriptor)
    USBD_GetString                           0x08004731   Thumb Code    72  usbd_ctlreq.o(i.USBD_GetString)
    USBD_Init                                0x08004791   Thumb Code    42  usbd_core.o(i.USBD_Init)
    USBD_LL_ClearStallEP                     0x080047bb   Thumb Code    18  usbd_conf.o(i.USBD_LL_ClearStallEP)
    USBD_LL_CloseEP                          0x080047cd   Thumb Code    18  usbd_conf.o(i.USBD_LL_CloseEP)
    USBD_LL_DataInStage                      0x080047df   Thumb Code   198  usbd_core.o(i.USBD_LL_DataInStage)
    USBD_LL_DataOutStage                     0x080048a5   Thumb Code   130  usbd_core.o(i.USBD_LL_DataOutStage)
    USBD_LL_GetRxDataSize                    0x08004927   Thumb Code     8  usbd_conf.o(i.USBD_LL_GetRxDataSize)
    USBD_LL_Init                             0x08004931   Thumb Code   118  usbd_conf.o(i.USBD_LL_Init)
    USBD_LL_IsStallEP                        0x080049b1   Thumb Code    28  usbd_conf.o(i.USBD_LL_IsStallEP)
    USBD_LL_OpenEP                           0x080049cd   Thumb Code    24  usbd_conf.o(i.USBD_LL_OpenEP)
    USBD_LL_PrepareReceive                   0x080049e5   Thumb Code    18  usbd_conf.o(i.USBD_LL_PrepareReceive)
    USBD_LL_Reset                            0x080049f7   Thumb Code    80  usbd_core.o(i.USBD_LL_Reset)
    USBD_LL_Resume                           0x08004a47   Thumb Code    20  usbd_core.o(i.USBD_LL_Resume)
    USBD_LL_SOF                              0x08004a5b   Thumb Code    24  usbd_core.o(i.USBD_LL_SOF)
    USBD_LL_SetSpeed                         0x08004a73   Thumb Code     6  usbd_core.o(i.USBD_LL_SetSpeed)
    USBD_LL_SetUSBAddress                    0x08004a79   Thumb Code    18  usbd_conf.o(i.USBD_LL_SetUSBAddress)
    USBD_LL_SetupStage                       0x08004a8b   Thumb Code    90  usbd_core.o(i.USBD_LL_SetupStage)
    USBD_LL_StallEP                          0x08004ae5   Thumb Code    18  usbd_conf.o(i.USBD_LL_StallEP)
    USBD_LL_Start                            0x08004af7   Thumb Code    18  usbd_conf.o(i.USBD_LL_Start)
    USBD_LL_Suspend                          0x08004b09   Thumb Code    18  usbd_core.o(i.USBD_LL_Suspend)
    USBD_LL_Transmit                         0x08004b1b   Thumb Code    18  usbd_conf.o(i.USBD_LL_Transmit)
    USBD_ParseSetupRequest                   0x08004b2d   Thumb Code    40  usbd_ctlreq.o(i.USBD_ParseSetupRequest)
    USBD_RegisterClass                       0x08004b55   Thumb Code    16  usbd_core.o(i.USBD_RegisterClass)
    USBD_SetClassConfig                      0x08004b65   Thumb Code    22  usbd_core.o(i.USBD_SetClassConfig)
    USBD_Start                               0x08004c01   Thumb Code    10  usbd_core.o(i.USBD_Start)
    USBD_StdDevReq                           0x08004c0b   Thumb Code   274  usbd_ctlreq.o(i.USBD_StdDevReq)
    USBD_StdEPReq                            0x08004d1d   Thumb Code   336  usbd_ctlreq.o(i.USBD_StdEPReq)
    USBD_StdItfReq                           0x08004e6d   Thumb Code    78  usbd_ctlreq.o(i.USBD_StdItfReq)
    USBD_static_free                         0x08004ebb   Thumb Code     2  usbd_conf.o(i.USBD_static_free)
    USBD_static_malloc                       0x08004ebd   Thumb Code     4  usbd_conf.o(i.USBD_static_malloc)
    USB_ActivateEndpoint                     0x08004ec5   Thumb Code   656  stm32f1xx_ll_usb.o(i.USB_ActivateEndpoint)
    USB_CoreInit                             0x08005155   Thumb Code     4  stm32f1xx_ll_usb.o(i.USB_CoreInit)
    USB_DeactivateEndpoint                   0x08005159   Thumb Code   272  stm32f1xx_ll_usb.o(i.USB_DeactivateEndpoint)
    USB_DevConnect                           0x08005269   Thumb Code     4  stm32f1xx_ll_usb.o(i.USB_DevConnect)
    USB_DevDisconnect                        0x0800526d   Thumb Code     4  stm32f1xx_ll_usb.o(i.USB_DevDisconnect)
    USB_DevInit                              0x08005271   Thumb Code    30  stm32f1xx_ll_usb.o(i.USB_DevInit)
    USB_DisableGlobalInt                     0x0800528f   Thumb Code    14  stm32f1xx_ll_usb.o(i.USB_DisableGlobalInt)
    USB_EP0_OutStart                         0x0800529d   Thumb Code     4  stm32f1xx_ll_usb.o(i.USB_EP0_OutStart)
    USB_EPClearStall                         0x080052a1   Thumb Code   116  stm32f1xx_ll_usb.o(i.USB_EPClearStall)
    USB_EPSetStall                           0x08005315   Thumb Code    50  stm32f1xx_ll_usb.o(i.USB_EPSetStall)
    USB_EPStartXfer                          0x08005347   Thumb Code   412  stm32f1xx_ll_usb.o(i.USB_EPStartXfer)
    USB_EnableGlobalInt                      0x080054e3   Thumb Code    14  stm32f1xx_ll_usb.o(i.USB_EnableGlobalInt)
    USB_LP_CAN1_RX0_IRQHandler               0x080054f1   Thumb Code     6  stm32f1xx_it.o(i.USB_LP_CAN1_RX0_IRQHandler)
    USB_ReadInterrupts                       0x080054fd   Thumb Code     6  stm32f1xx_ll_usb.o(i.USB_ReadInterrupts)
    USB_ReadPMA                              0x08005503   Thumb Code    42  stm32f1xx_ll_usb.o(i.USB_ReadPMA)
    USB_SetCurrentMode                       0x0800552d   Thumb Code     4  stm32f1xx_ll_usb.o(i.USB_SetCurrentMode)
    USB_SetDevAddress                        0x08005531   Thumb Code    12  stm32f1xx_ll_usb.o(i.USB_SetDevAddress)
    USB_WritePMA                             0x0800553d   Thumb Code    38  stm32f1xx_ll_usb.o(i.USB_WritePMA)
    UsageFault_Handler                       0x08005563   Thumb Code     2  stm32f1xx_it.o(i.UsageFault_Handler)
    WL_Check_Packet                          0x08005565   Thumb Code   250  wireless_ctrl.o(i.WL_Check_Packet)
    WL_Get_Var                               0x080056c9   Thumb Code    42  wireless_ctrl.o(i.WL_Get_Var)
    WL_Handler                               0x080056f9   Thumb Code   228  wireless_ctrl.o(i.WL_Handler)
    WL_Init                                  0x08005835   Thumb Code    50  wireless_ctrl.o(i.WL_Init)
    WL_Run_CMD                               0x0800586d   Thumb Code    58  wireless_ctrl.o(i.WL_Run_CMD)
    WL_Send_Packet                           0x080058ad   Thumb Code   214  wireless_ctrl.o(i.WL_Send_Packet)
    WL_Set_Var                               0x080059f5   Thumb Code    60  wireless_ctrl.o(i.WL_Set_Var)
    WL_Write_EEPROM                          0x08005a35   Thumb Code    40  wireless_ctrl.o(i.WL_Write_EEPROM)
    __0sprintf$8                             0x08005a61   Thumb Code    34  printf8.o(i.__0sprintf$8)
    __1sprintf$8                             0x08005a61   Thumb Code     0  printf8.o(i.__0sprintf$8)
    __2sprintf                               0x08005a61   Thumb Code     0  printf8.o(i.__0sprintf$8)
    __aeabi_errno_addr                       0x08005aa9   Thumb Code     4  errno.o(i.__aeabi_errno_addr)
    __rt_errno_addr                          0x08005aa9   Thumb Code     0  errno.o(i.__aeabi_errno_addr)
    __scatterload_copy                       0x08005ab1   Thumb Code    14  handlers.o(i.__scatterload_copy)
    __scatterload_null                       0x08005abf   Thumb Code     2  handlers.o(i.__scatterload_null)
    __scatterload_zeroinit                   0x08005ac1   Thumb Code    14  handlers.o(i.__scatterload_zeroinit)
    ds18b20_Check_CRC                        0x08005f3d   Thumb Code    62  ds18b20.o(i.ds18b20_Check_CRC)
    ds18b20_Convert_int8                     0x08005f81   Thumb Code    18  ds18b20.o(i.ds18b20_Convert_int8)
    ds18b20_GetTemp                          0x08005f9d   Thumb Code    40  ds18b20.o(i.ds18b20_GetTemp)
    ds18b20_Init                             0x08005fc5   Thumb Code   194  ds18b20.o(i.ds18b20_Init)
    ds18b20_MeasureTemperCmd                 0x08006091   Thumb Code    62  ds18b20.o(i.ds18b20_MeasureTemperCmd)
    ds18b20_ReadStratcpad                    0x080060d9   Thumb Code    82  ds18b20.o(i.ds18b20_ReadStratcpad)
    ds18b20_SearhRom                         0x08006135   Thumb Code   236  ds18b20.o(i.ds18b20_SearhRom)
    main                                     0x08006225   Thumb Code    46  main.o(i.main)
    ow_DelayMicro                            0x08006255   Thumb Code    30  1-wire.o(i.ow_DelayMicro)
    ow_ReadBit                               0x0800627d   Thumb Code    56  1-wire.o(i.ow_ReadBit)
    ow_ReadByte                              0x080062b9   Thumb Code    28  1-wire.o(i.ow_ReadByte)
    ow_Reset                                 0x080062d5   Thumb Code    62  1-wire.o(i.ow_Reset)
    ow_WriteBit                              0x08006319   Thumb Code    58  1-wire.o(i.ow_WriteBit)
    ow_WriteByte                             0x08006359   Thumb Code    26  1-wire.o(i.ow_WriteByte)
    ow_input                                 0x08006375   Thumb Code    26  1-wire.o(i.ow_input)
    ow_output                                0x08006395   Thumb Code    28  1-wire.o(i.ow_output)
    parseCommand                             0x080063b5   Thumb Code  3398  uart_cmd_parser.o(i.parseCommand)
    print_pack_info                          0x080072e9   Thumb Code   290  wireless_ctrl.o(i.print_pack_info)
    remove_spaces                            0x080074c1   Thumb Code    38  uart_cmd_parser.o(i.remove_spaces)
    str_to_int32                             0x080074e7   Thumb Code    30  uart_cmd_parser.o(i.str_to_int32)
    uartInit                                 0x08007505   Thumb Code  1430  uart_cmd_parser.o(i.uartInit)
    AHBPrescTable                            0x08007b98   Data          16  system_stm32f1xx.o(.constdata)
    APBPrescTable                            0x08007ba8   Data           8  system_stm32f1xx.o(.constdata)
    __ctype_table                            0x08007bcf   Data         129  ctype_o.o(.constdata)
    Region$$Table$$Base                      0x08007e58   Number         0  anon$$obj.o(Region$$Table)
    Region$$Table$$Limit                     0x08007e78   Number         0  anon$$obj.o(Region$$Table)
    cdc_init                                 0x20000000   Data           1  system.o(.data)
    SysState                                 0x20000002   Data           6  system.o(.data)
    SysCnt                                   0x20000008   Data           6  system.o(.data)
    SV                                       0x20000058   Data          56  system.o(.data)
    hcrc                                     0x20000090   Data           8  crc.o(.data)
    receive_val                              0x20000098   Data           1  usart.o(.data)
    uart1_rx_flag                            0x20000099   Data           1  usart.o(.data)
    FS_Desc                                  0x200000a0   Data          28  usbd_desc.o(.data)
    USBD_LangIDDesc                          0x200000bc   Data           4  usbd_desc.o(.data)
    USBD_FS_DeviceDesc                       0x200000c0   Data          18  usbd_desc.o(.data)
    USBD_StringSerial                        0x200000d4   Data          26  usbd_desc.o(.data)
    vcp_rx_flag                              0x200000ee   Data           1  usbd_cdc_if.o(.data)
    USBD_Interface_fops_FS                   0x200000f4   Data          16  usbd_cdc_if.o(.data)
    uwTickFreq                               0x20000104   Data           1  stm32f1xx_hal.o(.data)
    uwTickPrio                               0x20000108   Data           4  stm32f1xx_hal.o(.data)
    uwTick                                   0x2000010c   Data           4  stm32f1xx_hal.o(.data)
    SystemCoreClock                          0x20000110   Data           4  system_stm32f1xx.o(.data)
    USBD_CDC_CfgHSDesc                       0x20000124   Data          67  usbd_cdc.o(.data)
    USBD_CDC_CfgFSDesc                       0x20000168   Data          67  usbd_cdc.o(.data)
    USBD_CDC_OtherSpeedCfgDesc               0x200001ac   Data          67  usbd_cdc.o(.data)
    USBD_CDC                                 0x200001f0   Data          56  usbd_cdc.o(.data)
    DS18B20_TEMP                             0x20000228   Data           1  ds18b20.o(.data)
    LastDeviceFlag                           0x20000229   Data           1  ds18b20.o(.data)
    LastDiscrepancy                          0x2000022a   Data           1  ds18b20.o(.data)
    LastFamilyDiscrepancy                    0x2000022b   Data           1  ds18b20.o(.data)
    Dev_Cnt                                  0x2000022c   Data           1  ds18b20.o(.data)
    mode                                     0x2000022d   Data           1  ds18b20.o(.data)
    ROM_NO                                   0x2000022e   Data           8  ds18b20.o(.data)
    SX1278_DBG_PRINT_F                       0x20000238   Data           1  sx1278.o(.data)
    dt_reg                                   0x20000239   Data           1  sx1278.o(.data)
    WL_DEBUG_PRINT                           0x20000378   Data           1  wireless_ctrl.o(.data)
    rx_handler                               0x20000379   Data           1  wireless_ctrl.o(.data)
    WL_ADDR                                  0x2000037c   Data           8  wireless_ctrl.o(.data)
    dbg_str                                  0x200003c8   Data          64  system.o(.bss)
    hi2c2                                    0x20000408   Data          84  i2c.o(.bss)
    hspi1                                    0x2000045c   Data          88  spi.o(.bss)
    htim1                                    0x200004b4   Data          64  tim.o(.bss)
    uart_csi_buf                             0x200004f4   Data          16  usart.o(.bss)
    uart_rx_buf                              0x20000504   Data          64  usart.o(.bss)
    huart1                                   0x20000544   Data          64  usart.o(.bss)
    hUsbDeviceFS                             0x20000584   Data         708  usb_device.o(.bss)
    hpcd_USB_FS                              0x20000a68   Data         620  usbd_conf.o(.bss)
    USBD_StrDesc                             0x20000cd4   Data         256  usbd_desc.o(.bss)
    vcp_csi_buf                              0x20000dd4   Data          16  usbd_cdc_if.o(.bss)
    vcp_rx_buf                               0x20000de4   Data          64  usbd_cdc_if.o(.bss)
    UserRxBufferFS                           0x20000e24   Data          64  usbd_cdc_if.o(.bss)
    UserTxBufferFS                           0x20000e64   Data          64  usbd_cdc_if.o(.bss)
    SCRATCHPAD                               0x20000ea4   Data           9  ds18b20.o(.bss)
    Dev_ID                                   0x20000ead   Data          64  ds18b20.o(.bss)
    SX1278                                   0x20000eed   Data         266  sx1278.o(.bss)
    RX_packet                                0x20000ff8   Data          36  wireless_ctrl.o(.bss)
    __initial_sp                             0x20001820   Data           0  startup_stm32f103xb.o(STACK)



==============================================================================

Memory Map of the image

  Image Entry point : 0x080000ed

  Load Region LR_IROM1 (Base: 0x08000000, Size: 0x00008240, Max: 0x00010000, ABSOLUTE, COMPRESSED[0x0000802c])

    Execution Region ER_IROM1 (Exec base: 0x08000000, Load base: 0x08000000, Size: 0x00007e78, Max: 0x00010000, ABSOLUTE)

    Exec Addr    Load Addr    Size         Type   Attr      Idx    E Section Name        Object

    0x08000000   0x08000000   0x000000ec   Data   RO            3    RESET               startup_stm32f103xb.o
    0x080000ec   0x080000ec   0x00000000   Code   RO         5570  * .ARM.Collect$$$$00000000  mc_w.l(entry.o)
    0x080000ec   0x080000ec   0x00000004   Code   RO         5857    .ARM.Collect$$$$00000001  mc_w.l(entry2.o)
    0x080000f0   0x080000f0   0x00000004   Code   RO         5860    .ARM.Collect$$$$00000004  mc_w.l(entry5.o)
    0x080000f4   0x080000f4   0x00000000   Code   RO         5862    .ARM.Collect$$$$00000008  mc_w.l(entry7b.o)
    0x080000f4   0x080000f4   0x00000000   Code   RO         5864    .ARM.Collect$$$$0000000A  mc_w.l(entry8b.o)
    0x080000f4   0x080000f4   0x00000008   Code   RO         5865    .ARM.Collect$$$$0000000B  mc_w.l(entry9a.o)
    0x080000fc   0x080000fc   0x00000000   Code   RO         5867    .ARM.Collect$$$$0000000D  mc_w.l(entry10a.o)
    0x080000fc   0x080000fc   0x00000000   Code   RO         5869    .ARM.Collect$$$$0000000F  mc_w.l(entry11a.o)
    0x080000fc   0x080000fc   0x00000004   Code   RO         5858    .ARM.Collect$$$$00002712  mc_w.l(entry2.o)
    0x08000100   0x08000100   0x00000024   Code   RO            4    .text               startup_stm32f103xb.o
    0x08000124   0x08000124   0x00000020   Code   RO         5580    .text               mc_w.l(llushr.o)
    0x08000144   0x08000144   0x00000024   Code   RO         5582    .text               mc_w.l(memcpya.o)
    0x08000168   0x08000168   0x00000024   Code   RO         5584    .text               mc_w.l(memseta.o)
    0x0800018c   0x0800018c   0x0000000e   Code   RO         5586    .text               mc_w.l(strlen.o)
    0x0800019a   0x0800019a   0x00000012   Code   RO         5588    .text               mc_w.l(strcpy.o)
    0x080001ac   0x080001ac   0x0000001e   Code   RO         5590    .text               mc_w.l(strncmp.o)
    0x080001ca   0x080001ca   0x00000070   Code   RO         5855    .text               mc_w.l(strtol.o)
    0x0800023a   0x0800023a   0x00000062   Code   RO         5873    .text               mc_w.l(uldiv.o)
    0x0800029c   0x0800029c   0x00000008   Code   RO         5875    .text               mc_w.l(ctype_o.o)
    0x080002a4   0x080002a4   0x0000009e   Code   RO         5910    .text               mc_w.l(_strtoul.o)
    0x08000342   0x08000342   0x00000002   PAD
    0x08000344   0x08000344   0x00000024   Code   RO         5923    .text               mc_w.l(init.o)
    0x08000368   0x08000368   0x0000001e   Code   RO         5925    .text               mc_w.l(llshl.o)
    0x08000386   0x08000386   0x0000001c   Code   RO         5929    .text               mc_w.l(_chval.o)
    0x080003a2   0x080003a2   0x00000056   Code   RO         5941    .text               mc_w.l(__dczerorl2.o)
    0x080003f8   0x080003f8   0x00000002   Code   RO          918    i.BusFault_Handler  stm32f1xx_it.o
    0x080003fa   0x080003fa   0x00000028   Code   RO          866    i.CDC_Control_FS    usbd_cdc_if.o
    0x08000422   0x08000422   0x00000004   Code   RO          867    i.CDC_DeInit_FS     usbd_cdc_if.o
    0x08000426   0x08000426   0x00000002   PAD
    0x08000428   0x08000428   0x00000024   Code   RO          868    i.CDC_Init_FS       usbd_cdc_if.o
    0x0800044c   0x0800044c   0x000000a0   Code   RO          869    i.CDC_Receive_FS    usbd_cdc_if.o
    0x080004ec   0x080004ec   0x0000002c   Code   RO          870    i.CDC_Transmit_FS   usbd_cdc_if.o
    0x08000518   0x08000518   0x00000002   Code   RO          919    i.DebugMon_Handler  stm32f1xx_it.o
    0x0800051a   0x0800051a   0x00000002   PAD
    0x0800051c   0x0800051c   0x0000001c   Code   RO         5117    i.EEPROM_IsDeviceReady  eeprom.o
    0x08000538   0x08000538   0x00000024   Code   RO         5118    i.EEPROM_Read       eeprom.o
    0x0800055c   0x0800055c   0x00000024   Code   RO         5119    i.EEPROM_Write      eeprom.o
    0x08000580   0x08000580   0x00000010   Code   RO          920    i.EXTI0_IRQHandler  stm32f1xx_it.o
    0x08000590   0x08000590   0x00000002   Code   RO          241    i.Error_Handler     main.o
    0x08000592   0x08000592   0x00000022   Code   RO         2511    i.HAL_CRC_Init      stm32f1xx_hal_crc.o
    0x080005b4   0x080005b4   0x00000028   Code   RO          333    i.HAL_CRC_MspInit   crc.o
    0x080005dc   0x080005dc   0x00000098   Code   RO         1912    i.HAL_DMA_Abort_IT  stm32f1xx_hal_dma.o
    0x08000674   0x08000674   0x00000024   Code   RO         1539    i.HAL_Delay         stm32f1xx_hal.o
    0x08000698   0x08000698   0x00000002   Code   RO         1845    i.HAL_GPIO_EXTI_Callback  stm32f1xx_hal_gpio.o
    0x0800069a   0x0800069a   0x00000002   PAD
    0x0800069c   0x0800069c   0x00000018   Code   RO         1846    i.HAL_GPIO_EXTI_IRQHandler  stm32f1xx_hal_gpio.o
    0x080006b4   0x080006b4   0x000001cc   Code   RO         1847    i.HAL_GPIO_Init     stm32f1xx_hal_gpio.o
    0x08000880   0x08000880   0x0000000a   Code   RO         1849    i.HAL_GPIO_ReadPin  stm32f1xx_hal_gpio.o
    0x0800088a   0x0800088a   0x0000000e   Code   RO         1850    i.HAL_GPIO_TogglePin  stm32f1xx_hal_gpio.o
    0x08000898   0x08000898   0x0000000a   Code   RO         1851    i.HAL_GPIO_WritePin  stm32f1xx_hal_gpio.o
    0x080008a2   0x080008a2   0x00000002   PAD
    0x080008a4   0x080008a4   0x0000000c   Code   RO         1543    i.HAL_GetTick       stm32f1xx_hal.o
    0x080008b0   0x080008b0   0x00000174   Code   RO         2578    i.HAL_I2C_Init      stm32f1xx_hal_i2c.o
    0x08000a24   0x08000a24   0x0000015c   Code   RO         2579    i.HAL_I2C_IsDeviceReady  stm32f1xx_hal_i2c.o
    0x08000b80   0x08000b80   0x00000218   Code   RO         2596    i.HAL_I2C_Mem_Read  stm32f1xx_hal_i2c.o
    0x08000d98   0x08000d98   0x00000130   Code   RO         2599    i.HAL_I2C_Mem_Write  stm32f1xx_hal_i2c.o
    0x08000ec8   0x08000ec8   0x00000060   Code   RO          375    i.HAL_I2C_MspInit   i2c.o
    0x08000f28   0x08000f28   0x00000010   Code   RO         1549    i.HAL_IncTick       stm32f1xx_hal.o
    0x08000f38   0x08000f38   0x00000024   Code   RO         1550    i.HAL_Init          stm32f1xx_hal.o
    0x08000f5c   0x08000f5c   0x00000040   Code   RO         1551    i.HAL_InitTick      stm32f1xx_hal.o
    0x08000f9c   0x08000f9c   0x0000003c   Code   RO         1018    i.HAL_MspInit       stm32f1xx_hal_msp.o
    0x08000fd8   0x08000fd8   0x0000001a   Code   RO         2007    i.HAL_NVIC_EnableIRQ  stm32f1xx_hal_cortex.o
    0x08000ff2   0x08000ff2   0x00000002   PAD
    0x08000ff4   0x08000ff4   0x00000040   Code   RO         2013    i.HAL_NVIC_SetPriority  stm32f1xx_hal_cortex.o
    0x08001034   0x08001034   0x00000024   Code   RO         2014    i.HAL_NVIC_SetPriorityGrouping  stm32f1xx_hal_cortex.o
    0x08001058   0x08001058   0x00000034   Code   RO         1295    i.HAL_PCDEx_PMAConfig  stm32f1xx_hal_pcd_ex.o
    0x0800108c   0x0800108c   0x00000002   Code   RO          581    i.HAL_PCDEx_SetConnectionState  usbd_conf.o
    0x0800108e   0x0800108e   0x0000000e   Code   RO          583    i.HAL_PCD_DataInStageCallback  usbd_conf.o
    0x0800109c   0x0800109c   0x00000010   Code   RO          584    i.HAL_PCD_DataOutStageCallback  usbd_conf.o
    0x080010ac   0x080010ac   0x00000048   Code   RO         1087    i.HAL_PCD_EP_Close  stm32f1xx_hal_pcd.o
    0x080010f4   0x080010f4   0x00000058   Code   RO         1088    i.HAL_PCD_EP_ClrStall  stm32f1xx_hal_pcd.o
    0x0800114c   0x0800114c   0x0000000e   Code   RO         1090    i.HAL_PCD_EP_GetRxCount  stm32f1xx_hal_pcd.o
    0x0800115a   0x0800115a   0x0000005c   Code   RO         1091    i.HAL_PCD_EP_Open   stm32f1xx_hal_pcd.o
    0x080011b6   0x080011b6   0x0000002e   Code   RO         1092    i.HAL_PCD_EP_Receive  stm32f1xx_hal_pcd.o
    0x080011e4   0x080011e4   0x0000006a   Code   RO         1093    i.HAL_PCD_EP_SetStall  stm32f1xx_hal_pcd.o
    0x0800124e   0x0800124e   0x0000002a   Code   RO         1094    i.HAL_PCD_EP_Transmit  stm32f1xx_hal_pcd.o
    0x08001278   0x08001278   0x00000116   Code   RO         1096    i.HAL_PCD_IRQHandler  stm32f1xx_hal_pcd.o
    0x0800138e   0x0800138e   0x000000d0   Code   RO         1099    i.HAL_PCD_Init      stm32f1xx_hal_pcd.o
    0x0800145e   0x0800145e   0x00000002   PAD
    0x08001460   0x08001460   0x0000003c   Code   RO          589    i.HAL_PCD_MspInit   usbd_conf.o
    0x0800149c   0x0800149c   0x00000026   Code   RO          590    i.HAL_PCD_ResetCallback  usbd_conf.o
    0x080014c2   0x080014c2   0x00000008   Code   RO          591    i.HAL_PCD_ResumeCallback  usbd_conf.o
    0x080014ca   0x080014ca   0x00000008   Code   RO          592    i.HAL_PCD_SOFCallback  usbd_conf.o
    0x080014d2   0x080014d2   0x00000028   Code   RO         1105    i.HAL_PCD_SetAddress  stm32f1xx_hal_pcd.o
    0x080014fa   0x080014fa   0x0000000e   Code   RO          593    i.HAL_PCD_SetupStageCallback  usbd_conf.o
    0x08001508   0x08001508   0x00000032   Code   RO         1107    i.HAL_PCD_Start     stm32f1xx_hal_pcd.o
    0x0800153a   0x0800153a   0x00000002   PAD
    0x0800153c   0x0800153c   0x00000024   Code   RO          594    i.HAL_PCD_SuspendCallback  usbd_conf.o
    0x08001560   0x08001560   0x000000e8   Code   RO         1810    i.HAL_RCCEx_PeriphCLKConfig  stm32f1xx_hal_rcc_ex.o
    0x08001648   0x08001648   0x00000138   Code   RO         1707    i.HAL_RCC_ClockConfig  stm32f1xx_hal_rcc.o
    0x08001780   0x08001780   0x00000020   Code   RO         1714    i.HAL_RCC_GetPCLK1Freq  stm32f1xx_hal_rcc.o
    0x080017a0   0x080017a0   0x00000020   Code   RO         1715    i.HAL_RCC_GetPCLK2Freq  stm32f1xx_hal_rcc.o
    0x080017c0   0x080017c0   0x0000006c   Code   RO         1716    i.HAL_RCC_GetSysClockFreq  stm32f1xx_hal_rcc.o
    0x0800182c   0x0800182c   0x00000318   Code   RO         1719    i.HAL_RCC_OscConfig  stm32f1xx_hal_rcc.o
    0x08001b44   0x08001b44   0x0000007c   Code   RO         3000    i.HAL_SPI_Init      stm32f1xx_hal_spi.o
    0x08001bc0   0x08001bc0   0x00000070   Code   RO          417    i.HAL_SPI_MspInit   spi.o
    0x08001c30   0x08001c30   0x0000014a   Code   RO         3003    i.HAL_SPI_Receive   stm32f1xx_hal_spi.o
    0x08001d7a   0x08001d7a   0x0000015e   Code   RO         3008    i.HAL_SPI_Transmit  stm32f1xx_hal_spi.o
    0x08001ed8   0x08001ed8   0x000001da   Code   RO         3009    i.HAL_SPI_TransmitReceive  stm32f1xx_hal_spi.o
    0x080020b2   0x080020b2   0x00000028   Code   RO         2018    i.HAL_SYSTICK_Config  stm32f1xx_hal_cortex.o
    0x080020da   0x080020da   0x00000002   Code   RO         3988    i.HAL_TIMEx_BreakCallback  stm32f1xx_hal_tim_ex.o
    0x080020dc   0x080020dc   0x00000002   Code   RO         3989    i.HAL_TIMEx_CommutCallback  stm32f1xx_hal_tim_ex.o
    0x080020de   0x080020de   0x00000042   Code   RO         4006    i.HAL_TIMEx_MasterConfigSynchronization  stm32f1xx_hal_tim_ex.o
    0x08002120   0x08002120   0x00000036   Code   RO         3313    i.HAL_TIM_Base_Init  stm32f1xx_hal_tim.o
    0x08002156   0x08002156   0x00000002   PAD
    0x08002158   0x08002158   0x0000003c   Code   RO          459    i.HAL_TIM_Base_MspInit  tim.o
    0x08002194   0x08002194   0x00000022   Code   RO         3318    i.HAL_TIM_Base_Start_IT  stm32f1xx_hal_tim.o
    0x080021b6   0x080021b6   0x000000d6   Code   RO         3322    i.HAL_TIM_ConfigClockSource  stm32f1xx_hal_tim.o
    0x0800228c   0x0800228c   0x00000002   Code   RO         3342    i.HAL_TIM_IC_CaptureCallback  stm32f1xx_hal_tim.o
    0x0800228e   0x0800228e   0x00000166   Code   RO         3356    i.HAL_TIM_IRQHandler  stm32f1xx_hal_tim.o
    0x080023f4   0x080023f4   0x00000002   Code   RO         3359    i.HAL_TIM_OC_DelayElapsedCallback  stm32f1xx_hal_tim.o
    0x080023f6   0x080023f6   0x00000002   Code   RO         3386    i.HAL_TIM_PWM_PulseFinishedCallback  stm32f1xx_hal_tim.o
    0x080023f8   0x080023f8   0x00000002   Code   RO         3394    i.HAL_TIM_PeriodElapsedCallback  stm32f1xx_hal_tim.o
    0x080023fa   0x080023fa   0x00000002   Code   RO         3399    i.HAL_TIM_TriggerCallback  stm32f1xx_hal_tim.o
    0x080023fc   0x080023fc   0x00000002   Code   RO         4260    i.HAL_UART_ErrorCallback  stm32f1xx_hal_uart.o
    0x080023fe   0x080023fe   0x00000002   PAD
    0x08002400   0x08002400   0x00000110   Code   RO         4263    i.HAL_UART_IRQHandler  stm32f1xx_hal_uart.o
    0x08002510   0x08002510   0x00000062   Code   RO         4264    i.HAL_UART_Init     stm32f1xx_hal_uart.o
    0x08002572   0x08002572   0x00000002   PAD
    0x08002574   0x08002574   0x00000080   Code   RO          501    i.HAL_UART_MspInit  usart.o
    0x080025f4   0x080025f4   0x00000052   Code   RO         4269    i.HAL_UART_Receive_IT  stm32f1xx_hal_uart.o
    0x08002646   0x08002646   0x00000002   PAD
    0x08002648   0x08002648   0x000000a0   Code   RO          502    i.HAL_UART_RxCpltCallback  usart.o
    0x080026e8   0x080026e8   0x000000ba   Code   RO         4272    i.HAL_UART_Transmit  stm32f1xx_hal_uart.o
    0x080027a2   0x080027a2   0x00000002   Code   RO         4275    i.HAL_UART_TxCpltCallback  stm32f1xx_hal_uart.o
    0x080027a4   0x080027a4   0x00000094   Code   RO         5153    i.HW_CRC32          hw_crc32.o
    0x08002838   0x08002838   0x00000002   Code   RO          921    i.HardFault_Handler  stm32f1xx_it.o
    0x0800283a   0x0800283a   0x0000002e   Code   RO         2620    i.I2C_IsAcknowledgeFailed  stm32f1xx_hal_i2c.o
    0x08002868   0x08002868   0x000000e6   Code   RO         2629    i.I2C_RequestMemoryRead  stm32f1xx_hal_i2c.o
    0x0800294e   0x0800294e   0x00000002   PAD
    0x08002950   0x08002950   0x00000094   Code   RO         2630    i.I2C_RequestMemoryWrite  stm32f1xx_hal_i2c.o
    0x080029e4   0x080029e4   0x0000004c   Code   RO         2633    i.I2C_WaitOnBTFFlagUntilTimeout  stm32f1xx_hal_i2c.o
    0x08002a30   0x08002a30   0x00000068   Code   RO         2634    i.I2C_WaitOnFlagUntilTimeout  stm32f1xx_hal_i2c.o
    0x08002a98   0x08002a98   0x00000098   Code   RO         2635    i.I2C_WaitOnMasterAddressFlagUntilTimeout  stm32f1xx_hal_i2c.o
    0x08002b30   0x08002b30   0x0000006a   Code   RO         2636    i.I2C_WaitOnRXNEFlagUntilTimeout  stm32f1xx_hal_i2c.o
    0x08002b9a   0x08002b9a   0x0000004c   Code   RO         2637    i.I2C_WaitOnTXEFlagUntilTimeout  stm32f1xx_hal_i2c.o
    0x08002be6   0x08002be6   0x00000036   Code   RO          793    i.IntToUnicode      usbd_desc.o
    0x08002c1c   0x08002c1c   0x00000024   Code   RO          334    i.MX_CRC_Init       crc.o
    0x08002c40   0x08002c40   0x000000e4   Code   RO          308    i.MX_GPIO_Init      gpio.o
    0x08002d24   0x08002d24   0x00000040   Code   RO          376    i.MX_I2C2_Init      i2c.o
    0x08002d64   0x08002d64   0x00000048   Code   RO          418    i.MX_SPI1_Init      spi.o
    0x08002dac   0x08002dac   0x00000068   Code   RO          460    i.MX_TIM1_Init      tim.o
    0x08002e14   0x08002e14   0x00000038   Code   RO          503    i.MX_USART1_UART_Init  usart.o
    0x08002e4c   0x08002e4c   0x00000054   Code   RO          550    i.MX_USB_DEVICE_Init  usb_device.o
    0x08002ea0   0x08002ea0   0x00000002   Code   RO          922    i.MemManage_Handler  stm32f1xx_it.o
    0x08002ea2   0x08002ea2   0x00000002   Code   RO          923    i.NMI_Handler       stm32f1xx_it.o
    0x08002ea4   0x08002ea4   0x000002b0   Code   RO         1110    i.PCD_EP_ISR_Handler  stm32f1xx_hal_pcd.o
    0x08003154   0x08003154   0x00000002   Code   RO          924    i.PendSV_Handler    stm32f1xx_it.o
    0x08003156   0x08003156   0x0000005c   Code   RO         3037    i.SPI_EndRxTransaction  stm32f1xx_hal_spi.o
    0x080031b2   0x080031b2   0x00000020   Code   RO         3038    i.SPI_EndRxTxTransaction  stm32f1xx_hal_spi.o
    0x080031d2   0x080031d2   0x00000094   Code   RO         3043    i.SPI_WaitFlagStateUntilTimeout  stm32f1xx_hal_spi.o
    0x08003266   0x08003266   0x00000002   Code   RO          925    i.SVC_Handler       stm32f1xx_it.o
    0x08003268   0x08003268   0x000002b4   Code   RO         5177    i.SX1278_Get_State  sx1278.o
    0x0800351c   0x0800351c   0x000000fc   Code   RO         5178    i.SX1278_IRQ_Callback  sx1278.o
    0x08003618   0x08003618   0x00000084   Code   RO         5179    i.SX1278_LoRaEntryRx  sx1278.o
    0x0800369c   0x0800369c   0x00000070   Code   RO         5180    i.SX1278_LoRaEntryTx  sx1278.o
    0x0800370c   0x0800370c   0x00000048   Code   RO         5182    i.SX1278_LoRaTxPacket  sx1278.o
    0x08003754   0x08003754   0x00000048   Code   RO         5186    i.SX1278_SPIBurstRead  sx1278.o
    0x0800379c   0x0800379c   0x00000058   Code   RO         5187    i.SX1278_SPIBurstWrite  sx1278.o
    0x080037f4   0x080037f4   0x00000054   Code   RO         5188    i.SX1278_SPIReadReg  sx1278.o
    0x08003848   0x08003848   0x0000004c   Code   RO         5189    i.SX1278_SPIWriteReg  sx1278.o
    0x08003894   0x08003894   0x00000008   Code   RO         5192    i.SX1278_clearIrq   sx1278.o
    0x0800389c   0x0800389c   0x000000f0   Code   RO         5193    i.SX1278_config     sx1278.o
    0x0800398c   0x0800398c   0x00000014   Code   RO         5194    i.SX1278_defaultConfig  sx1278.o
    0x080039a0   0x080039a0   0x00000008   Code   RO         5195    i.SX1278_entryLoRa  sx1278.o
    0x080039a8   0x080039a8   0x0000003c   Code   RO         5196    i.SX1278_init       sx1278.o
    0x080039e4   0x080039e4   0x00000044   Code   RO         5197    i.SX1278_readFIFO   sx1278.o
    0x08003a28   0x08003a28   0x00000038   Code   RO         5199    i.SX1278_reset      sx1278.o
    0x08003a60   0x08003a60   0x00000018   Code   RO         5200    i.SX1278_sleep      sx1278.o
    0x08003a78   0x08003a78   0x00000018   Code   RO         5201    i.SX1278_standby    sx1278.o
    0x08003a90   0x08003a90   0x00000024   Code   RO         5202    i.SX1278_transmit   sx1278.o
    0x08003ab4   0x08003ab4   0x000000b0   Code   RO           13    i.SysErrorCheck     system.o
    0x08003b64   0x08003b64   0x00000178   Code   RO           14    i.SysInit           system.o
    0x08003cdc   0x08003cdc   0x00000004   Code   RO          926    i.SysTick_Handler   stm32f1xx_it.o
    0x08003ce0   0x08003ce0   0x00000020   Code   RO           15    i.SysVarRW          system.o
    0x08003d00   0x08003d00   0x00000070   Code   RO          242    i.SystemClock_Config  main.o
    0x08003d70   0x08003d70   0x00000048   Code   RO         4566    i.SystemInit        system_stm32f1xx.o
    0x08003db8   0x08003db8   0x000000e0   Code   RO           16    i.SystemTask        system.o
    0x08003e98   0x08003e98   0x00000028   Code   RO          927    i.TIM1_UP_IRQHandler  stm32f1xx_it.o
    0x08003ec0   0x08003ec0   0x0000006c   Code   RO         3401    i.TIM_Base_SetConfig  stm32f1xx_hal_tim.o
    0x08003f2c   0x08003f2c   0x00000014   Code   RO         3412    i.TIM_ETR_SetConfig  stm32f1xx_hal_tim.o
    0x08003f40   0x08003f40   0x00000010   Code   RO         3413    i.TIM_ITRx_SetConfig  stm32f1xx_hal_tim.o
    0x08003f50   0x08003f50   0x00000022   Code   RO         3419    i.TIM_TI1_ConfigInputStage  stm32f1xx_hal_tim.o
    0x08003f72   0x08003f72   0x00000024   Code   RO         3421    i.TIM_TI2_ConfigInputStage  stm32f1xx_hal_tim.o
    0x08003f96   0x08003f96   0x00000010   Code   RO         4277    i.UART_DMAAbortOnError  stm32f1xx_hal_uart.o
    0x08003fa6   0x08003fa6   0x0000001c   Code   RO         4287    i.UART_EndRxTransfer  stm32f1xx_hal_uart.o
    0x08003fc2   0x08003fc2   0x00000096   Code   RO         4289    i.UART_Receive_IT   stm32f1xx_hal_uart.o
    0x08004058   0x08004058   0x000000b8   Code   RO         4290    i.UART_SetConfig    stm32f1xx_hal_uart.o
    0x08004110   0x08004110   0x00000062   Code   RO         4291    i.UART_Transmit_IT  stm32f1xx_hal_uart.o
    0x08004172   0x08004172   0x00000062   Code   RO         4292    i.UART_WaitOnFlagUntilTimeout  stm32f1xx_hal_uart.o
    0x080041d4   0x080041d4   0x0000000c   Code   RO          928    i.USART1_IRQHandler  stm32f1xx_it.o
    0x080041e0   0x080041e0   0x00000046   Code   RO         4866    i.USBD_CDC_DataIn   usbd_cdc.o
    0x08004226   0x08004226   0x0000002e   Code   RO         4867    i.USBD_CDC_DataOut  usbd_cdc.o
    0x08004254   0x08004254   0x00000044   Code   RO         4868    i.USBD_CDC_DeInit   usbd_cdc.o
    0x08004298   0x08004298   0x00000024   Code   RO         4869    i.USBD_CDC_EP0_RxReady  usbd_cdc.o
    0x080042bc   0x080042bc   0x0000000c   Code   RO         4870    i.USBD_CDC_GetDeviceQualifierDescriptor  usbd_cdc.o
    0x080042c8   0x080042c8   0x0000000c   Code   RO         4871    i.USBD_CDC_GetFSCfgDesc  usbd_cdc.o
    0x080042d4   0x080042d4   0x0000000c   Code   RO         4872    i.USBD_CDC_GetHSCfgDesc  usbd_cdc.o
    0x080042e0   0x080042e0   0x0000000c   Code   RO         4873    i.USBD_CDC_GetOtherSpeedCfgDesc  usbd_cdc.o
    0x080042ec   0x080042ec   0x00000094   Code   RO         4874    i.USBD_CDC_Init     usbd_cdc.o
    0x08004380   0x08004380   0x00000028   Code   RO         4875    i.USBD_CDC_ReceivePacket  usbd_cdc.o
    0x080043a8   0x080043a8   0x00000010   Code   RO         4876    i.USBD_CDC_RegisterInterface  usbd_cdc.o
    0x080043b8   0x080043b8   0x0000000c   Code   RO         4877    i.USBD_CDC_SetRxBuffer  usbd_cdc.o
    0x080043c4   0x080043c4   0x00000010   Code   RO         4878    i.USBD_CDC_SetTxBuffer  usbd_cdc.o
    0x080043d4   0x080043d4   0x000000ac   Code   RO         4879    i.USBD_CDC_Setup    usbd_cdc.o
    0x08004480   0x08004480   0x00000036   Code   RO         4880    i.USBD_CDC_TransmitPacket  usbd_cdc.o
    0x080044b6   0x080044b6   0x0000000e   Code   RO         4603    i.USBD_ClrClassConfig  usbd_core.o
    0x080044c4   0x080044c4   0x00000010   Code   RO         4806    i.USBD_CtlContinueRx  usbd_ioreq.o
    0x080044d4   0x080044d4   0x00000010   Code   RO         4807    i.USBD_CtlContinueSendData  usbd_ioreq.o
    0x080044e4   0x080044e4   0x00000016   Code   RO         4741    i.USBD_CtlError     usbd_ctlreq.o
    0x080044fa   0x080044fa   0x0000001e   Code   RO         4808    i.USBD_CtlPrepareRx  usbd_ioreq.o
    0x08004518   0x08004518   0x00000016   Code   RO         4809    i.USBD_CtlReceiveStatus  usbd_ioreq.o
    0x0800452e   0x0800452e   0x0000001a   Code   RO         4810    i.USBD_CtlSendData  usbd_ioreq.o
    0x08004548   0x08004548   0x00000016   Code   RO         4811    i.USBD_CtlSendStatus  usbd_ioreq.o
    0x0800455e   0x0800455e   0x00000002   PAD
    0x08004560   0x08004560   0x00000020   Code   RO          794    i.USBD_FS_ConfigStrDescriptor  usbd_desc.o
    0x08004580   0x08004580   0x0000000c   Code   RO          795    i.USBD_FS_DeviceDescriptor  usbd_desc.o
    0x0800458c   0x0800458c   0x00000024   Code   RO          796    i.USBD_FS_InterfaceStrDescriptor  usbd_desc.o
    0x080045b0   0x080045b0   0x0000000c   Code   RO          797    i.USBD_FS_LangIDStrDescriptor  usbd_desc.o
    0x080045bc   0x080045bc   0x00000028   Code   RO          798    i.USBD_FS_ManufacturerStrDescriptor  usbd_desc.o
    0x080045e4   0x080045e4   0x0000002c   Code   RO          799    i.USBD_FS_ProductStrDescriptor  usbd_desc.o
    0x08004610   0x08004610   0x00000038   Code   RO          800    i.USBD_FS_SerialStrDescriptor  usbd_desc.o
    0x08004648   0x08004648   0x000000e8   Code   RO         4742    i.USBD_GetDescriptor  usbd_ctlreq.o
    0x08004730   0x08004730   0x00000048   Code   RO         4743    i.USBD_GetString    usbd_ctlreq.o
    0x08004778   0x08004778   0x00000018   Code   RO          595    i.USBD_Get_USB_Status  usbd_conf.o
    0x08004790   0x08004790   0x0000002a   Code   RO         4605    i.USBD_Init         usbd_core.o
    0x080047ba   0x080047ba   0x00000012   Code   RO          596    i.USBD_LL_ClearStallEP  usbd_conf.o
    0x080047cc   0x080047cc   0x00000012   Code   RO          597    i.USBD_LL_CloseEP   usbd_conf.o
    0x080047de   0x080047de   0x000000c6   Code   RO         4606    i.USBD_LL_DataInStage  usbd_core.o
    0x080048a4   0x080048a4   0x00000082   Code   RO         4607    i.USBD_LL_DataOutStage  usbd_core.o
    0x08004926   0x08004926   0x00000008   Code   RO          601    i.USBD_LL_GetRxDataSize  usbd_conf.o
    0x0800492e   0x0800492e   0x00000002   PAD
    0x08004930   0x08004930   0x00000080   Code   RO          602    i.USBD_LL_Init      usbd_conf.o
    0x080049b0   0x080049b0   0x0000001c   Code   RO          603    i.USBD_LL_IsStallEP  usbd_conf.o
    0x080049cc   0x080049cc   0x00000018   Code   RO          604    i.USBD_LL_OpenEP    usbd_conf.o
    0x080049e4   0x080049e4   0x00000012   Code   RO          605    i.USBD_LL_PrepareReceive  usbd_conf.o
    0x080049f6   0x080049f6   0x00000050   Code   RO         4612    i.USBD_LL_Reset     usbd_core.o
    0x08004a46   0x08004a46   0x00000014   Code   RO         4613    i.USBD_LL_Resume    usbd_core.o
    0x08004a5a   0x08004a5a   0x00000018   Code   RO         4614    i.USBD_LL_SOF       usbd_core.o
    0x08004a72   0x08004a72   0x00000006   Code   RO         4615    i.USBD_LL_SetSpeed  usbd_core.o
    0x08004a78   0x08004a78   0x00000012   Code   RO          606    i.USBD_LL_SetUSBAddress  usbd_conf.o
    0x08004a8a   0x08004a8a   0x0000005a   Code   RO         4616    i.USBD_LL_SetupStage  usbd_core.o
    0x08004ae4   0x08004ae4   0x00000012   Code   RO          607    i.USBD_LL_StallEP   usbd_conf.o
    0x08004af6   0x08004af6   0x00000012   Code   RO          608    i.USBD_LL_Start     usbd_conf.o
    0x08004b08   0x08004b08   0x00000012   Code   RO         4617    i.USBD_LL_Suspend   usbd_core.o
    0x08004b1a   0x08004b1a   0x00000012   Code   RO          610    i.USBD_LL_Transmit  usbd_conf.o
    0x08004b2c   0x08004b2c   0x00000028   Code   RO         4744    i.USBD_ParseSetupRequest  usbd_ctlreq.o
    0x08004b54   0x08004b54   0x00000010   Code   RO         4618    i.USBD_RegisterClass  usbd_core.o
    0x08004b64   0x08004b64   0x00000016   Code   RO         4620    i.USBD_SetClassConfig  usbd_core.o
    0x08004b7a   0x08004b7a   0x00000002   PAD
    0x08004b7c   0x08004b7c   0x00000084   Code   RO         4745    i.USBD_SetConfig    usbd_ctlreq.o
    0x08004c00   0x08004c00   0x0000000a   Code   RO         4621    i.USBD_Start        usbd_core.o
    0x08004c0a   0x08004c0a   0x00000112   Code   RO         4746    i.USBD_StdDevReq    usbd_ctlreq.o
    0x08004d1c   0x08004d1c   0x00000150   Code   RO         4747    i.USBD_StdEPReq     usbd_ctlreq.o
    0x08004e6c   0x08004e6c   0x0000004e   Code   RO         4748    i.USBD_StdItfReq    usbd_ctlreq.o
    0x08004eba   0x08004eba   0x00000002   Code   RO          611    i.USBD_static_free  usbd_conf.o
    0x08004ebc   0x08004ebc   0x00000008   Code   RO          612    i.USBD_static_malloc  usbd_conf.o
    0x08004ec4   0x08004ec4   0x00000290   Code   RO         1335    i.USB_ActivateEndpoint  stm32f1xx_ll_usb.o
    0x08005154   0x08005154   0x00000004   Code   RO         1338    i.USB_CoreInit      stm32f1xx_ll_usb.o
    0x08005158   0x08005158   0x00000110   Code   RO         1340    i.USB_DeactivateEndpoint  stm32f1xx_ll_usb.o
    0x08005268   0x08005268   0x00000004   Code   RO         1341    i.USB_DevConnect    stm32f1xx_ll_usb.o
    0x0800526c   0x0800526c   0x00000004   Code   RO         1342    i.USB_DevDisconnect  stm32f1xx_ll_usb.o
    0x08005270   0x08005270   0x0000001e   Code   RO         1343    i.USB_DevInit       stm32f1xx_ll_usb.o
    0x0800528e   0x0800528e   0x0000000e   Code   RO         1344    i.USB_DisableGlobalInt  stm32f1xx_ll_usb.o
    0x0800529c   0x0800529c   0x00000004   Code   RO         1345    i.USB_EP0_OutStart  stm32f1xx_ll_usb.o
    0x080052a0   0x080052a0   0x00000074   Code   RO         1346    i.USB_EPClearStall  stm32f1xx_ll_usb.o
    0x08005314   0x08005314   0x00000032   Code   RO         1347    i.USB_EPSetStall    stm32f1xx_ll_usb.o
    0x08005346   0x08005346   0x0000019c   Code   RO         1348    i.USB_EPStartXfer   stm32f1xx_ll_usb.o
    0x080054e2   0x080054e2   0x0000000e   Code   RO         1349    i.USB_EnableGlobalInt  stm32f1xx_ll_usb.o
    0x080054f0   0x080054f0   0x0000000c   Code   RO          929    i.USB_LP_CAN1_RX0_IRQHandler  stm32f1xx_it.o
    0x080054fc   0x080054fc   0x00000006   Code   RO         1356    i.USB_ReadInterrupts  stm32f1xx_ll_usb.o
    0x08005502   0x08005502   0x0000002a   Code   RO         1357    i.USB_ReadPMA       stm32f1xx_ll_usb.o
    0x0800552c   0x0800552c   0x00000004   Code   RO         1359    i.USB_SetCurrentMode  stm32f1xx_ll_usb.o
    0x08005530   0x08005530   0x0000000c   Code   RO         1360    i.USB_SetDevAddress  stm32f1xx_ll_usb.o
    0x0800553c   0x0800553c   0x00000026   Code   RO         1363    i.USB_WritePMA      stm32f1xx_ll_usb.o
    0x08005562   0x08005562   0x00000002   Code   RO          930    i.UsageFault_Handler  stm32f1xx_it.o
    0x08005564   0x08005564   0x00000164   Code   RO         5418    i.WL_Check_Packet   wireless_ctrl.o
    0x080056c8   0x080056c8   0x00000030   Code   RO         5419    i.WL_Get_Var        wireless_ctrl.o
    0x080056f8   0x080056f8   0x0000013c   Code   RO         5420    i.WL_Handler        wireless_ctrl.o
    0x08005834   0x08005834   0x00000038   Code   RO         5421    i.WL_Init           wireless_ctrl.o
    0x0800586c   0x0800586c   0x00000040   Code   RO         5422    i.WL_Run_CMD        wireless_ctrl.o
    0x080058ac   0x080058ac   0x00000148   Code   RO         5423    i.WL_Send_Packet    wireless_ctrl.o
    0x080059f4   0x080059f4   0x00000040   Code   RO         5424    i.WL_Set_Var        wireless_ctrl.o
    0x08005a34   0x08005a34   0x0000002c   Code   RO         5425    i.WL_Write_EEPROM   wireless_ctrl.o
    0x08005a60   0x08005a60   0x00000028   Code   RO         5803    i.__0sprintf$8      mc_w.l(printf8.o)
    0x08005a88   0x08005a88   0x00000020   Code   RO         2020    i.__NVIC_SetPriority  stm32f1xx_hal_cortex.o
    0x08005aa8   0x08005aa8   0x00000008   Code   RO         5903    i.__aeabi_errno_addr  mc_w.l(errno.o)
    0x08005ab0   0x08005ab0   0x0000000e   Code   RO         5935    i.__scatterload_copy  mc_w.l(handlers.o)
    0x08005abe   0x08005abe   0x00000002   Code   RO         5936    i.__scatterload_null  mc_w.l(handlers.o)
    0x08005ac0   0x08005ac0   0x0000000e   Code   RO         5937    i.__scatterload_zeroinit  mc_w.l(handlers.o)
    0x08005ace   0x08005ace   0x00000002   PAD
    0x08005ad0   0x08005ad0   0x00000410   Code   RO         5808    i._printf_core      mc_w.l(printf8.o)
    0x08005ee0   0x08005ee0   0x00000024   Code   RO         5809    i._printf_post_padding  mc_w.l(printf8.o)
    0x08005f04   0x08005f04   0x0000002e   Code   RO         5810    i._printf_pre_padding  mc_w.l(printf8.o)
    0x08005f32   0x08005f32   0x0000000a   Code   RO         5812    i._sputc            mc_w.l(printf8.o)
    0x08005f3c   0x08005f3c   0x00000044   Code   RO         5050    i.ds18b20_Check_CRC  ds18b20.o
    0x08005f80   0x08005f80   0x0000001c   Code   RO         5051    i.ds18b20_Convert_int8  ds18b20.o
    0x08005f9c   0x08005f9c   0x00000028   Code   RO         5052    i.ds18b20_GetTemp   ds18b20.o
    0x08005fc4   0x08005fc4   0x000000cc   Code   RO         5053    i.ds18b20_Init      ds18b20.o
    0x08006090   0x08006090   0x00000048   Code   RO         5054    i.ds18b20_MeasureTemperCmd  ds18b20.o
    0x080060d8   0x080060d8   0x0000005c   Code   RO         5055    i.ds18b20_ReadStratcpad  ds18b20.o
    0x08006134   0x08006134   0x000000f0   Code   RO         5056    i.ds18b20_SearhRom  ds18b20.o
    0x08006224   0x08006224   0x0000002e   Code   RO          243    i.main              main.o
    0x08006252   0x08006252   0x00000002   PAD
    0x08006254   0x08006254   0x00000028   Code   RO         5017    i.ow_DelayMicro     1-wire.o
    0x0800627c   0x0800627c   0x0000003c   Code   RO         5034    i.ow_ReadBit        1-wire.o
    0x080062b8   0x080062b8   0x0000001c   Code   RO         4972    i.ow_ReadByte       1-wire.o
    0x080062d4   0x080062d4   0x00000044   Code   RO         5022    i.ow_Reset          1-wire.o
    0x08006318   0x08006318   0x00000040   Code   RO         5028    i.ow_WriteBit       1-wire.o
    0x08006358   0x08006358   0x0000001a   Code   RO         4973    i.ow_WriteByte      1-wire.o
    0x08006372   0x08006372   0x00000002   PAD
    0x08006374   0x08006374   0x00000020   Code   RO         4975    i.ow_input          1-wire.o
    0x08006394   0x08006394   0x00000020   Code   RO         4977    i.ow_output         1-wire.o
    0x080063b4   0x080063b4   0x00000f34   Code   RO         5361    i.parseCommand      uart_cmd_parser.o
    0x080072e8   0x080072e8   0x000001d8   Code   RO         5426    i.print_pack_info   wireless_ctrl.o
    0x080074c0   0x080074c0   0x00000026   Code   RO         5362    i.remove_spaces     uart_cmd_parser.o
    0x080074e6   0x080074e6   0x0000001e   Code   RO         5363    i.str_to_int32      uart_cmd_parser.o
    0x08007504   0x08007504   0x00000694   Code   RO         5364    i.uartInit          uart_cmd_parser.o
    0x08007b98   0x08007b98   0x00000010   Data   RO         4567    .constdata          system_stm32f1xx.o
    0x08007ba8   0x08007ba8   0x00000008   Data   RO         4568    .constdata          system_stm32f1xx.o
    0x08007bb0   0x08007bb0   0x00000018   Data   RO         5204    .constdata          sx1278.o
    0x08007bc8   0x08007bc8   0x00000007   Data   RO         5365    .constdata          uart_cmd_parser.o
    0x08007bcf   0x08007bcf   0x00000081   Data   RO         5876    .constdata          mc_w.l(ctype_o.o)
    0x08007c50   0x08007c50   0x00000004   Data   RO         5877    .constdata          mc_w.l(ctype_o.o)
    0x08007c54   0x08007c54   0x0000006c   Data   RO         5205    .conststring        sx1278.o
    0x08007cc0   0x08007cc0   0x00000152   Data   RO         5366    .conststring        uart_cmd_parser.o
    0x08007e12   0x08007e12   0x00000002   PAD
    0x08007e14   0x08007e14   0x00000041   Data   RO         5428    .conststring        wireless_ctrl.o
    0x08007e55   0x08007e55   0x00000003   PAD
    0x08007e58   0x08007e58   0x00000020   Data   RO         5933    Region$$Table       anon$$obj.o


    Execution Region RW_IRAM1 (Exec base: 0x20000000, Load base: 0x08007e78, Size: 0x00001820, Max: 0x00005000, ABSOLUTE, COMPRESSED[0x000001b4])

    Exec Addr    Load Addr    Size         Type   Attr      Idx    E Section Name        Object

    0x20000000   COMPRESSED   0x00000090   Data   RW           18    .data               system.o
    0x20000090   COMPRESSED   0x00000008   Data   RW          335    .data               crc.o
    0x20000098   COMPRESSED   0x00000005   Data   RW          505    .data               usart.o
    0x2000009d   COMPRESSED   0x00000003   PAD
    0x200000a0   COMPRESSED   0x0000001c   Data   RW          802    .data               usbd_desc.o
    0x200000bc   COMPRESSED   0x00000032   Data   RW          803    .data               usbd_desc.o
    0x200000ee   COMPRESSED   0x00000004   Data   RW          872    .data               usbd_cdc_if.o
    0x200000f2   COMPRESSED   0x00000002   PAD
    0x200000f4   COMPRESSED   0x00000010   Data   RW          873    .data               usbd_cdc_if.o
    0x20000104   COMPRESSED   0x0000000c   Data   RW         1557    .data               stm32f1xx_hal.o
    0x20000110   COMPRESSED   0x00000004   Data   RW         4569    .data               system_stm32f1xx.o
    0x20000114   COMPRESSED   0x00000001   Data   RW         4749    .data               usbd_ctlreq.o
    0x20000115   COMPRESSED   0x00000003   PAD
    0x20000118   COMPRESSED   0x000000d7   Data   RW         4881    .data               usbd_cdc.o
    0x200001ef   COMPRESSED   0x00000001   PAD
    0x200001f0   COMPRESSED   0x00000038   Data   RW         4882    .data               usbd_cdc.o
    0x20000228   COMPRESSED   0x0000000e   Data   RW         5058    .data               ds18b20.o
    0x20000236   COMPRESSED   0x00000002   PAD
    0x20000238   COMPRESSED   0x0000004c   Data   RW         5206    .data               sx1278.o
    0x20000284   COMPRESSED   0x000000f4   Data   RW         5367    .data               uart_cmd_parser.o
    0x20000378   COMPRESSED   0x0000004c   Data   RW         5429    .data               wireless_ctrl.o
    0x200003c4   COMPRESSED   0x00000004   Data   RW         5906    .data               mc_w.l(errno.o)
    0x200003c8        -       0x00000040   Zero   RW           17    .bss                system.o
    0x20000408        -       0x00000054   Zero   RW          377    .bss                i2c.o
    0x2000045c        -       0x00000058   Zero   RW          419    .bss                spi.o
    0x200004b4        -       0x00000040   Zero   RW          461    .bss                tim.o
    0x200004f4        -       0x00000090   Zero   RW          504    .bss                usart.o
    0x20000584        -       0x000002c4   Zero   RW          551    .bss                usb_device.o
    0x20000848        -       0x0000048c   Zero   RW          613    .bss                usbd_conf.o
    0x20000cd4        -       0x00000100   Zero   RW          801    .bss                usbd_desc.o
    0x20000dd4        -       0x000000d0   Zero   RW          871    .bss                usbd_cdc_if.o
    0x20000ea4        -       0x00000049   Zero   RW         5057    .bss                ds18b20.o
    0x20000eed        -       0x0000010a   Zero   RW         5203    .bss                sx1278.o
    0x20000ff7   COMPRESSED   0x00000001   PAD
    0x20000ff8        -       0x00000024   Zero   RW         5427    .bss                wireless_ctrl.o
    0x2000101c   COMPRESSED   0x00000004   PAD
    0x20001020        -       0x00000800   Zero   RW            1    STACK               startup_stm32f103xb.o


==============================================================================

Image component sizes


      Code (inc. data)   RO Data    RW Data    ZI Data      Debug   Object Name

       350         36          0          0          0       4839   1-wire.o
        76         18          0          8          0       1475   crc.o
       744         50          0         14         73       6296   ds18b20.o
       100         12          0          0          0       2020   eeprom.o
       228         18          0          0          0        951   gpio.o
       148          4          0          0          0       1043   hw_crc32.o
       160         28          0          0         84       1621   i2c.o
       160          0          0          0          0       2680   main.o
       184         24          0          0         88       1645   spi.o
        36          8        236          0       2048        812   startup_stm32f103xb.o
       164         28          0         12          0       5957   stm32f1xx_hal.o
       198         14          0          0          0      28951   stm32f1xx_hal_cortex.o
        34          0          0          0          0       1043   stm32f1xx_hal_crc.o
       152          4          0          0          0       1119   stm32f1xx_hal_dma.o
       520         40          0          0          0       5260   stm32f1xx_hal_gpio.o
      2498         54          0          0          0      13794   stm32f1xx_hal_i2c.o
        60          8          0          0          0        862   stm32f1xx_hal_msp.o
      1724          0          0          0          0      10637   stm32f1xx_hal_pcd.o
        52          0          0          0          0       1190   stm32f1xx_hal_pcd_ex.o
      1276        100          0          0          0       5384   stm32f1xx_hal_rcc.o
       232         12          0          0          0       1452   stm32f1xx_hal_rcc_ex.o
      1550          0          0          0          0       8026   stm32f1xx_hal_spi.o
       884         14          0          0          0      10469   stm32f1xx_hal_tim.o
        70          0          0          0          0       2429   stm32f1xx_hal_tim_ex.o
      1216         12          0          0          0       9467   stm32f1xx_hal_uart.o
       100         26          0          0          0       5683   stm32f1xx_it.o
      1682          0          0          0          0      15433   stm32f1xx_ll_usb.o
      2124        474        132         76        266      16573   sx1278.o
       808         62          0        144         64     461463   system.o
        72         16         24          4          0       1183   system_stm32f1xx.o
       164         18          0          0         64       1646   tim.o
      5644       2532        345        244          0      12762   uart_cmd_parser.o
       344         36          0          5        144       2615   usart.o
        84         18          0          0        708        776   usb_device.o
       726         16          0        271          0      13230   usbd_cdc.o
       284         28          0         20        208       3873   usbd_cdc_if.o
       544         30          0          0       1164      13737   usbd_conf.o
       670          0          0          0          0       9575   usbd_core.o
      1186         28          0          1          0       8152   usbd_ctlreq.o
       286        104          0         78        256       5853   usbd_desc.o
       132          0          0          0          0       4380   usbd_ioreq.o
      1748        520         65         76         36       8517   wireless_ctrl.o

    ----------------------------------------------------------------------
     29448       4392        839        964       5208     714873   Object Totals
         0          0         32          0          0          0   (incl. Generated)
        34          0          5         11          5          0   (incl. Padding)

    ----------------------------------------------------------------------

      Code (inc. data)   RO Data    RW Data    ZI Data      Debug   Library Member Name

        86          0          0          0          0          0   __dczerorl2.o
        28          0          0          0          0         68   _chval.o
       158          0          0          0          0         92   _strtoul.o
         8          4        133          0          0         68   ctype_o.o
         0          0          0          0          0          0   entry.o
         0          0          0          0          0          0   entry10a.o
         0          0          0          0          0          0   entry11a.o
         8          4          0          0          0          0   entry2.o
         4          0          0          0          0          0   entry5.o
         0          0          0          0          0          0   entry7b.o
         0          0          0          0          0          0   entry8b.o
         8          4          0          0          0          0   entry9a.o
         8          4          0          4          0         68   errno.o
        30          0          0          0          0          0   handlers.o
        36          8          0          0          0         68   init.o
        30          0          0          0          0         68   llshl.o
        32          0          0          0          0         68   llushr.o
        36          0          0          0          0         68   memcpya.o
        36          0          0          0          0        108   memseta.o
      1172         50          0          0          0        420   printf8.o
        18          0          0          0          0         68   strcpy.o
        14          0          0          0          0         68   strlen.o
        30          0          0          0          0         80   strncmp.o
       112          0          0          0          0         88   strtol.o
        98          0          0          0          0         92   uldiv.o

    ----------------------------------------------------------------------
      1956         74        133          4          0       1492   Library Totals
         4          0          0          0          0          0   (incl. Padding)

    ----------------------------------------------------------------------

      Code (inc. data)   RO Data    RW Data    ZI Data      Debug   Library Name

      1952         74        133          4          0       1492   mc_w.l

    ----------------------------------------------------------------------
      1956         74        133          4          0       1492   Library Totals

    ----------------------------------------------------------------------

==============================================================================


      Code (inc. data)   RO Data    RW Data    ZI Data      Debug   

     31404       4466        972        968       5208     702193   Grand Totals
     31404       4466        972        436       5208     702193   ELF Image Totals (compressed)
     31404       4466        972        436          0          0   ROM Totals

==============================================================================

    Total RO  Size (Code + RO Data)                32376 (  31.62kB)
    Total RW  Size (RW Data + ZI Data)              6176 (   6.03kB)
    Total ROM Size (Code + RO Data + RW Data)      32812 (  32.04kB)

==============================================================================

