Component: ARM Compiler 5.06 update 6 (build 750) Tool: armlink [4d35ed]

==============================================================================

Section Cross References

    startup_stm32f103xb.o(RESET) refers to startup_stm32f103xb.o(STACK) for __initial_sp
    startup_stm32f103xb.o(RESET) refers to startup_stm32f103xb.o(.text) for Reset_Handler
    startup_stm32f103xb.o(RESET) refers to stm32f1xx_it.o(i.NMI_Handler) for NMI_Handler
    startup_stm32f103xb.o(RESET) refers to stm32f1xx_it.o(i.HardFault_Handler) for HardFault_Handler
    startup_stm32f103xb.o(RESET) refers to stm32f1xx_it.o(i.MemManage_Handler) for MemManage_Handler
    startup_stm32f103xb.o(RESET) refers to stm32f1xx_it.o(i.BusFault_Handler) for BusFault_Handler
    startup_stm32f103xb.o(RESET) refers to stm32f1xx_it.o(i.UsageFault_Handler) for UsageFault_Handler
    startup_stm32f103xb.o(RESET) refers to stm32f1xx_it.o(i.SVC_Handler) for SVC_Handler
    startup_stm32f103xb.o(RESET) refers to stm32f1xx_it.o(i.DebugMon_Handler) for DebugMon_Handler
    startup_stm32f103xb.o(RESET) refers to stm32f1xx_it.o(i.PendSV_Handler) for PendSV_Handler
    startup_stm32f103xb.o(RESET) refers to stm32f1xx_it.o(i.SysTick_Handler) for SysTick_Handler
    startup_stm32f103xb.o(RESET) refers to stm32f1xx_it.o(i.EXTI0_IRQHandler) for EXTI0_IRQHandler
    startup_stm32f103xb.o(RESET) refers to stm32f1xx_it.o(i.USB_LP_CAN1_RX0_IRQHandler) for USB_LP_CAN1_RX0_IRQHandler
    startup_stm32f103xb.o(RESET) refers to stm32f1xx_it.o(i.TIM1_UP_IRQHandler) for TIM1_UP_IRQHandler
    startup_stm32f103xb.o(.text) refers to system_stm32f1xx.o(i.SystemInit) for SystemInit
    startup_stm32f103xb.o(.text) refers to entry.o(.ARM.Collect$$$$00000000) for __main
    system.o(i.SysErrorCheck) refers to 1-wire.o(i.ow_Reset) for ow_Reset
    system.o(i.SysErrorCheck) refers to ds18b20.o(i.ds18b20_GetTemp) for ds18b20_GetTemp
    system.o(i.SysErrorCheck) refers to eeprom.o(i.EEPROM_IsDeviceReady) for EEPROM_IsDeviceReady
    system.o(i.SysErrorCheck) refers to stm32f1xx_hal_gpio.o(i.HAL_GPIO_WritePin) for HAL_GPIO_WritePin
    system.o(i.SysErrorCheck) refers to stm32f1xx_hal.o(i.HAL_Delay) for HAL_Delay
    system.o(i.SysErrorCheck) refers to system.o(.data) for .data
    system.o(i.SysInit) refers to 1-wire.o(i.ow_ReadBit) for ow_ReadBit
    system.o(i.SysInit) refers to stm32f1xx_hal.o(i.HAL_Delay) for HAL_Delay
    system.o(i.SysInit) refers to stm32f1xx_hal_gpio.o(i.HAL_GPIO_WritePin) for HAL_GPIO_WritePin
    system.o(i.SysInit) refers to eeprom.o(i.EEPROM_Write) for EEPROM_Write
    system.o(i.SysInit) refers to eeprom.o(i.EEPROM_IsDeviceReady) for EEPROM_IsDeviceReady
    system.o(i.SysInit) refers to ds18b20.o(i.ds18b20_Init) for ds18b20_Init
    system.o(i.SysInit) refers to wireless_ctrl.o(i.WL_Init) for WL_Init
    system.o(i.SysInit) refers to system.o(i.SysVarRW) for SysVarRW
    system.o(i.SysInit) refers to stm32f1xx_hal_tim.o(i.HAL_TIM_Base_Start_IT) for HAL_TIM_Base_Start_IT
    system.o(i.SysInit) refers to ds18b20.o(i.ds18b20_GetTemp) for ds18b20_GetTemp
    system.o(i.SysInit) refers to system.o(.data) for .data
    system.o(i.SysInit) refers to tim.o(.bss) for htim1
    system.o(i.SysVarRW) refers to eeprom.o(i.EEPROM_Write) for EEPROM_Write
    system.o(i.SysVarRW) refers to eeprom.o(i.EEPROM_Read) for EEPROM_Read
    system.o(i.SystemTask) refers to stm32f1xx_hal_gpio.o(i.HAL_GPIO_WritePin) for HAL_GPIO_WritePin
    system.o(i.SystemTask) refers to ds18b20.o(i.ds18b20_GetTemp) for ds18b20_GetTemp
    system.o(i.SystemTask) refers to stm32f1xx_hal_gpio.o(i.HAL_GPIO_ReadPin) for HAL_GPIO_ReadPin
    system.o(i.SystemTask) refers to usbd_cdc_if.o(i.CDC_Transmit_FS) for CDC_Transmit_FS
    system.o(i.SystemTask) refers to uart_cmd_parser.o(i.parseCommand) for parseCommand
    system.o(i.SystemTask) refers to wireless_ctrl.o(i.WL_Handler) for WL_Handler
    system.o(i.SystemTask) refers to uart_cmd_parser.o(i.uartInit) for uartInit
    system.o(i.SystemTask) refers to system.o(i.SysErrorCheck) for SysErrorCheck
    system.o(i.SystemTask) refers to system.o(.data) for .data
    system.o(i.SystemTask) refers to usbd_cdc_if.o(.data) for vcp_rx_flag
    system.o(i.SystemTask) refers to usbd_cdc_if.o(.bss) for vcp_rx_buf
    system.o(.data) refers to ds18b20.o(.data) for DS18B20_TEMP
    main.o(i.SystemClock_Config) refers to memseta.o(.text) for __aeabi_memclr4
    main.o(i.SystemClock_Config) refers to stm32f1xx_hal_rcc.o(i.HAL_RCC_OscConfig) for HAL_RCC_OscConfig
    main.o(i.SystemClock_Config) refers to stm32f1xx_hal_rcc.o(i.HAL_RCC_ClockConfig) for HAL_RCC_ClockConfig
    main.o(i.SystemClock_Config) refers to stm32f1xx_hal_rcc_ex.o(i.HAL_RCCEx_PeriphCLKConfig) for HAL_RCCEx_PeriphCLKConfig
    main.o(i.main) refers to stm32f1xx_hal.o(i.HAL_Init) for HAL_Init
    main.o(i.main) refers to main.o(i.SystemClock_Config) for SystemClock_Config
    main.o(i.main) refers to gpio.o(i.MX_GPIO_Init) for MX_GPIO_Init
[...]
    i._printf_pre_padding                    0x08006330   Section        0  printf8.o(i._printf_pre_padding)
    _printf_pre_padding                      0x08006331   Thumb Code    46  printf8.o(i._printf_pre_padding)
    i._sputc                                 0x0800635e   Section        0  printf8.o(i._sputc)
    _sputc                                   0x0800635f   Thumb Code    10  printf8.o(i._sputc)
    i.ds18b20_Check_CRC                      0x08006368   Section        0  ds18b20.o(i.ds18b20_Check_CRC)
    i.ds18b20_Convert_int8                   0x080063ac   Section        0  ds18b20.o(i.ds18b20_Convert_int8)
    i.ds18b20_GetTemp                        0x080063c8   Section        0  ds18b20.o(i.ds18b20_GetTemp)
    i.ds18b20_Init                           0x080063f0   Section        0  ds18b20.o(i.ds18b20_Init)
    i.ds18b20_MeasureTemperCmd               0x080064bc   Section        0  ds18b20.o(i.ds18b20_MeasureTemperCmd)
    i.ds18b20_ReadStratcpad                  0x08006504   Section        0  ds18b20.o(i.ds18b20_ReadStratcpad)
    i.ds18b20_SearhRom                       0x08006560   Section        0  ds18b20.o(i.ds18b20_SearhRom)
    i.main                                   0x08006650   Section        0  main.o(i.main)
    i.ow_DelayMicro                          0x0800667c   Section        0  1-wire.o(i.ow_DelayMicro)
    i.ow_ReadBit                             0x080066a4   Section        0  1-wire.o(i.ow_ReadBit)
    i.ow_ReadByte                            0x080066e0   Section        0  1-wire.o(i.ow_ReadByte)
    i.ow_Reset                               0x080066fc   Section        0  1-wire.o(i.ow_Reset)
    i.ow_WriteBit                            0x08006740   Section        0  1-wire.o(i.ow_WriteBit)
    i.ow_WriteByte                           0x08006780   Section        0  1-wire.o(i.ow_WriteByte)
    i.ow_input                               0x0800679c   Section        0  1-wire.o(i.ow_input)
    i.ow_output                              0x080067bc   Section        0  1-wire.o(i.ow_output)
    i.parseCommand                           0x080067dc   Section        0  uart_cmd_parser.o(i.parseCommand)
    i.print_pack_info                        0x08007710   Section        0  wireless_ctrl.o(i.print_pack_info)
    i.remove_spaces                          0x080078e8   Section        0  uart_cmd_parser.o(i.remove_spaces)
    i.str_to_int32                           0x0800790e   Section        0  uart_cmd_parser.o(i.str_to_int32)
    i.uartInit                               0x0800792c   Section        0  uart_cmd_parser.o(i.uartInit)
    .constdata                               0x08007fc0   Section       16  system_stm32f1xx.o(.constdata)
    .constdata                               0x08007fd0   Section        8  system_stm32f1xx.o(.constdata)
    .constdata                               0x08007fd8   Section       24  sx1278.o(.constdata)
    SX1278_Frequency                         0x08007fd8   Data           3  sx1278.o(.constdata)
    SX1278_Power                             0x08007fdb   Data           4  sx1278.o(.constdata)
    SX1278_SpreadFactor                      0x08007fdf   Data           7  sx1278.o(.constdata)
    SX1278_LoRaBandwidth                     0x08007fe6   Data          10  sx1278.o(.constdata)
    .constdata                               0x08007ff0   Section        7  uart_cmd_parser.o(.constdata)
    SX1278_SpreadFactor                      0x08007ff0   Data           7  uart_cmd_parser.o(.constdata)
    .constdata                               0x08007ff7   Section      129  ctype_o.o(.constdata)
    .constdata                               0x08008078   Section        4  ctype_o.o(.constdata)
    table                                    0x08008078   Data           4  ctype_o.o(.constdata)
    .conststring                             0x0800807c   Section      108  sx1278.o(.conststring)
    .conststring                             0x080080e8   Section      338  uart_cmd_parser.o(.conststring)
    .conststring                             0x0800823c   Section       65  wireless_ctrl.o(.conststring)
    .data                                    0x20000000   Section      172  system.o(.data)
    eeprom_dump                              0x20000010   Data          72  system.o(.data)
    .data                                    0x200000ac   Section        8  crc.o(.data)
    .data                                    0x200000b4   Section       28  usbd_desc.o(.data)
    .data                                    0x200000d0   Section       50  usbd_desc.o(.data)
    .data                                    0x20000102   Section       11  usbd_cdc_if.o(.data)
    vcp_rx_len                               0x20000103   Data           1  usbd_cdc_if.o(.data)
    csi_rx_len                               0x20000104   Data           1  usbd_cdc_if.o(.data)
    CSI                                      0x20000105   Data           1  usbd_cdc_if.o(.data)
    .data                                    0x20000110   Section       16  usbd_cdc_if.o(.data)
    .data                                    0x20000120   Section       12  stm32f1xx_hal.o(.data)
    .data                                    0x2000012c   Section        4  system_stm32f1xx.o(.data)
    .data                                    0x20000130   Section        1  usbd_ctlreq.o(.data)
    cfgidx                                   0x20000130   Data           1  usbd_ctlreq.o(.data)
    .data                                    0x20000134   Section      215  usbd_cdc.o(.data)
    USBD_CDC_DeviceQualifierDesc             0x20000134   Data          10  usbd_cdc.o(.data)
    .data                                    0x2000020c   Section       56  usbd_cdc.o(.data)
    .data                                    0x20000244   Section       14  ds18b20.o(.data)
    .data                                    0x20000254   Section       76  sx1278.o(.data)
    SX1278_Power_s                           0x20000258   Data          16  sx1278.o(.data)
    SX1278_LoRaBandwidth_s                   0x20000268   Data          40  sx1278.o(.data)
    SX1278_CR_s                              0x20000290   Data          16  sx1278.o(.data)
    .data                                    0x200002a0   Section      244  uart_cmd_parser.o(.data)
    PACK_STATE_STR                           0x200002a0   Data          32  uart_cmd_parser.o(.data)
    SX1278_Power_s                           0x200002c0   Data          16  uart_cmd_parser.o(.data)
    SX1278_LoRaBandwidth_s                   0x200002d0   Data          40  uart_cmd_parser.o(.data)
    SX1278_CR_s                              0x200002f8   Data          16  uart_cmd_parser.o(.data)
    eeprom_dump                              0x20000308   Data          72  uart_cmd_parser.o(.data)
    commands                                 0x20000350   Data          44  uart_cmd_parser.o(.data)
    param                                    0x2000037c   Data          24  uart_cmd_parser.o(.data)
    .data                                    0x20000394   Section       76  wireless_ctrl.o(.data)
    PACK_STATE_STR                           0x200003a0   Data          32  wireless_ctrl.o(.data)
    CMD_STATE_STR                            0x200003c0   Data          32  wireless_ctrl.o(.data)
    .data                                    0x200003e0   Section        4  errno.o(.data)
    _errno                                   0x200003e0   Data           4  errno.o(.data)
    .bss                                     0x200003e4   Section       64  system.o(.bss)
    .bss                                     0x20000424   Section       84  i2c.o(.bss)
    .bss                                     0x20000478   Section       88  spi.o(.bss)
    .bss                                     0x200004d0   Section       72  tim.o(.bss)
    .bss                                     0x20000518   Section      708  usb_device.o(.bss)
    .bss                                     0x200007dc   Section     1292  usbd_conf.o(.bss)
    mem                                      0x200007dc   Data         544  usbd_conf.o(.bss)
    .bss                                     0x20000ce8   Section      256  usbd_desc.o(.bss)
    .bss                                     0x20000de8   Section      272  usbd_cdc_if.o(.bss)
    .bss                                     0x20000ef8   Section       73  ds18b20.o(.bss)
    .bss                                     0x20000f41   Section      266  sx1278.o(.bss)
    .bss                                     0x2000104c   Section       36  wireless_ctrl.o(.bss)
    STACK                                    0x20001070   Section     2048  startup_stm32f103xb.o(STACK)

    Global Symbols

    Symbol Name                              Value     Ov Type        Size  Object(Section)

    BuildAttributes$$THM_ISAv4$P$D$K$B$S$PE$A:L22UL41UL21$X:L11$S22US41US21$IEEE1$IW$USESV6$~STKCKD$USESV7$~SHL$OSPACE$ROPI$EBA8$MICROLIB$REQ8$PRES8$EABIv2 0x00000000   Number         0  anon$$obj.o ABSOLUTE
    __ARM_use_no_argv                        0x00000000   Number         0  main.o ABSOLUTE
    _printf_a                                0x00000000   Number         0  stubs.o ABSOLUTE
    _printf_c                                0x00000000   Number         0  stubs.o ABSOLUTE
    _printf_charcount                        0x00000000   Number         0  stubs.o ABSOLUTE
    _printf_d                                0x00000000   Number         0  stubs.o ABSOLUTE
    _printf_e                                0x00000000   Number         0  stubs.o ABSOLUTE
    _printf_f                                0x00000000   Number         0  stubs.o ABSOLUTE
    _printf_flags                            0x00000000   Number         0  stubs.o ABSOLUTE
    _printf_fp_dec                           0x00000000   Number         0  stubs.o ABSOLUTE
    _printf_fp_hex                           0x00000000   Number         0  stubs.o ABSOLUTE
    _printf_g                                0x00000000   Number         0  stubs.o ABSOLUTE
    _printf_i                                0x00000000   Number         0  stubs.o ABSOLUTE
    _printf_int_dec                          0x00000000   Number         0  stubs.o ABSOLUTE
    _printf_l                                0x00000000   Number         0  stubs.o ABSOLUTE
    _printf_lc                               0x00000000   Number         0  stubs.o ABSOLUTE
    _printf_ll                               0x00000000   Number         0  stubs.o ABSOLUTE
    _printf_lld                              0x00000000   Number         0  stubs.o ABSOLUTE
    _printf_lli                              0x00000000   Number         0  stubs.o ABSOLUTE
    _printf_llo                              0x00000000   Number         0  stubs.o ABSOLUTE
    _printf_llu                              0x00000000   Number         0  stubs.o ABSOLUTE
    _printf_llx                              0x00000000   Number         0  stubs.o ABSOLUTE
    _printf_longlong_dec                     0x00000000   Number         0  stubs.o ABSOLUTE
    _printf_longlong_hex                     0x00000000   Number         0  stubs.o ABSOLUTE
    _printf_longlong_oct                     0x00000000   Number         0  stubs.o ABSOLUTE
    _printf_ls                               0x00000000   Number         0  stubs.o ABSOLUTE
    _printf_mbtowc                           0x00000000   Number         0  stubs.o ABSOLUTE
    _printf_n                                0x00000000   Number         0  stubs.o ABSOLUTE
    _printf_o                                0x00000000   Number         0  stubs.o ABSOLUTE
    _printf_p                                0x00000000   Number         0  stubs.o ABSOLUTE
    _printf_percent                          0x00000000   Number         0  stubs.o ABSOLUTE
    _printf_pre_padding                      0x00000000   Number         0  stubs.o ABSOLUTE
    _printf_return_value                     0x00000000   Number         0  stubs.o ABSOLUTE
    _printf_s                                0x00000000   Number         0  stubs.o ABSOLUTE
    _printf_sizespec                         0x00000000   Number         0  stubs.o ABSOLUTE
    _printf_str                              0x00000000   Number         0  stubs.o ABSOLUTE
    _printf_truncate_signed                  0x00000000   Number         0  stubs.o ABSOLUTE
    _printf_truncate_unsigned                0x00000000   Number         0  stubs.o ABSOLUTE
    _printf_u                                0x00000000   Number         0  stubs.o ABSOLUTE
    _printf_wc                               0x00000000   Number         0  stubs.o ABSOLUTE
    _printf_wctomb                           0x00000000   Number         0  stubs.o ABSOLUTE
    _printf_widthprec                        0x00000000   Number         0  stubs.o ABSOLUTE
    _printf_x                                0x00000000   Number         0  stubs.o ABSOLUTE
    __cpp_initialize__aeabi_                  - Undefined Weak Reference
    __cxa_finalize                            - Undefined Weak Reference
    _clock_init                               - Undefined Weak Reference
    _microlib_exit                            - Undefined Weak Reference
    __Vectors_Size                           0x000000ec   Number         0  startup_stm32f103xb.o ABSOLUTE
    __Vectors                                0x08000000   Data           4  startup_stm32f103xb.o(RESET)
    __Vectors_End                            0x080000ec   Data           0  startup_stm32f103xb.o(RESET)
    __main                                   0x080000ed   Thumb Code     0  entry.o(.ARM.Collect$$$$00000000)
    _main_stk                                0x080000ed   Thumb Code     0  entry2.o(.ARM.Collect$$$$00000001)
    _main_scatterload                        0x080000f1   Thumb Code     0  entry5.o(.ARM.Collect$$$$00000004)
    __main_after_scatterload                 0x080000f5   Thumb Code     0  entry5.o(.ARM.Collect$$$$00000004)
    _main_clock                              0x080000f5   Thumb Code     0  entry7b.o(.ARM.Collect$$$$00000008)
    _main_cpp_init                           0x080000f5   Thumb Code     0  entry8b.o(.ARM.Collect$$$$0000000A)
    _main_init                               0x080000f5   Thumb Code     0  entry9a.o(.ARM.Collect$$$$0000000B)
    __rt_final_cpp                           0x080000fd   Thumb Code     0  entry10a.o(.ARM.Collect$$$$0000000D)
    __rt_final_exit                          0x080000fd   Thumb Code     0  entry11a.o(.ARM.Collect$$$$0000000F)
    Reset_Handler                            0x08000101   Thumb Code     8  startup_stm32f103xb.o(.text)
    ADC1_2_IRQHandler                        0x0800011b   Thumb Code     0  startup_stm32f103xb.o(.text)
    CAN1_RX1_IRQHandler                      0x0800011b   Thumb Code     0  startup_stm32f103xb.o(.text)
    CAN1_SCE_IRQHandler                      0x0800011b   Thumb Code     0  startup_stm32f103xb.o(.text)
    DMA1_Channel1_IRQHandler                 0x0800011b   Thumb Code     0  startup_stm32f103xb.o(.text)
    DMA1_Channel2_IRQHandler                 0x0800011b   Thumb Code     0  startup_stm32f103xb.o(.text)
    DMA1_Channel3_IRQHandler                 0x0800011b   Thumb Code     0  startup_stm32f103xb.o(.text)
    DMA1_Channel4_IRQHandler                 0x0800011b   Thumb Code     0  startup_stm32f103xb.o(.text)
    DMA1_Channel5_IRQHandler                 0x0800011b   Thumb Code     0  startup_stm32f103xb.o(.text)
    DMA1_Channel6_IRQHandler                 0x0800011b   Thumb Code     0  startup_stm32f103xb.o(.text)
    DMA1_Channel7_IRQHandler                 0x0800011b   Thumb Code     0  startup_stm32f103xb.o(.text)
    EXTI15_10_IRQHandler                     0x0800011b   Thumb Code     0  startup_stm32f103xb.o(.text)
    EXTI1_IRQHandler                         0x0800011b   Thumb Code     0  startup_stm32f103xb.o(.text)
    EXTI2_IRQHandler                         0x0800011b   Thumb Code     0  startup_stm32f103xb.o(.text)
    EXTI3_IRQHandler                         0x0800011b   Thumb Code     0  startup_stm32f103xb.o(.text)
    EXTI4_IRQHandler                         0x0800011b   Thumb Code     0  startup_stm32f103xb.o(.text)
    EXTI9_5_IRQHandler                       0x0800011b   Thumb Code     0  startup_stm32f103xb.o(.text)
    FLASH_IRQHandler                         0x0800011b   Thumb Code     0  startup_stm32f103xb.o(.text)
    I2C1_ER_IRQHandler                       0x0800011b   Thumb Code     0  startup_stm32f103xb.o(.text)
    I2C1_EV_IRQHandler                       0x0800011b   Thumb Code     0  startup_stm32f103xb.o(.text)
    I2C2_ER_IRQHandler                       0x0800011b   Thumb Code     0  startup_stm32f103xb.o(.text)
    I2C2_EV_IRQHandler                       0x0800011b   Thumb Code     0  startup_stm32f103xb.o(.text)
    PVD_IRQHandler                           0x0800011b   Thumb Code     0  startup_stm32f103xb.o(.text)
    RCC_IRQHandler                           0x0800011b   Thumb Code     0  startup_stm32f103xb.o(.text)
    RTC_Alarm_IRQHandler                     0x0800011b   Thumb Code     0  startup_stm32f103xb.o(.text)
    RTC_IRQHandler                           0x0800011b   Thumb Code     0  startup_stm32f103xb.o(.text)
    SPI1_IRQHandler                          0x0800011b   Thumb Code     0  startup_stm32f103xb.o(.text)
    SPI2_IRQHandler                          0x0800011b   Thumb Code     0  startup_stm32f103xb.o(.text)
    TAMPER_IRQHandler                        0x0800011b   Thumb Code     0  startup_stm32f103xb.o(.text)
    TIM1_BRK_IRQHandler                      0x0800011b   Thumb Code     0  startup_stm32f103xb.o(.text)
    TIM1_CC_IRQHandler                       0x0800011b   Thumb Code     0  startup_stm32f103xb.o(.text)
    TIM1_TRG_COM_IRQHandler                  0x0800011b   Thumb Code     0  startup_stm32f103xb.o(.text)
    TIM2_IRQHandler                          0x0800011b   Thumb Code     0  startup_stm32f103xb.o(.text)
    TIM3_IRQHandler                          0x0800011b   Thumb Code     0  startup_stm32f103xb.o(.text)
    TIM4_IRQHandler                          0x0800011b   Thumb Code     0  startup_stm32f103xb.o(.text)
    USART1_IRQHandler                        0x0800011b   Thumb Code     0  startup_stm32f103xb.o(.text)
    USART2_IRQHandler                        0x0800011b   Thumb Code     0  startup_stm32f103xb.o(.text)
    USART3_IRQHandler                        0x0800011b   Thumb Code     0  startup_stm32f103xb.o(.text)
    USBWakeUp_IRQHandler                     0x0800011b   Thumb Code     0  startup_stm32f103xb.o(.text)
    USB_HP_CAN1_TX_IRQHandler                0x0800011b   Thumb Code     0  startup_stm32f103xb.o(.text)
    WWDG_IRQHandler                          0x0800011b   Thumb Code     0  startup_stm32f103xb.o(.text)
    __aeabi_llsr                             0x08000125   Thumb Code    32  llushr.o(.text)
    _ll_ushift_r                             0x08000125   Thumb Code     0  llushr.o(.text)
    __aeabi_memcpy                           0x08000145   Thumb Code    36  memcpya.o(.text)
    __aeabi_memcpy4                          0x08000145   Thumb Code     0  memcpya.o(.text)
    __aeabi_memcpy8                          0x08000145   Thumb Code     0  memcpya.o(.text)
    __aeabi_memset                           0x08000169   Thumb Code    14  memseta.o(.text)
    __aeabi_memset4                          0x08000169   Thumb Code     0  memseta.o(.text)
    __aeabi_memset8                          0x08000169   Thumb Code     0  memseta.o(.text)
    __aeabi_memclr                           0x08000177   Thumb Code     4  memseta.o(.text)
    __aeabi_memclr4                          0x08000177   Thumb Code     0  memseta.o(.text)
    __aeabi_memclr8                          0x08000177   Thumb Code     0  memseta.o(.text)
    _memset$wrapper                          0x0800017b   Thumb Code    18  memseta.o(.text)
    strchr                                   0x0800018d   Thumb Code    20  strchr.o(.text)
    strlen                                   0x080001a1   Thumb Code    14  strlen.o(.text)
    strcpy                                   0x080001af   Thumb Code    18  strcpy.o(.text)
    strncmp                                  0x080001c1   Thumb Code    30  strncmp.o(.text)
    strtol                                   0x080001df   Thumb Code   112  strtol.o(.text)
    __aeabi_uldivmod                         0x0800024f   Thumb Code    98  uldiv.o(.text)
    __rt_ctype_table                         0x080002b1   Thumb Code     4  ctype_o.o(.text)
    _strtoul                                 0x080002b9   Thumb Code   158  _strtoul.o(.text)
    __scatterload                            0x08000359   Thumb Code    28  init.o(.text)
    __scatterload_rt2                        0x08000359   Thumb Code     0  init.o(.text)
    __aeabi_llsl                             0x0800037d   Thumb Code    30  llshl.o(.text)
    _ll_shift_l                              0x0800037d   Thumb Code     0  llshl.o(.text)
    _chval                                   0x0800039b   Thumb Code    28  _chval.o(.text)
    __decompress                             0x080003b7   Thumb Code     0  __dczerorl2.o(.text)
    __decompress1                            0x080003b7   Thumb Code    86  __dczerorl2.o(.text)
    BusFault_Handler                         0x0800040d   Thumb Code     2  stm32f1xx_it.o(i.BusFault_Handler)
    CDC_Transmit_FS                          0x08000555   Thumb Code    38  usbd_cdc_if.o(i.CDC_Transmit_FS)
    DebugMon_Handler                         0x08000581   Thumb Code     2  stm32f1xx_it.o(i.DebugMon_Handler)
    EEPROM_IsDeviceReady                     0x08000585   Thumb Code    24  eeprom.o(i.EEPROM_IsDeviceReady)
    EEPROM_Read                              0x080005a1   Thumb Code    32  eeprom.o(i.EEPROM_Read)
    EEPROM_Write                             0x080005c5   Thumb Code    32  eeprom.o(i.EEPROM_Write)
    EXTI0_IRQHandler                         0x080005e9   Thumb Code    16  stm32f1xx_it.o(i.EXTI0_IRQHandler)
    Error_Handler                            0x080005f9   Thumb Code     2  main.o(i.Error_Handler)
    HAL_CRC_Init                             0x080005fb   Thumb Code    34  stm32f1xx_hal_crc.o(i.HAL_CRC_Init)
    HAL_CRC_MspInit                          0x0800061d   Thumb Code    30  crc.o(i.HAL_CRC_MspInit)
    HAL_Delay                                0x08000645   Thumb Code    32  stm32f1xx_hal.o(i.HAL_Delay)
    HAL_GPIO_EXTI_Callback                   0x08000669   Thumb Code     2  stm32f1xx_hal_gpio.o(i.HAL_GPIO_EXTI_Callback)
    HAL_GPIO_EXTI_IRQHandler                 0x0800066d   Thumb Code    18  stm32f1xx_hal_gpio.o(i.HAL_GPIO_EXTI_IRQHandler)
    HAL_GPIO_Init                            0x08000685   Thumb Code   426  stm32f1xx_hal_gpio.o(i.HAL_GPIO_Init)
    HAL_GPIO_ReadPin                         0x08000851   Thumb Code    10  stm32f1xx_hal_gpio.o(i.HAL_GPIO_ReadPin)
    HAL_GPIO_TogglePin                       0x0800085b   Thumb Code    16  stm32f1xx_hal_gpio.o(i.HAL_GPIO_TogglePin)
    HAL_GPIO_WritePin                        0x0800086b   Thumb Code    10  stm32f1xx_hal_gpio.o(i.HAL_GPIO_WritePin)
    HAL_GetTick                              0x08000875   Thumb Code     6  stm32f1xx_hal.o(i.HAL_GetTick)
    HAL_I2C_Init                             0x08000881   Thumb Code   376  stm32f1xx_hal_i2c.o(i.HAL_I2C_Init)
    HAL_I2C_IsDeviceReady                    0x08000a09   Thumb Code   356  stm32f1xx_hal_i2c.o(i.HAL_I2C_IsDeviceReady)
    HAL_I2C_Mem_Read                         0x08000b75   Thumb Code   574  stm32f1xx_hal_i2c.o(i.HAL_I2C_Mem_Read)
    HAL_I2C_Mem_Write                        0x08000dc5   Thumb Code   294  stm32f1xx_hal_i2c.o(i.HAL_I2C_Mem_Write)
    HAL_I2C_MspInit                          0x08000ef5   Thumb Code    82  i2c.o(i.HAL_I2C_MspInit)
    HAL_IncTick                              0x08000f55   Thumb Code    12  stm32f1xx_hal.o(i.HAL_IncTick)
    HAL_Init                                 0x08000f65   Thumb Code    32  stm32f1xx_hal.o(i.HAL_Init)
    HAL_InitTick                             0x08000f89   Thumb Code    54  stm32f1xx_hal.o(i.HAL_InitTick)
    HAL_MspInit                              0x08000fc9   Thumb Code    52  stm32f1xx_hal_msp.o(i.HAL_MspInit)
    HAL_NVIC_EnableIRQ                       0x08001005   Thumb Code    26  stm32f1xx_hal_cortex.o(i.HAL_NVIC_EnableIRQ)
    HAL_NVIC_SetPriority                     0x08001021   Thumb Code    60  stm32f1xx_hal_cortex.o(i.HAL_NVIC_SetPriority)
    HAL_NVIC_SetPriorityGrouping             0x08001061   Thumb Code    26  stm32f1xx_hal_cortex.o(i.HAL_NVIC_SetPriorityGrouping)
    HAL_PCDEx_PMAConfig                      0x08001085   Thumb Code    60  stm32f1xx_hal_pcd_ex.o(i.HAL_PCDEx_PMAConfig)
    HAL_PCDEx_SetConnectionState             0x080010c1   Thumb Code     2  usbd_conf.o(i.HAL_PCDEx_SetConnectionState)
    HAL_PCD_DataInStageCallback              0x080010c3   Thumb Code    18  usbd_conf.o(i.HAL_PCD_DataInStageCallback)
    HAL_PCD_DataOutStageCallback             0x080010d5   Thumb Code    20  usbd_conf.o(i.HAL_PCD_DataOutStageCallback)
    HAL_PCD_EP_Close                         0x080010e9   Thumb Code    76  stm32f1xx_hal_pcd.o(i.HAL_PCD_EP_Close)
    HAL_PCD_EP_ClrStall                      0x08001135   Thumb Code    92  stm32f1xx_hal_pcd.o(i.HAL_PCD_EP_ClrStall)
    HAL_PCD_EP_GetRxCount                    0x080015a1   Thumb Code    18  stm32f1xx_hal_pcd.o(i.HAL_PCD_EP_GetRxCount)
    HAL_PCD_EP_Open                          0x080015b3   Thumb Code    96  stm32f1xx_hal_pcd.o(i.HAL_PCD_EP_Open)
    HAL_PCD_EP_Receive                       0x08001613   Thumb Code    50  stm32f1xx_hal_pcd.o(i.HAL_PCD_EP_Receive)
    HAL_PCD_EP_SetStall                      0x08001645   Thumb Code   114  stm32f1xx_hal_pcd.o(i.HAL_PCD_EP_SetStall)
    HAL_PCD_EP_Transmit                      0x080016b7   Thumb Code    52  stm32f1xx_hal_pcd.o(i.HAL_PCD_EP_Transmit)
    HAL_PCD_IRQHandler                       0x080016eb   Thumb Code   340  stm32f1xx_hal_pcd.o(i.HAL_PCD_IRQHandler)
    HAL_PCD_Init                             0x0800183f   Thumb Code   216  stm32f1xx_hal_pcd.o(i.HAL_PCD_Init)
    HAL_PCD_MspInit                          0x08001919   Thumb Code    50  usbd_conf.o(i.HAL_PCD_MspInit)
    HAL_PCD_ResetCallback                    0x08001955   Thumb Code    38  usbd_conf.o(i.HAL_PCD_ResetCallback)
    HAL_PCD_ResumeCallback                   0x0800197b   Thumb Code     8  usbd_conf.o(i.HAL_PCD_ResumeCallback)
    HAL_PCD_SOFCallback                      0x08001983   Thumb Code     8  usbd_conf.o(i.HAL_PCD_SOFCallback)
    HAL_PCD_SetAddress                       0x0800198b   Thumb Code    40  stm32f1xx_hal_pcd.o(i.HAL_PCD_SetAddress)
    HAL_PCD_SetupStageCallback               0x080019b3   Thumb Code    14  usbd_conf.o(i.HAL_PCD_SetupStageCallback)
    HAL_PCD_Start                            0x080019c1   Thumb Code    50  stm32f1xx_hal_pcd.o(i.HAL_PCD_Start)
    HAL_PCD_SuspendCallback                  0x080019f5   Thumb Code    30  usbd_conf.o(i.HAL_PCD_SuspendCallback)
    HAL_RCCEx_PeriphCLKConfig                0x08001a19   Thumb Code   220  stm32f1xx_hal_rcc_ex.o(i.HAL_RCCEx_PeriphCLKConfig)
    HAL_RCC_ClockConfig                      0x08001b01   Thumb Code   292  stm32f1xx_hal_rcc.o(i.HAL_RCC_ClockConfig)
    HAL_RCC_GetPCLK1Freq                     0x08001c39   Thumb Code    20  stm32f1xx_hal_rcc.o(i.HAL_RCC_GetPCLK1Freq)
    HAL_RCC_GetSysClockFreq                  0x08001c59   Thumb Code    74  stm32f1xx_hal_rcc.o(i.HAL_RCC_GetSysClockFreq)
    HAL_RCC_OscConfig                        0x08001cc5   Thumb Code   770  stm32f1xx_hal_rcc.o(i.HAL_RCC_OscConfig)
    HAL_SPI_Init                             0x08001fdd   Thumb Code   178  stm32f1xx_hal_spi.o(i.HAL_SPI_Init)
    HAL_SPI_MspInit                          0x08002091   Thumb Code    98  spi.o(i.HAL_SPI_MspInit)
    HAL_SPI_Receive                          0x08002101   Thumb Code   340  stm32f1xx_hal_spi.o(i.HAL_SPI_Receive)
    HAL_SPI_Transmit                         0x08002255   Thumb Code   362  stm32f1xx_hal_spi.o(i.HAL_SPI_Transmit)
    HAL_SPI_TransmitReceive                  0x080023bf   Thumb Code   474  stm32f1xx_hal_spi.o(i.HAL_SPI_TransmitReceive)
    HAL_SYSTICK_Config                       0x08002599   Thumb Code    40  stm32f1xx_hal_cortex.o(i.HAL_SYSTICK_Config)
    HAL_TIMEx_BreakCallback                  0x080025c1   Thumb Code     2  stm32f1xx_hal_tim_ex.o(i.HAL_TIMEx_BreakCallback)
    HAL_TIMEx_CommutCallback                 0x080025c3   Thumb Code     2  stm32f1xx_hal_tim_ex.o(i.HAL_TIMEx_CommutCallback)
    HAL_TIMEx_MasterConfigSynchronization    0x080025c5   Thumb Code    92  stm32f1xx_hal_tim_ex.o(i.HAL_TIMEx_MasterConfigSynchronization)
    HAL_TIM_Base_Init                        0x0800262d   Thumb Code    90  stm32f1xx_hal_tim.o(i.HAL_TIM_Base_Init)
    HAL_TIM_Base_MspInit                     0x08002689   Thumb Code    50  tim.o(i.HAL_TIM_Base_MspInit)
    HAL_TIM_Base_Start_IT                    0x080026c5   Thumb Code    76  stm32f1xx_hal_tim.o(i.HAL_TIM_Base_Start_IT)
    HAL_TIM_ConfigClockSource                0x0800271d   Thumb Code   214  stm32f1xx_hal_tim.o(i.HAL_TIM_ConfigClockSource)
    HAL_TIM_IC_CaptureCallback               0x080027f3   Thumb Code     2  stm32f1xx_hal_tim.o(i.HAL_TIM_IC_CaptureCallback)
    HAL_TIM_IRQHandler                       0x080027f5   Thumb Code   358  stm32f1xx_hal_tim.o(i.HAL_TIM_IRQHandler)
    HAL_TIM_OC_DelayElapsedCallback          0x0800295b   Thumb Code     2  stm32f1xx_hal_tim.o(i.HAL_TIM_OC_DelayElapsedCallback)
    HAL_TIM_PWM_PulseFinishedCallback        0x0800295d   Thumb Code     2  stm32f1xx_hal_tim.o(i.HAL_TIM_PWM_PulseFinishedCallback)
    HAL_TIM_PeriodElapsedCallback            0x0800295f   Thumb Code     2  stm32f1xx_hal_tim.o(i.HAL_TIM_PeriodElapsedCallback)
    HAL_TIM_TriggerCallback                  0x08002961   Thumb Code     2  stm32f1xx_hal_tim.o(i.HAL_TIM_TriggerCallback)
    HW_CRC32                                 0x08002965   Thumb Code   144  hw_crc32.o(i.HW_CRC32)
    HardFault_Handler                        0x080029f9   Thumb Code     2  stm32f1xx_it.o(i.HardFault_Handler)
    MX_CRC_Init                              0x08002e05   Thumb Code    28  crc.o(i.MX_CRC_Init)
    MX_GPIO_Init                             0x08002e29   Thumb Code   210  gpio.o(i.MX_GPIO_Init)
    MX_I2C2_Init                             0x08002f0d   Thumb Code    50  i2c.o(i.MX_I2C2_Init)
    MX_SPI1_Init                             0x08002f4d   Thumb Code    62  spi.o(i.MX_SPI1_Init)
    MX_TIM1_Init                             0x08002f95   Thumb Code    96  tim.o(i.MX_TIM1_Init)
    MX_USB_DEVICE_Init                       0x08002ffd   Thumb Code    66  usb_device.o(i.MX_USB_DEVICE_Init)
    MemManage_Handler                        0x08003051   Thumb Code     2  stm32f1xx_it.o(i.MemManage_Handler)
    NMI_Handler                              0x08003053   Thumb Code     2  stm32f1xx_it.o(i.NMI_Handler)
    PendSV_Handler                           0x08003355   Thumb Code     2  stm32f1xx_it.o(i.PendSV_Handler)
    SVC_Handler                              0x0800348d   Thumb Code     2  stm32f1xx_it.o(i.SVC_Handler)
    SX1278_Get_State                         0x08003491   Thumb Code   420  sx1278.o(i.SX1278_Get_State)
    SX1278_IRQ_Callback                      0x08003745   Thumb Code   152  sx1278.o(i.SX1278_IRQ_Callback)
    SX1278_LoRaEntryRx                       0x08003841   Thumb Code   128  sx1278.o(i.SX1278_LoRaEntryRx)
    SX1278_LoRaEntryTx                       0x080038c5   Thumb Code   106  sx1278.o(i.SX1278_LoRaEntryTx)
    SX1278_LoRaTxPacket                      0x08003935   Thumb Code    68  sx1278.o(i.SX1278_LoRaTxPacket)
    SX1278_SPIBurstRead                      0x0800397d   Thumb Code    62  sx1278.o(i.SX1278_SPIBurstRead)
    SX1278_SPIBurstWrite                     0x080039c5   Thumb Code    80  sx1278.o(i.SX1278_SPIBurstWrite)
    SX1278_SPIReadReg                        0x08003a1d   Thumb Code    74  sx1278.o(i.SX1278_SPIReadReg)
    SX1278_SPIWriteReg                       0x08003a71   Thumb Code    66  sx1278.o(i.SX1278_SPIWriteReg)
    SX1278_clearIrq                          0x08003abd   Thumb Code     8  sx1278.o(i.SX1278_clearIrq)
    SX1278_config                            0x08003ac5   Thumb Code   226  sx1278.o(i.SX1278_config)
    SX1278_defaultConfig                     0x08003bb5   Thumb Code    14  sx1278.o(i.SX1278_defaultConfig)
    SX1278_entryLoRa                         0x08003bc9   Thumb Code     8  sx1278.o(i.SX1278_entryLoRa)
    SX1278_init                              0x08003bd1   Thumb Code    52  sx1278.o(i.SX1278_init)
    SX1278_readFIFO                          0x08003c0d   Thumb Code    62  sx1278.o(i.SX1278_readFIFO)
    SX1278_reset                             0x08003c51   Thumb Code    52  sx1278.o(i.SX1278_reset)
    SX1278_sleep                             0x08003c89   Thumb Code    18  sx1278.o(i.SX1278_sleep)
    SX1278_standby                           0x08003ca1   Thumb Code    18  sx1278.o(i.SX1278_standby)
    SX1278_transmit                          0x08003cb9   Thumb Code    36  sx1278.o(i.SX1278_transmit)
    SysErrorCheck                            0x08003cdd   Thumb Code   168  system.o(i.SysErrorCheck)
    SysInit                                  0x08003d8d   Thumb Code   368  system.o(i.SysInit)
    SysTick_Handler                          0x08003f0d   Thumb Code     4  stm32f1xx_it.o(i.SysTick_Handler)
    SysVarRW                                 0x08003f11   Thumb Code    32  system.o(i.SysVarRW)
    SystemClock_Config                       0x08003f31   Thumb Code   112  main.o(i.SystemClock_Config)
    SystemInit                               0x08003fa1   Thumb Code    56  system_stm32f1xx.o(i.SystemInit)
    SystemTask                               0x08003fe9   Thumb Code   192  system.o(i.SystemTask)
    TIM1_UP_IRQHandler                       0x080040c1   Thumb Code    26  stm32f1xx_it.o(i.TIM1_UP_IRQHandler)
    TIM_Base_SetConfig                       0x080040e9   Thumb Code    94  stm32f1xx_hal_tim.o(i.TIM_Base_SetConfig)
    TIM_ETR_SetConfig                        0x08004155   Thumb Code    20  stm32f1xx_hal_tim.o(i.TIM_ETR_SetConfig)
    USBD_CDC_GetDeviceQualifierDescriptor    0x0800429d   Thumb Code     8  usbd_cdc.o(i.USBD_CDC_GetDeviceQualifierDescriptor)
    USBD_CDC_ReceivePacket                   0x08004361   Thumb Code    40  usbd_cdc.o(i.USBD_CDC_ReceivePacket)
    USBD_CDC_RegisterInterface               0x08004389   Thumb Code    16  usbd_cdc.o(i.USBD_CDC_RegisterInterface)
    USBD_CDC_SetRxBuffer                     0x08004399   Thumb Code    12  usbd_cdc.o(i.USBD_CDC_SetRxBuffer)
    USBD_CDC_SetTxBuffer                     0x080043a5   Thumb Code    16  usbd_cdc.o(i.USBD_CDC_SetTxBuffer)
    USBD_CDC_TransmitPacket                  0x08004461   Thumb Code    54  usbd_cdc.o(i.USBD_CDC_TransmitPacket)
    USBD_ClrClassConfig                      0x08004497   Thumb Code    14  usbd_core.o(i.USBD_ClrClassConfig)
    USBD_CtlContinueRx                       0x080044a5   Thumb Code    16  usbd_ioreq.o(i.USBD_CtlContinueRx)
    USBD_CtlContinueSendData                 0x080044b5   Thumb Code    16  usbd_ioreq.o(i.USBD_CtlContinueSendData)
    USBD_CtlError                            0x080044c5   Thumb Code    22  usbd_ctlreq.o(i.USBD_CtlError)
    USBD_CtlPrepareRx                        0x080044db   Thumb Code    30  usbd_ioreq.o(i.USBD_CtlPrepareRx)
    USBD_CtlReceiveStatus                    0x080044f9   Thumb Code    22  usbd_ioreq.o(i.USBD_CtlReceiveStatus)
    USBD_CtlSendData                         0x0800450f   Thumb Code    26  usbd_ioreq.o(i.USBD_CtlSendData)
    USBD_CtlSendStatus                       0x08004529   Thumb Code    22  usbd_ioreq.o(i.USBD_CtlSendStatus)
    USBD_FS_ConfigStrDescriptor              0x08004541   Thumb Code    16  usbd_desc.o(i.USBD_FS_ConfigStrDescriptor)
    USBD_FS_DeviceDescriptor                 0x08004561   Thumb Code     8  usbd_desc.o(i.USBD_FS_DeviceDescriptor)
    USBD_FS_InterfaceStrDescriptor           0x0800456d   Thumb Code    16  usbd_desc.o(i.USBD_FS_InterfaceStrDescriptor)
    USBD_FS_LangIDStrDescriptor              0x08004591   Thumb Code     8  usbd_desc.o(i.USBD_FS_LangIDStrDescriptor)
    USBD_FS_ManufacturerStrDescriptor        0x0800459d   Thumb Code    16  usbd_desc.o(i.USBD_FS_ManufacturerStrDescriptor)
    USBD_FS_ProductStrDescriptor             0x080045c5   Thumb Code    16  usbd_desc.o(i.USBD_FS_ProductStrDescriptor)
    USBD_FS_SerialStrDescriptor              0x080045f1   Thumb Code    48  usbd_desc.o(i.USBD_FS_SerialStrDescriptor)
    USBD_GetString                           0x08004711   Thumb Code    72  usbd_ctlreq.o(i.USBD_GetString)
    USBD_Init                                0x08004771   Thumb Code    42  usbd_core.o(i.USBD_Init)
    USBD_LL_ClearStallEP                     0x0800479b   Thumb Code    18  usbd_conf.o(i.USBD_LL_ClearStallEP)
    USBD_LL_CloseEP                          0x080047ad   Thumb Code    18  usbd_conf.o(i.USBD_LL_CloseEP)
    USBD_LL_DataInStage                      0x080047bf   Thumb Code   198  usbd_core.o(i.USBD_LL_DataInStage)
    USBD_LL_DataOutStage                     0x08004885   Thumb Code   130  usbd_core.o(i.USBD_LL_DataOutStage)
    USBD_LL_GetRxDataSize                    0x08004907   Thumb Code     8  usbd_conf.o(i.USBD_LL_GetRxDataSize)
    USBD_LL_Init                             0x08004911   Thumb Code   118  usbd_conf.o(i.USBD_LL_Init)
    USBD_LL_IsStallEP                        0x08004991   Thumb Code    32  usbd_conf.o(i.USBD_LL_IsStallEP)
    USBD_LL_OpenEP                           0x080049b1   Thumb Code    24  usbd_conf.o(i.USBD_LL_OpenEP)
    USBD_LL_PrepareReceive                   0x080049c9   Thumb Code    18  usbd_conf.o(i.USBD_LL_PrepareReceive)
    USBD_LL_Reset                            0x080049db   Thumb Code    80  usbd_core.o(i.USBD_LL_Reset)
    USBD_LL_Resume                           0x08004a2b   Thumb Code    20  usbd_core.o(i.USBD_LL_Resume)
    USBD_LL_SOF                              0x08004a3f   Thumb Code    24  usbd_core.o(i.USBD_LL_SOF)
    USBD_LL_SetSpeed                         0x08004a57   Thumb Code     6  usbd_core.o(i.USBD_LL_SetSpeed)
    USBD_LL_SetUSBAddress                    0x08004a5d   Thumb Code    18  usbd_conf.o(i.USBD_LL_SetUSBAddress)
    USBD_LL_SetupStage                       0x08004a6f   Thumb Code    90  usbd_core.o(i.USBD_LL_SetupStage)
    USBD_LL_StallEP                          0x08004ac9   Thumb Code    18  usbd_conf.o(i.USBD_LL_StallEP)
    USBD_LL_Start                            0x08004adb   Thumb Code    18  usbd_conf.o(i.USBD_LL_Start)
    USBD_LL_Suspend                          0x08004aed   Thumb Code    18  usbd_core.o(i.USBD_LL_Suspend)
    USBD_LL_Transmit                         0x08004aff   Thumb Code    18  usbd_conf.o(i.USBD_LL_Transmit)
    USBD_ParseSetupRequest                   0x08004b11   Thumb Code    40  usbd_ctlreq.o(i.USBD_ParseSetupRequest)
    USBD_RegisterClass                       0x08004b39   Thumb Code    16  usbd_core.o(i.USBD_RegisterClass)
    USBD_SetClassConfig                      0x08004b49   Thumb Code    22  usbd_core.o(i.USBD_SetClassConfig)
    USBD_Start                               0x08004be5   Thumb Code    10  usbd_core.o(i.USBD_Start)
    USBD_StdDevReq                           0x08004bef   Thumb Code   274  usbd_ctlreq.o(i.USBD_StdDevReq)
    USBD_StdEPReq                            0x08004d01   Thumb Code   336  usbd_ctlreq.o(i.USBD_StdEPReq)
    USBD_StdItfReq                           0x08004e51   Thumb Code    78  usbd_ctlreq.o(i.USBD_StdItfReq)
    USBD_static_free                         0x08004e9f   Thumb Code     2  usbd_conf.o(i.USBD_static_free)
    USBD_static_malloc                       0x08004ea1   Thumb Code     4  usbd_conf.o(i.USBD_static_malloc)
    USB_ActivateEndpoint                     0x08004ea9   Thumb Code   626  stm32f1xx_ll_usb.o(i.USB_ActivateEndpoint)
    USB_CoreInit                             0x0800511b   Thumb Code     4  stm32f1xx_ll_usb.o(i.USB_CoreInit)
    USB_DeactivateEndpoint                   0x0800511f   Thumb Code   272  stm32f1xx_ll_usb.o(i.USB_DeactivateEndpoint)
    USB_DevConnect                           0x0800522f   Thumb Code     4  stm32f1xx_ll_usb.o(i.USB_DevConnect)
    USB_DevDisconnect                        0x08005233   Thumb Code     4  stm32f1xx_ll_usb.o(i.USB_DevDisconnect)
    USB_DevInit                              0x08005237   Thumb Code    18  stm32f1xx_ll_usb.o(i.USB_DevInit)
    USB_DisableGlobalInt                     0x08005249   Thumb Code    14  stm32f1xx_ll_usb.o(i.USB_DisableGlobalInt)
    USB_EP0_OutStart                         0x08005257   Thumb Code     4  stm32f1xx_ll_usb.o(i.USB_EP0_OutStart)
    USB_EPClearStall                         0x0800525b   Thumb Code   116  stm32f1xx_ll_usb.o(i.USB_EPClearStall)
    USB_EPSetStall                           0x080052cf   Thumb Code    50  stm32f1xx_ll_usb.o(i.USB_EPSetStall)
    USB_EPStartXfer                          0x08005301   Thumb Code  1544  stm32f1xx_ll_usb.o(i.USB_EPStartXfer)
    USB_EnableGlobalInt                      0x08005909   Thumb Code    18  stm32f1xx_ll_usb.o(i.USB_EnableGlobalInt)
    USB_LP_CAN1_RX0_IRQHandler               0x0800591d   Thumb Code     6  stm32f1xx_it.o(i.USB_LP_CAN1_RX0_IRQHandler)
    USB_ReadInterrupts                       0x08005929   Thumb Code     6  stm32f1xx_ll_usb.o(i.USB_ReadInterrupts)
    USB_ReadPMA                              0x0800592f   Thumb Code    42  stm32f1xx_ll_usb.o(i.USB_ReadPMA)
    USB_SetCurrentMode                       0x08005959   Thumb Code     4  stm32f1xx_ll_usb.o(i.USB_SetCurrentMode)
    USB_SetDevAddress                        0x0800595d   Thumb Code    12  stm32f1xx_ll_usb.o(i.USB_SetDevAddress)
    USB_WritePMA                             0x08005969   Thumb Code    38  stm32f1xx_ll_usb.o(i.USB_WritePMA)
    UsageFault_Handler                       0x0800598f   Thumb Code     2  stm32f1xx_it.o(i.UsageFault_Handler)
    WL_Check_Packet                          0x08005991   Thumb Code   250  wireless_ctrl.o(i.WL_Check_Packet)
    WL_Get_Var                               0x08005af5   Thumb Code    42  wireless_ctrl.o(i.WL_Get_Var)
    WL_Handler                               0x08005b25   Thumb Code   228  wireless_ctrl.o(i.WL_Handler)
    WL_Init                                  0x08005c61   Thumb Code    50  wireless_ctrl.o(i.WL_Init)
    WL_Run_CMD                               0x08005c99   Thumb Code    58  wireless_ctrl.o(i.WL_Run_CMD)
    WL_Send_Packet                           0x08005cd9   Thumb Code   214  wireless_ctrl.o(i.WL_Send_Packet)
    WL_Set_Var                               0x08005e21   Thumb Code    60  wireless_ctrl.o(i.WL_Set_Var)
    WL_Write_EEPROM                          0x08005e61   Thumb Code    40  wireless_ctrl.o(i.WL_Write_EEPROM)
    __0sprintf$8                             0x08005e8d   Thumb Code    34  printf8.o(i.__0sprintf$8)
    __1sprintf$8                             0x08005e8d   Thumb Code     0  printf8.o(i.__0sprintf$8)
    __2sprintf                               0x08005e8d   Thumb Code     0  printf8.o(i.__0sprintf$8)
    __aeabi_errno_addr                       0x08005ed5   Thumb Code     4  errno.o(i.__aeabi_errno_addr)
    __rt_errno_addr                          0x08005ed5   Thumb Code     0  errno.o(i.__aeabi_errno_addr)
    __scatterload_copy                       0x08005edd   Thumb Code    14  handlers.o(i.__scatterload_copy)
    __scatterload_null                       0x08005eeb   Thumb Code     2  handlers.o(i.__scatterload_null)
    __scatterload_zeroinit                   0x08005eed   Thumb Code    14  handlers.o(i.__scatterload_zeroinit)
    ds18b20_Check_CRC                        0x08006369   Thumb Code    62  ds18b20.o(i.ds18b20_Check_CRC)
    ds18b20_Convert_int8                     0x080063ad   Thumb Code    18  ds18b20.o(i.ds18b20_Convert_int8)
    ds18b20_GetTemp                          0x080063c9   Thumb Code    40  ds18b20.o(i.ds18b20_GetTemp)
    ds18b20_Init                             0x080063f1   Thumb Code   194  ds18b20.o(i.ds18b20_Init)
    ds18b20_MeasureTemperCmd                 0x080064bd   Thumb Code    62  ds18b20.o(i.ds18b20_MeasureTemperCmd)
    ds18b20_ReadStratcpad                    0x08006505   Thumb Code    82  ds18b20.o(i.ds18b20_ReadStratcpad)
    ds18b20_SearhRom                         0x08006561   Thumb Code   236  ds18b20.o(i.ds18b20_SearhRom)
    main                                     0x08006651   Thumb Code    42  main.o(i.main)
    ow_DelayMicro                            0x0800667d   Thumb Code    30  1-wire.o(i.ow_DelayMicro)
    ow_ReadBit                               0x080066a5   Thumb Code    56  1-wire.o(i.ow_ReadBit)
    ow_ReadByte                              0x080066e1   Thumb Code    28  1-wire.o(i.ow_ReadByte)
    ow_Reset                                 0x080066fd   Thumb Code    62  1-wire.o(i.ow_Reset)
    ow_WriteBit                              0x08006741   Thumb Code    58  1-wire.o(i.ow_WriteBit)
    ow_WriteByte                             0x08006781   Thumb Code    26  1-wire.o(i.ow_WriteByte)
    ow_input                                 0x0800679d   Thumb Code    26  1-wire.o(i.ow_input)
    ow_output                                0x080067bd   Thumb Code    28  1-wire.o(i.ow_output)
    parseCommand                             0x080067dd   Thumb Code  3398  uart_cmd_parser.o(i.parseCommand)
    print_pack_info                          0x08007711   Thumb Code   290  wireless_ctrl.o(i.print_pack_info)
    remove_spaces                            0x080078e9   Thumb Code    38  uart_cmd_parser.o(i.remove_spaces)
    str_to_int32                             0x0800790f   Thumb Code    30  uart_cmd_parser.o(i.str_to_int32)
    uartInit                                 0x0800792d   Thumb Code  1430  uart_cmd_parser.o(i.uartInit)
    AHBPrescTable                            0x08007fc0   Data          16  system_stm32f1xx.o(.constdata)
    APBPrescTable                            0x08007fd0   Data           8  system_stm32f1xx.o(.constdata)
    __ctype_table                            0x08007ff7   Data         129  ctype_o.o(.constdata)
    Region$$Table$$Base                      0x08008280   Number         0  anon$$obj.o(Region$$Table)
    Region$$Table$$Limit                     0x080082a0   Number         0  anon$$obj.o(Region$$Table)
    cdc_init                                 0x20000000   Data           1  system.o(.data)
    SysCnt                                   0x20000002   Data           6  system.o(.data)
    SysState                                 0x20000008   Data           8  system.o(.data)
    SV                                       0x20000058   Data          84  system.o(.data)
    hcrc                                     0x200000ac   Data           8  crc.o(.data)
    FS_Desc                                  0x200000b4   Data          28  usbd_desc.o(.data)
    USBD_LangIDDesc                          0x200000d0   Data           4  usbd_desc.o(.data)
    USBD_FS_DeviceDesc                       0x200000d4   Data          18  usbd_desc.o(.data)
    USBD_StringSerial                        0x200000e8   Data          26  usbd_desc.o(.data)
    vcp_rx_flag                              0x20000102   Data           1  usbd_cdc_if.o(.data)
    tempbuf                                  0x20000106   Data           7  usbd_cdc_if.o(.data)
    USBD_Interface_fops_FS                   0x20000110   Data          16  usbd_cdc_if.o(.data)
    uwTickFreq                               0x20000120   Data           1  stm32f1xx_hal.o(.data)
    uwTickPrio                               0x20000124   Data           4  stm32f1xx_hal.o(.data)
    uwTick                                   0x20000128   Data           4  stm32f1xx_hal.o(.data)
    SystemCoreClock                          0x2000012c   Data           4  system_stm32f1xx.o(.data)
    USBD_CDC_CfgHSDesc                       0x20000140   Data          67  usbd_cdc.o(.data)
    USBD_CDC_CfgFSDesc                       0x20000184   Data          67  usbd_cdc.o(.data)
    USBD_CDC_OtherSpeedCfgDesc               0x200001c8   Data          67  usbd_cdc.o(.data)
    USBD_CDC                                 0x2000020c   Data          56  usbd_cdc.o(.data)
    DS18B20_TEMP                             0x20000244   Data           1  ds18b20.o(.data)
    LastDeviceFlag                           0x20000245   Data           1  ds18b20.o(.data)
    LastDiscrepancy                          0x20000246   Data           1  ds18b20.o(.data)
    LastFamilyDiscrepancy                    0x20000247   Data           1  ds18b20.o(.data)
    Dev_Cnt                                  0x20000248   Data           1  ds18b20.o(.data)
    mode                                     0x20000249   Data           1  ds18b20.o(.data)
    ROM_NO                                   0x2000024a   Data           8  ds18b20.o(.data)
    SX1278_DBG_PRINT_F                       0x20000254   Data           1  sx1278.o(.data)
    dt_reg                                   0x20000255   Data           1  sx1278.o(.data)
    WL_DEBUG_PRINT                           0x20000394   Data           1  wireless_ctrl.o(.data)
    rx_handler                               0x20000395   Data           1  wireless_ctrl.o(.data)
    WL_ADDR                                  0x20000398   Data           8  wireless_ctrl.o(.data)
    dbg_str                                  0x200003e4   Data          64  system.o(.bss)
    hi2c2                                    0x20000424   Data          84  i2c.o(.bss)
    hspi1                                    0x20000478   Data          88  spi.o(.bss)
    htim1                                    0x200004d0   Data          72  tim.o(.bss)
    hUsbDeviceFS                             0x20000518   Data         708  usb_device.o(.bss)
    hpcd_USB_FS                              0x200009fc   Data         748  usbd_conf.o(.bss)
    USBD_StrDesc                             0x20000ce8   Data         256  usbd_desc.o(.bss)
    vcp_csi_buf                              0x20000de8   Data          16  usbd_cdc_if.o(.bss)
    vcp_rx_buf                               0x20000df8   Data         128  usbd_cdc_if.o(.bss)
    UserRxBufferFS                           0x20000e78   Data          64  usbd_cdc_if.o(.bss)
    UserTxBufferFS                           0x20000eb8   Data          64  usbd_cdc_if.o(.bss)
    SCRATCHPAD                               0x20000ef8   Data           9  ds18b20.o(.bss)
    Dev_ID                                   0x20000f01   Data          64  ds18b20.o(.bss)
    SX1278                                   0x20000f41   Data         266  sx1278.o(.bss)
    RX_packet                                0x2000104c   Data          36  wireless_ctrl.o(.bss)
    __initial_sp                             0x20001870   Data           0  startup_stm32f103xb.o(STACK)



==============================================================================

Memory Map of the image

  Image Entry point : 0x080000ed

  Load Region LR_IROM1 (Base: 0x08000000, Size: 0x00008684, Max: 0x00010000, ABSOLUTE, COMPRESSED[0x0000845c])

    Execution Region ER_IROM1 (Exec base: 0x08000000, Load base: 0x08000000, Size: 0x000082a0, Max: 0x00010000, ABSOLUTE)

    Exec Addr    Load Addr    Size         Type   Attr      Idx    E Section Name        Object

    0x08000000   0x08000000   0x000000ec   Data   RO            3    RESET               startup_stm32f103xb.o
    0x080000ec   0x080000ec   0x00000000   Code   RO         5238  * .ARM.Collect$$$$00000000  mc_w.l(entry.o)
    0x080000ec   0x080000ec   0x00000004   Code   RO         5527    .ARM.Collect$$$$00000001  mc_w.l(entry2.o)
    0x080000f0   0x080000f0   0x00000004   Code   RO         5530    .ARM.Collect$$$$00000004  mc_w.l(entry5.o)
    0x080000f4   0x080000f4   0x00000000   Code   RO         5532    .ARM.Collect$$$$00000008  mc_w.l(entry7b.o)
    0x080000f4   0x080000f4   0x00000000   Code   RO         5534    .ARM.Collect$$$$0000000A  mc_w.l(entry8b.o)
    0x080000f4   0x080000f4   0x00000008   Code   RO         5535    .ARM.Collect$$$$0000000B  mc_w.l(entry9a.o)
    0x080000fc   0x080000fc   0x00000000   Code   RO         5537    .ARM.Collect$$$$0000000D  mc_w.l(entry10a.o)
    0x080000fc   0x080000fc   0x00000000   Code   RO         5539    .ARM.Collect$$$$0000000F  mc_w.l(entry11a.o)
    0x080000fc   0x080000fc   0x00000004   Code   RO         5528    .ARM.Collect$$$$00002712  mc_w.l(entry2.o)
    0x08000100   0x08000100   0x00000024   Code   RO            4    .text               startup_stm32f103xb.o
    0x08000124   0x08000124   0x00000020   Code   RO         5248    .text               mc_w.l(llushr.o)
    0x08000144   0x08000144   0x00000024   Code   RO         5250    .text               mc_w.l(memcpya.o)
    0x08000168   0x08000168   0x00000024   Code   RO         5252    .text               mc_w.l(memseta.o)
    0x0800018c   0x0800018c   0x00000014   Code   RO         5254    .text               mc_w.l(strchr.o)
    0x080001a0   0x080001a0   0x0000000e   Code   RO         5256    .text               mc_w.l(strlen.o)
    0x080001ae   0x080001ae   0x00000012   Code   RO         5258    .text               mc_w.l(strcpy.o)
    0x080001c0   0x080001c0   0x0000001e   Code   RO         5260    .text               mc_w.l(strncmp.o)
    0x080001de   0x080001de   0x00000070   Code   RO         5525    .text               mc_w.l(strtol.o)
    0x0800024e   0x0800024e   0x00000062   Code   RO         5543    .text               mc_w.l(uldiv.o)
    0x080002b0   0x080002b0   0x00000008   Code   RO         5545    .text               mc_w.l(ctype_o.o)
    0x080002b8   0x080002b8   0x0000009e   Code   RO         5580    .text               mc_w.l(_strtoul.o)
    0x08000356   0x08000356   0x00000002   PAD
    0x08000358   0x08000358   0x00000024   Code   RO         5593    .text               mc_w.l(init.o)
    0x0800037c   0x0800037c   0x0000001e   Code   RO         5595    .text               mc_w.l(llshl.o)
    0x0800039a   0x0800039a   0x0000001c   Code   RO         5599    .text               mc_w.l(_chval.o)
    0x080003b6   0x080003b6   0x00000056   Code   RO         5611    .text               mc_w.l(__dczerorl2.o)
    0x0800040c   0x0800040c   0x00000002   Code   RO          864    i.BusFault_Handler  stm32f1xx_it.o
    0x0800040e   0x0800040e   0x00000002   PAD
    0x08000410   0x08000410   0x00000054   Code   RO          812    i.CDC_Control_FS    usbd_cdc_if.o
    0x08000464   0x08000464   0x00000004   Code   RO          813    i.CDC_DeInit_FS     usbd_cdc_if.o
    0x08000468   0x08000468   0x00000024   Code   RO          814    i.CDC_Init_FS       usbd_cdc_if.o
    0x0800048c   0x0800048c   0x000000c8   Code   RO          815    i.CDC_Receive_FS    usbd_cdc_if.o
    0x08000554   0x08000554   0x0000002c   Code   RO          816    i.CDC_Transmit_FS   usbd_cdc_if.o
    0x08000580   0x08000580   0x00000002   Code   RO          865    i.DebugMon_Handler  stm32f1xx_it.o
    0x08000582   0x08000582   0x00000002   PAD
    0x08000584   0x08000584   0x0000001c   Code   RO         4785    i.EEPROM_IsDeviceReady  eeprom.o
    0x080005a0   0x080005a0   0x00000024   Code   RO         4786    i.EEPROM_Read       eeprom.o
    0x080005c4   0x080005c4   0x00000024   Code   RO         4787    i.EEPROM_Write      eeprom.o
    0x080005e8   0x080005e8   0x00000010   Code   RO          866    i.EXTI0_IRQHandler  stm32f1xx_it.o
    0x080005f8   0x080005f8   0x00000002   Code   RO          237    i.Error_Handler     main.o
    0x080005fa   0x080005fa   0x00000022   Code   RO         2450    i.HAL_CRC_Init      stm32f1xx_hal_crc.o
    0x0800061c   0x0800061c   0x00000028   Code   RO          329    i.HAL_CRC_MspInit   crc.o
    0x08000644   0x08000644   0x00000024   Code   RO         1478    i.HAL_Delay         stm32f1xx_hal.o
    0x08000668   0x08000668   0x00000002   Code   RO         1784    i.HAL_GPIO_EXTI_Callback  stm32f1xx_hal_gpio.o
    0x0800066a   0x0800066a   0x00000002   PAD
    0x0800066c   0x0800066c   0x00000018   Code   RO         1785    i.HAL_GPIO_EXTI_IRQHandler  stm32f1xx_hal_gpio.o
    0x08000684   0x08000684   0x000001cc   Code   RO         1786    i.HAL_GPIO_Init     stm32f1xx_hal_gpio.o
    0x08000850   0x08000850   0x0000000a   Code   RO         1788    i.HAL_GPIO_ReadPin  stm32f1xx_hal_gpio.o
    0x0800085a   0x0800085a   0x00000010   Code   RO         1789    i.HAL_GPIO_TogglePin  stm32f1xx_hal_gpio.o
    0x0800086a   0x0800086a   0x0000000a   Code   RO         1790    i.HAL_GPIO_WritePin  stm32f1xx_hal_gpio.o
    0x08000874   0x08000874   0x0000000c   Code   RO         1482    i.HAL_GetTick       stm32f1xx_hal.o
    0x08000880   0x08000880   0x00000188   Code   RO         2517    i.HAL_I2C_Init      stm32f1xx_hal_i2c.o
    0x08000a08   0x08000a08   0x0000016c   Code   RO         2518    i.HAL_I2C_IsDeviceReady  stm32f1xx_hal_i2c.o
    0x08000b74   0x08000b74   0x00000250   Code   RO         2535    i.HAL_I2C_Mem_Read  stm32f1xx_hal_i2c.o
    0x08000dc4   0x08000dc4   0x00000130   Code   RO         2538    i.HAL_I2C_Mem_Write  stm32f1xx_hal_i2c.o
    0x08000ef4   0x08000ef4   0x00000060   Code   RO          371    i.HAL_I2C_MspInit   i2c.o
    0x08000f54   0x08000f54   0x00000010   Code   RO         1488    i.HAL_IncTick       stm32f1xx_hal.o
    0x08000f64   0x08000f64   0x00000024   Code   RO         1489    i.HAL_Init          stm32f1xx_hal.o
    0x08000f88   0x08000f88   0x00000040   Code   RO         1490    i.HAL_InitTick      stm32f1xx_hal.o
    0x08000fc8   0x08000fc8   0x0000003c   Code   RO          958    i.HAL_MspInit       stm32f1xx_hal_msp.o
    0x08001004   0x08001004   0x0000001a   Code   RO         1946    i.HAL_NVIC_EnableIRQ  stm32f1xx_hal_cortex.o
    0x0800101e   0x0800101e   0x00000002   PAD
    0x08001020   0x08001020   0x00000040   Code   RO         1952    i.HAL_NVIC_SetPriority  stm32f1xx_hal_cortex.o
    0x08001060   0x08001060   0x00000024   Code   RO         1953    i.HAL_NVIC_SetPriorityGrouping  stm32f1xx_hal_cortex.o
    0x08001084   0x08001084   0x0000003c   Code   RO         1251    i.HAL_PCDEx_PMAConfig  stm32f1xx_hal_pcd_ex.o
    0x080010c0   0x080010c0   0x00000002   Code   RO          527    i.HAL_PCDEx_SetConnectionState  usbd_conf.o
    0x080010c2   0x080010c2   0x00000012   Code   RO          529    i.HAL_PCD_DataInStageCallback  usbd_conf.o
    0x080010d4   0x080010d4   0x00000014   Code   RO          530    i.HAL_PCD_DataOutStageCallback  usbd_conf.o
    0x080010e8   0x080010e8   0x0000004c   Code   RO         1027    i.HAL_PCD_EP_Close  stm32f1xx_hal_pcd.o
    0x08001134   0x08001134   0x0000005c   Code   RO         1028    i.HAL_PCD_EP_ClrStall  stm32f1xx_hal_pcd.o
    0x08001190   0x08001190   0x000000e4   Code   RO         1029    i.HAL_PCD_EP_DB_Receive  stm32f1xx_hal_pcd.o
    0x08001274   0x08001274   0x0000032c   Code   RO         1030    i.HAL_PCD_EP_DB_Transmit  stm32f1xx_hal_pcd.o
    0x080015a0   0x080015a0   0x00000012   Code   RO         1032    i.HAL_PCD_EP_GetRxCount  stm32f1xx_hal_pcd.o
    0x080015b2   0x080015b2   0x00000060   Code   RO         1033    i.HAL_PCD_EP_Open   stm32f1xx_hal_pcd.o
    0x08001612   0x08001612   0x00000032   Code   RO         1034    i.HAL_PCD_EP_Receive  stm32f1xx_hal_pcd.o
    0x08001644   0x08001644   0x00000072   Code   RO         1035    i.HAL_PCD_EP_SetStall  stm32f1xx_hal_pcd.o
    0x080016b6   0x080016b6   0x00000034   Code   RO         1036    i.HAL_PCD_EP_Transmit  stm32f1xx_hal_pcd.o
    0x080016ea   0x080016ea   0x00000154   Code   RO         1038    i.HAL_PCD_IRQHandler  stm32f1xx_hal_pcd.o
    0x0800183e   0x0800183e   0x000000d8   Code   RO         1041    i.HAL_PCD_Init      stm32f1xx_hal_pcd.o
    0x08001916   0x08001916   0x00000002   PAD
    0x08001918   0x08001918   0x0000003c   Code   RO          535    i.HAL_PCD_MspInit   usbd_conf.o
    0x08001954   0x08001954   0x00000026   Code   RO          536    i.HAL_PCD_ResetCallback  usbd_conf.o
    0x0800197a   0x0800197a   0x00000008   Code   RO          537    i.HAL_PCD_ResumeCallback  usbd_conf.o
    0x08001982   0x08001982   0x00000008   Code   RO          538    i.HAL_PCD_SOFCallback  usbd_conf.o
    0x0800198a   0x0800198a   0x00000028   Code   RO         1047    i.HAL_PCD_SetAddress  stm32f1xx_hal_pcd.o
    0x080019b2   0x080019b2   0x0000000e   Code   RO          539    i.HAL_PCD_SetupStageCallback  usbd_conf.o
    0x080019c0   0x080019c0   0x00000032   Code   RO         1049    i.HAL_PCD_Start     stm32f1xx_hal_pcd.o
    0x080019f2   0x080019f2   0x00000002   PAD
    0x080019f4   0x080019f4   0x00000024   Code   RO          540    i.HAL_PCD_SuspendCallback  usbd_conf.o
    0x08001a18   0x08001a18   0x000000e8   Code   RO         1749    i.HAL_RCCEx_PeriphCLKConfig  stm32f1xx_hal_rcc_ex.o
    0x08001b00   0x08001b00   0x00000138   Code   RO         1646    i.HAL_RCC_ClockConfig  stm32f1xx_hal_rcc.o
    0x08001c38   0x08001c38   0x00000020   Code   RO         1653    i.HAL_RCC_GetPCLK1Freq  stm32f1xx_hal_rcc.o
    0x08001c58   0x08001c58   0x0000006c   Code   RO         1655    i.HAL_RCC_GetSysClockFreq  stm32f1xx_hal_rcc.o
    0x08001cc4   0x08001cc4   0x00000318   Code   RO         1658    i.HAL_RCC_OscConfig  stm32f1xx_hal_rcc.o
    0x08001fdc   0x08001fdc   0x000000b2   Code   RO         2949    i.HAL_SPI_Init      stm32f1xx_hal_spi.o
    0x0800208e   0x0800208e   0x00000002   PAD
    0x08002090   0x08002090   0x00000070   Code   RO          413    i.HAL_SPI_MspInit   spi.o
    0x08002100   0x08002100   0x00000154   Code   RO         2952    i.HAL_SPI_Receive   stm32f1xx_hal_spi.o
    0x08002254   0x08002254   0x0000016a   Code   RO         2957    i.HAL_SPI_Transmit  stm32f1xx_hal_spi.o
    0x080023be   0x080023be   0x000001da   Code   RO         2958    i.HAL_SPI_TransmitReceive  stm32f1xx_hal_spi.o
    0x08002598   0x08002598   0x00000028   Code   RO         1957    i.HAL_SYSTICK_Config  stm32f1xx_hal_cortex.o
    0x080025c0   0x080025c0   0x00000002   Code   RO         3966    i.HAL_TIMEx_BreakCallback  stm32f1xx_hal_tim_ex.o
    0x080025c2   0x080025c2   0x00000002   Code   RO         3967    i.HAL_TIMEx_CommutCallback  stm32f1xx_hal_tim_ex.o
    0x080025c4   0x080025c4   0x00000068   Code   RO         3985    i.HAL_TIMEx_MasterConfigSynchronization  stm32f1xx_hal_tim_ex.o
    0x0800262c   0x0800262c   0x0000005a   Code   RO         3262    i.HAL_TIM_Base_Init  stm32f1xx_hal_tim.o
    0x08002686   0x08002686   0x00000002   PAD
    0x08002688   0x08002688   0x0000003c   Code   RO          455    i.HAL_TIM_Base_MspInit  tim.o
    0x080026c4   0x080026c4   0x00000058   Code   RO         3267    i.HAL_TIM_Base_Start_IT  stm32f1xx_hal_tim.o
    0x0800271c   0x0800271c   0x000000d6   Code   RO         3271    i.HAL_TIM_ConfigClockSource  stm32f1xx_hal_tim.o
    0x080027f2   0x080027f2   0x00000002   Code   RO         3296    i.HAL_TIM_IC_CaptureCallback  stm32f1xx_hal_tim.o
    0x080027f4   0x080027f4   0x00000166   Code   RO         3310    i.HAL_TIM_IRQHandler  stm32f1xx_hal_tim.o
    0x0800295a   0x0800295a   0x00000002   Code   RO         3313    i.HAL_TIM_OC_DelayElapsedCallback  stm32f1xx_hal_tim.o
    0x0800295c   0x0800295c   0x00000002   Code   RO         3340    i.HAL_TIM_PWM_PulseFinishedCallback  stm32f1xx_hal_tim.o
    0x0800295e   0x0800295e   0x00000002   Code   RO         3348    i.HAL_TIM_PeriodElapsedCallback  stm32f1xx_hal_tim.o
    0x08002960   0x08002960   0x00000002   Code   RO         3353    i.HAL_TIM_TriggerCallback  stm32f1xx_hal_tim.o
    0x08002962   0x08002962   0x00000002   PAD
    0x08002964   0x08002964   0x00000094   Code   RO         4821    i.HW_CRC32          hw_crc32.o
    0x080029f8   0x080029f8   0x00000002   Code   RO          867    i.HardFault_Handler  stm32f1xx_it.o
    0x080029fa   0x080029fa   0x0000002e   Code   RO         2559    i.I2C_IsAcknowledgeFailed  stm32f1xx_hal_i2c.o
    0x08002a28   0x08002a28   0x000000fc   Code   RO         2569    i.I2C_RequestMemoryRead  stm32f1xx_hal_i2c.o
    0x08002b24   0x08002b24   0x000000a8   Code   RO         2570    i.I2C_RequestMemoryWrite  stm32f1xx_hal_i2c.o
    0x08002bcc   0x08002bcc   0x0000004c   Code   RO         2574    i.I2C_WaitOnBTFFlagUntilTimeout  stm32f1xx_hal_i2c.o
    0x08002c18   0x08002c18   0x00000068   Code   RO         2575    i.I2C_WaitOnFlagUntilTimeout  stm32f1xx_hal_i2c.o
    0x08002c80   0x08002c80   0x00000098   Code   RO         2576    i.I2C_WaitOnMasterAddressFlagUntilTimeout  stm32f1xx_hal_i2c.o
    0x08002d18   0x08002d18   0x0000006a   Code   RO         2577    i.I2C_WaitOnRXNEFlagUntilTimeout  stm32f1xx_hal_i2c.o
    0x08002d82   0x08002d82   0x0000004c   Code   RO         2578    i.I2C_WaitOnTXEFlagUntilTimeout  stm32f1xx_hal_i2c.o
    0x08002dce   0x08002dce   0x00000036   Code   RO          739    i.IntToUnicode      usbd_desc.o
    0x08002e04   0x08002e04   0x00000024   Code   RO          330    i.MX_CRC_Init       crc.o
    0x08002e28   0x08002e28   0x000000e4   Code   RO          304    i.MX_GPIO_Init      gpio.o
    0x08002f0c   0x08002f0c   0x00000040   Code   RO          372    i.MX_I2C2_Init      i2c.o
    0x08002f4c   0x08002f4c   0x00000048   Code   RO          414    i.MX_SPI1_Init      spi.o
    0x08002f94   0x08002f94   0x00000068   Code   RO          456    i.MX_TIM1_Init      tim.o
    0x08002ffc   0x08002ffc   0x00000054   Code   RO          496    i.MX_USB_DEVICE_Init  usb_device.o
    0x08003050   0x08003050   0x00000002   Code   RO          868    i.MemManage_Handler  stm32f1xx_it.o
    0x08003052   0x08003052   0x00000002   Code   RO          869    i.NMI_Handler       stm32f1xx_it.o
    0x08003054   0x08003054   0x00000300   Code   RO         1053    i.PCD_EP_ISR_Handler  stm32f1xx_hal_pcd.o
    0x08003354   0x08003354   0x00000002   Code   RO          870    i.PendSV_Handler    stm32f1xx_it.o
    0x08003356   0x08003356   0x0000005c   Code   RO         2986    i.SPI_EndRxTransaction  stm32f1xx_hal_spi.o
    0x080033b2   0x080033b2   0x00000020   Code   RO         2987    i.SPI_EndRxTxTransaction  stm32f1xx_hal_spi.o
    0x080033d2   0x080033d2   0x00000002   PAD
    0x080033d4   0x080033d4   0x000000b8   Code   RO         2992    i.SPI_WaitFlagStateUntilTimeout  stm32f1xx_hal_spi.o
    0x0800348c   0x0800348c   0x00000002   Code   RO          871    i.SVC_Handler       stm32f1xx_it.o
    0x0800348e   0x0800348e   0x00000002   PAD
    0x08003490   0x08003490   0x000002b4   Code   RO         4845    i.SX1278_Get_State  sx1278.o
    0x08003744   0x08003744   0x000000fc   Code   RO         4846    i.SX1278_IRQ_Callback  sx1278.o
    0x08003840   0x08003840   0x00000084   Code   RO         4847    i.SX1278_LoRaEntryRx  sx1278.o
    0x080038c4   0x080038c4   0x00000070   Code   RO         4848    i.SX1278_LoRaEntryTx  sx1278.o
    0x08003934   0x08003934   0x00000048   Code   RO         4850    i.SX1278_LoRaTxPacket  sx1278.o
    0x0800397c   0x0800397c   0x00000048   Code   RO         4854    i.SX1278_SPIBurstRead  sx1278.o
    0x080039c4   0x080039c4   0x00000058   Code   RO         4855    i.SX1278_SPIBurstWrite  sx1278.o
    0x08003a1c   0x08003a1c   0x00000054   Code   RO         4856    i.SX1278_SPIReadReg  sx1278.o
    0x08003a70   0x08003a70   0x0000004c   Code   RO         4857    i.SX1278_SPIWriteReg  sx1278.o
    0x08003abc   0x08003abc   0x00000008   Code   RO         4860    i.SX1278_clearIrq   sx1278.o
    0x08003ac4   0x08003ac4   0x000000f0   Code   RO         4861    i.SX1278_config     sx1278.o
    0x08003bb4   0x08003bb4   0x00000014   Code   RO         4862    i.SX1278_defaultConfig  sx1278.o
    0x08003bc8   0x08003bc8   0x00000008   Code   RO         4863    i.SX1278_entryLoRa  sx1278.o
    0x08003bd0   0x08003bd0   0x0000003c   Code   RO         4864    i.SX1278_init       sx1278.o
    0x08003c0c   0x08003c0c   0x00000044   Code   RO         4865    i.SX1278_readFIFO   sx1278.o
    0x08003c50   0x08003c50   0x00000038   Code   RO         4867    i.SX1278_reset      sx1278.o
    0x08003c88   0x08003c88   0x00000018   Code   RO         4868    i.SX1278_sleep      sx1278.o
    0x08003ca0   0x08003ca0   0x00000018   Code   RO         4869    i.SX1278_standby    sx1278.o
    0x08003cb8   0x08003cb8   0x00000024   Code   RO         4870    i.SX1278_transmit   sx1278.o
    0x08003cdc   0x08003cdc   0x000000b0   Code   RO           13    i.SysErrorCheck     system.o
    0x08003d8c   0x08003d8c   0x00000180   Code   RO           14    i.SysInit           system.o
    0x08003f0c   0x08003f0c   0x00000004   Code   RO          872    i.SysTick_Handler   stm32f1xx_it.o
    0x08003f10   0x08003f10   0x00000020   Code   RO           15    i.SysVarRW          system.o
    0x08003f30   0x08003f30   0x00000070   Code   RO          238    i.SystemClock_Config  main.o
    0x08003fa0   0x08003fa0   0x00000048   Code   RO         4234    i.SystemInit        system_stm32f1xx.o
    0x08003fe8   0x08003fe8   0x000000d8   Code   RO           16    i.SystemTask        system.o
    0x080040c0   0x080040c0   0x00000028   Code   RO          873    i.TIM1_UP_IRQHandler  stm32f1xx_it.o
    0x080040e8   0x080040e8   0x0000006c   Code   RO         3355    i.TIM_Base_SetConfig  stm32f1xx_hal_tim.o
    0x08004154   0x08004154   0x00000014   Code   RO         3366    i.TIM_ETR_SetConfig  stm32f1xx_hal_tim.o
    0x08004168   0x08004168   0x00000010   Code   RO         3367    i.TIM_ITRx_SetConfig  stm32f1xx_hal_tim.o
    0x08004178   0x08004178   0x00000022   Code   RO         3373    i.TIM_TI1_ConfigInputStage  stm32f1xx_hal_tim.o
    0x0800419a   0x0800419a   0x00000024   Code   RO         3375    i.TIM_TI2_ConfigInputStage  stm32f1xx_hal_tim.o
    0x080041be   0x080041be   0x00000046   Code   RO         4534    i.USBD_CDC_DataIn   usbd_cdc.o
    0x08004204   0x08004204   0x0000002e   Code   RO         4535    i.USBD_CDC_DataOut  usbd_cdc.o
    0x08004232   0x08004232   0x00000044   Code   RO         4536    i.USBD_CDC_DeInit   usbd_cdc.o
    0x08004276   0x08004276   0x00000024   Code   RO         4537    i.USBD_CDC_EP0_RxReady  usbd_cdc.o
    0x0800429a   0x0800429a   0x00000002   PAD
    0x0800429c   0x0800429c   0x0000000c   Code   RO         4538    i.USBD_CDC_GetDeviceQualifierDescriptor  usbd_cdc.o
    0x080042a8   0x080042a8   0x0000000c   Code   RO         4539    i.USBD_CDC_GetFSCfgDesc  usbd_cdc.o
    0x080042b4   0x080042b4   0x0000000c   Code   RO         4540    i.USBD_CDC_GetHSCfgDesc  usbd_cdc.o
    0x080042c0   0x080042c0   0x0000000c   Code   RO         4541    i.USBD_CDC_GetOtherSpeedCfgDesc  usbd_cdc.o
    0x080042cc   0x080042cc   0x00000094   Code   RO         4542    i.USBD_CDC_Init     usbd_cdc.o
    0x08004360   0x08004360   0x00000028   Code   RO         4543    i.USBD_CDC_ReceivePacket  usbd_cdc.o
    0x08004388   0x08004388   0x00000010   Code   RO         4544    i.USBD_CDC_RegisterInterface  usbd_cdc.o
    0x08004398   0x08004398   0x0000000c   Code   RO         4545    i.USBD_CDC_SetRxBuffer  usbd_cdc.o
    0x080043a4   0x080043a4   0x00000010   Code   RO         4546    i.USBD_CDC_SetTxBuffer  usbd_cdc.o
    0x080043b4   0x080043b4   0x000000ac   Code   RO         4547    i.USBD_CDC_Setup    usbd_cdc.o
    0x08004460   0x08004460   0x00000036   Code   RO         4548    i.USBD_CDC_TransmitPacket  usbd_cdc.o
    0x08004496   0x08004496   0x0000000e   Code   RO         4271    i.USBD_ClrClassConfig  usbd_core.o
    0x080044a4   0x080044a4   0x00000010   Code   RO         4474    i.USBD_CtlContinueRx  usbd_ioreq.o
    0x080044b4   0x080044b4   0x00000010   Code   RO         4475    i.USBD_CtlContinueSendData  usbd_ioreq.o
    0x080044c4   0x080044c4   0x00000016   Code   RO         4409    i.USBD_CtlError     usbd_ctlreq.o
    0x080044da   0x080044da   0x0000001e   Code   RO         4476    i.USBD_CtlPrepareRx  usbd_ioreq.o
    0x080044f8   0x080044f8   0x00000016   Code   RO         4477    i.USBD_CtlReceiveStatus  usbd_ioreq.o
    0x0800450e   0x0800450e   0x0000001a   Code   RO         4478    i.USBD_CtlSendData  usbd_ioreq.o
    0x08004528   0x08004528   0x00000016   Code   RO         4479    i.USBD_CtlSendStatus  usbd_ioreq.o
    0x0800453e   0x0800453e   0x00000002   PAD
    0x08004540   0x08004540   0x00000020   Code   RO          740    i.USBD_FS_ConfigStrDescriptor  usbd_desc.o
    0x08004560   0x08004560   0x0000000c   Code   RO          741    i.USBD_FS_DeviceDescriptor  usbd_desc.o
    0x0800456c   0x0800456c   0x00000024   Code   RO          742    i.USBD_FS_InterfaceStrDescriptor  usbd_desc.o
    0x08004590   0x08004590   0x0000000c   Code   RO          743    i.USBD_FS_LangIDStrDescriptor  usbd_desc.o
    0x0800459c   0x0800459c   0x00000028   Code   RO          744    i.USBD_FS_ManufacturerStrDescriptor  usbd_desc.o
    0x080045c4   0x080045c4   0x0000002c   Code   RO          745    i.USBD_FS_ProductStrDescriptor  usbd_desc.o
    0x080045f0   0x080045f0   0x00000038   Code   RO          746    i.USBD_FS_SerialStrDescriptor  usbd_desc.o
    0x08004628   0x08004628   0x000000e8   Code   RO         4410    i.USBD_GetDescriptor  usbd_ctlreq.o
    0x08004710   0x08004710   0x00000048   Code   RO         4411    i.USBD_GetString    usbd_ctlreq.o
    0x08004758   0x08004758   0x00000018   Code   RO          541    i.USBD_Get_USB_Status  usbd_conf.o
    0x08004770   0x08004770   0x0000002a   Code   RO         4273    i.USBD_Init         usbd_core.o
    0x0800479a   0x0800479a   0x00000012   Code   RO          542    i.USBD_LL_ClearStallEP  usbd_conf.o
    0x080047ac   0x080047ac   0x00000012   Code   RO          543    i.USBD_LL_CloseEP   usbd_conf.o
    0x080047be   0x080047be   0x000000c6   Code   RO         4274    i.USBD_LL_DataInStage  usbd_core.o
    0x08004884   0x08004884   0x00000082   Code   RO         4275    i.USBD_LL_DataOutStage  usbd_core.o
    0x08004906   0x08004906   0x00000008   Code   RO          547    i.USBD_LL_GetRxDataSize  usbd_conf.o
    0x0800490e   0x0800490e   0x00000002   PAD
    0x08004910   0x08004910   0x00000080   Code   RO          548    i.USBD_LL_Init      usbd_conf.o
    0x08004990   0x08004990   0x00000020   Code   RO          549    i.USBD_LL_IsStallEP  usbd_conf.o
    0x080049b0   0x080049b0   0x00000018   Code   RO          550    i.USBD_LL_OpenEP    usbd_conf.o
    0x080049c8   0x080049c8   0x00000012   Code   RO          551    i.USBD_LL_PrepareReceive  usbd_conf.o
    0x080049da   0x080049da   0x00000050   Code   RO         4280    i.USBD_LL_Reset     usbd_core.o
    0x08004a2a   0x08004a2a   0x00000014   Code   RO         4281    i.USBD_LL_Resume    usbd_core.o
    0x08004a3e   0x08004a3e   0x00000018   Code   RO         4282    i.USBD_LL_SOF       usbd_core.o
    0x08004a56   0x08004a56   0x00000006   Code   RO         4283    i.USBD_LL_SetSpeed  usbd_core.o
    0x08004a5c   0x08004a5c   0x00000012   Code   RO          552    i.USBD_LL_SetUSBAddress  usbd_conf.o
    0x08004a6e   0x08004a6e   0x0000005a   Code   RO         4284    i.USBD_LL_SetupStage  usbd_core.o
    0x08004ac8   0x08004ac8   0x00000012   Code   RO          553    i.USBD_LL_StallEP   usbd_conf.o
    0x08004ada   0x08004ada   0x00000012   Code   RO          554    i.USBD_LL_Start     usbd_conf.o
    0x08004aec   0x08004aec   0x00000012   Code   RO         4285    i.USBD_LL_Suspend   usbd_core.o
    0x08004afe   0x08004afe   0x00000012   Code   RO          556    i.USBD_LL_Transmit  usbd_conf.o
    0x08004b10   0x08004b10   0x00000028   Code   RO         4412    i.USBD_ParseSetupRequest  usbd_ctlreq.o
    0x08004b38   0x08004b38   0x00000010   Code   RO         4286    i.USBD_RegisterClass  usbd_core.o
    0x08004b48   0x08004b48   0x00000016   Code   RO         4288    i.USBD_SetClassConfig  usbd_core.o
    0x08004b5e   0x08004b5e   0x00000002   PAD
    0x08004b60   0x08004b60   0x00000084   Code   RO         4413    i.USBD_SetConfig    usbd_ctlreq.o
    0x08004be4   0x08004be4   0x0000000a   Code   RO         4289    i.USBD_Start        usbd_core.o
    0x08004bee   0x08004bee   0x00000112   Code   RO         4414    i.USBD_StdDevReq    usbd_ctlreq.o
    0x08004d00   0x08004d00   0x00000150   Code   RO         4415    i.USBD_StdEPReq     usbd_ctlreq.o
    0x08004e50   0x08004e50   0x0000004e   Code   RO         4416    i.USBD_StdItfReq    usbd_ctlreq.o
    0x08004e9e   0x08004e9e   0x00000002   Code   RO          557    i.USBD_static_free  usbd_conf.o
    0x08004ea0   0x08004ea0   0x00000008   Code   RO          558    i.USBD_static_malloc  usbd_conf.o
    0x08004ea8   0x08004ea8   0x00000272   Code   RO         1291    i.USB_ActivateEndpoint  stm32f1xx_ll_usb.o
    0x0800511a   0x0800511a   0x00000004   Code   RO         1294    i.USB_CoreInit      stm32f1xx_ll_usb.o
    0x0800511e   0x0800511e   0x00000110   Code   RO         1296    i.USB_DeactivateEndpoint  stm32f1xx_ll_usb.o
    0x0800522e   0x0800522e   0x00000004   Code   RO         1297    i.USB_DevConnect    stm32f1xx_ll_usb.o
    0x08005232   0x08005232   0x00000004   Code   RO         1298    i.USB_DevDisconnect  stm32f1xx_ll_usb.o
    0x08005236   0x08005236   0x00000012   Code   RO         1299    i.USB_DevInit       stm32f1xx_ll_usb.o
    0x08005248   0x08005248   0x0000000e   Code   RO         1300    i.USB_DisableGlobalInt  stm32f1xx_ll_usb.o
    0x08005256   0x08005256   0x00000004   Code   RO         1301    i.USB_EP0_OutStart  stm32f1xx_ll_usb.o
    0x0800525a   0x0800525a   0x00000074   Code   RO         1302    i.USB_EPClearStall  stm32f1xx_ll_usb.o
    0x080052ce   0x080052ce   0x00000032   Code   RO         1303    i.USB_EPSetStall    stm32f1xx_ll_usb.o
    0x08005300   0x08005300   0x00000608   Code   RO         1304    i.USB_EPStartXfer   stm32f1xx_ll_usb.o
    0x08005908   0x08005908   0x00000012   Code   RO         1305    i.USB_EnableGlobalInt  stm32f1xx_ll_usb.o
    0x0800591a   0x0800591a   0x00000002   PAD
    0x0800591c   0x0800591c   0x0000000c   Code   RO          874    i.USB_LP_CAN1_RX0_IRQHandler  stm32f1xx_it.o
    0x08005928   0x08005928   0x00000006   Code   RO         1312    i.USB_ReadInterrupts  stm32f1xx_ll_usb.o
    0x0800592e   0x0800592e   0x0000002a   Code   RO         1313    i.USB_ReadPMA       stm32f1xx_ll_usb.o
    0x08005958   0x08005958   0x00000004   Code   RO         1314    i.USB_SetCurrentMode  stm32f1xx_ll_usb.o
    0x0800595c   0x0800595c   0x0000000c   Code   RO         1315    i.USB_SetDevAddress  stm32f1xx_ll_usb.o
    0x08005968   0x08005968   0x00000026   Code   RO         1317    i.USB_WritePMA      stm32f1xx_ll_usb.o
    0x0800598e   0x0800598e   0x00000002   Code   RO          875    i.UsageFault_Handler  stm32f1xx_it.o
    0x08005990   0x08005990   0x00000164   Code   RO         5086    i.WL_Check_Packet   wireless_ctrl.o
    0x08005af4   0x08005af4   0x00000030   Code   RO         5087    i.WL_Get_Var        wireless_ctrl.o
    0x08005b24   0x08005b24   0x0000013c   Code   RO         5088    i.WL_Handler        wireless_ctrl.o
    0x08005c60   0x08005c60   0x00000038   Code   RO         5089    i.WL_Init           wireless_ctrl.o
    0x08005c98   0x08005c98   0x00000040   Code   RO         5090    i.WL_Run_CMD        wireless_ctrl.o
    0x08005cd8   0x08005cd8   0x00000148   Code   RO         5091    i.WL_Send_Packet    wireless_ctrl.o
    0x08005e20   0x08005e20   0x00000040   Code   RO         5092    i.WL_Set_Var        wireless_ctrl.o
    0x08005e60   0x08005e60   0x0000002c   Code   RO         5093    i.WL_Write_EEPROM   wireless_ctrl.o
    0x08005e8c   0x08005e8c   0x00000028   Code   RO         5473    i.__0sprintf$8      mc_w.l(printf8.o)
    0x08005eb4   0x08005eb4   0x00000020   Code   RO         1959    i.__NVIC_SetPriority  stm32f1xx_hal_cortex.o
    0x08005ed4   0x08005ed4   0x00000008   Code   RO         5573    i.__aeabi_errno_addr  mc_w.l(errno.o)
    0x08005edc   0x08005edc   0x0000000e   Code   RO         5605    i.__scatterload_copy  mc_w.l(handlers.o)
    0x08005eea   0x08005eea   0x00000002   Code   RO         5606    i.__scatterload_null  mc_w.l(handlers.o)
    0x08005eec   0x08005eec   0x0000000e   Code   RO         5607    i.__scatterload_zeroinit  mc_w.l(handlers.o)
    0x08005efa   0x08005efa   0x00000002   PAD
    0x08005efc   0x08005efc   0x00000410   Code   RO         5478    i._printf_core      mc_w.l(printf8.o)
    0x0800630c   0x0800630c   0x00000024   Code   RO         5479    i._printf_post_padding  mc_w.l(printf8.o)
    0x08006330   0x08006330   0x0000002e   Code   RO         5480    i._printf_pre_padding  mc_w.l(printf8.o)
    0x0800635e   0x0800635e   0x0000000a   Code   RO         5482    i._sputc            mc_w.l(printf8.o)
    0x08006368   0x08006368   0x00000044   Code   RO         4718    i.ds18b20_Check_CRC  ds18b20.o
    0x080063ac   0x080063ac   0x0000001c   Code   RO         4719    i.ds18b20_Convert_int8  ds18b20.o
    0x080063c8   0x080063c8   0x00000028   Code   RO         4720    i.ds18b20_GetTemp   ds18b20.o
    0x080063f0   0x080063f0   0x000000cc   Code   RO         4721    i.ds18b20_Init      ds18b20.o
    0x080064bc   0x080064bc   0x00000048   Code   RO         4722    i.ds18b20_MeasureTemperCmd  ds18b20.o
    0x08006504   0x08006504   0x0000005c   Code   RO         4723    i.ds18b20_ReadStratcpad  ds18b20.o
    0x08006560   0x08006560   0x000000f0   Code   RO         4724    i.ds18b20_SearhRom  ds18b20.o
    0x08006650   0x08006650   0x0000002a   Code   RO          239    i.main              main.o
    0x0800667a   0x0800667a   0x00000002   PAD
    0x0800667c   0x0800667c   0x00000028   Code   RO         4685    i.ow_DelayMicro     1-wire.o
    0x080066a4   0x080066a4   0x0000003c   Code   RO         4702    i.ow_ReadBit        1-wire.o
    0x080066e0   0x080066e0   0x0000001c   Code   RO         4640    i.ow_ReadByte       1-wire.o
    0x080066fc   0x080066fc   0x00000044   Code   RO         4690    i.ow_Reset          1-wire.o
    0x08006740   0x08006740   0x00000040   Code   RO         4696    i.ow_WriteBit       1-wire.o
    0x08006780   0x08006780   0x0000001a   Code   RO         4641    i.ow_WriteByte      1-wire.o
    0x0800679a   0x0800679a   0x00000002   PAD
    0x0800679c   0x0800679c   0x00000020   Code   RO         4643    i.ow_input          1-wire.o
    0x080067bc   0x080067bc   0x00000020   Code   RO         4645    i.ow_output         1-wire.o
    0x080067dc   0x080067dc   0x00000f34   Code   RO         5029    i.parseCommand      uart_cmd_parser.o
    0x08007710   0x08007710   0x000001d8   Code   RO         5094    i.print_pack_info   wireless_ctrl.o
    0x080078e8   0x080078e8   0x00000026   Code   RO         5030    i.remove_spaces     uart_cmd_parser.o
    0x0800790e   0x0800790e   0x0000001e   Code   RO         5031    i.str_to_int32      uart_cmd_parser.o
    0x0800792c   0x0800792c   0x00000694   Code   RO         5032    i.uartInit          uart_cmd_parser.o
    0x08007fc0   0x08007fc0   0x00000010   Data   RO         4235    .constdata          system_stm32f1xx.o
    0x08007fd0   0x08007fd0   0x00000008   Data   RO         4236    .constdata          system_stm32f1xx.o
    0x08007fd8   0x08007fd8   0x00000018   Data   RO         4872    .constdata          sx1278.o
    0x08007ff0   0x08007ff0   0x00000007   Data   RO         5033    .constdata          uart_cmd_parser.o
    0x08007ff7   0x08007ff7   0x00000081   Data   RO         5546    .constdata          mc_w.l(ctype_o.o)
    0x08008078   0x08008078   0x00000004   Data   RO         5547    .constdata          mc_w.l(ctype_o.o)
    0x0800807c   0x0800807c   0x0000006c   Data   RO         4873    .conststring        sx1278.o
    0x080080e8   0x080080e8   0x00000152   Data   RO         5034    .conststring        uart_cmd_parser.o
    0x0800823a   0x0800823a   0x00000002   PAD
    0x0800823c   0x0800823c   0x00000041   Data   RO         5096    .conststring        wireless_ctrl.o
    0x0800827d   0x0800827d   0x00000003   PAD
    0x08008280   0x08008280   0x00000020   Data   RO         5603    Region$$Table       anon$$obj.o


    Execution Region RW_IRAM1 (Exec base: 0x20000000, Load base: 0x080082a0, Size: 0x00001870, Max: 0x00005000, ABSOLUTE, COMPRESSED[0x000001bc])

    Exec Addr    Load Addr    Size         Type   Attr      Idx    E Section Name        Object

    0x20000000   COMPRESSED   0x000000ac   Data   RW           18    .data               system.o
    0x200000ac   COMPRESSED   0x00000008   Data   RW          331    .data               crc.o
    0x200000b4   COMPRESSED   0x0000001c   Data   RW          748    .data               usbd_desc.o
    0x200000d0   COMPRESSED   0x00000032   Data   RW          749    .data               usbd_desc.o
    0x20000102   COMPRESSED   0x0000000b   Data   RW          818    .data               usbd_cdc_if.o
    0x2000010d   COMPRESSED   0x00000003   PAD
    0x20000110   COMPRESSED   0x00000010   Data   RW          819    .data               usbd_cdc_if.o
    0x20000120   COMPRESSED   0x0000000c   Data   RW         1496    .data               stm32f1xx_hal.o
    0x2000012c   COMPRESSED   0x00000004   Data   RW         4237    .data               system_stm32f1xx.o
    0x20000130   COMPRESSED   0x00000001   Data   RW         4417    .data               usbd_ctlreq.o
    0x20000131   COMPRESSED   0x00000003   PAD
    0x20000134   COMPRESSED   0x000000d7   Data   RW         4549    .data               usbd_cdc.o
    0x2000020b   COMPRESSED   0x00000001   PAD
    0x2000020c   COMPRESSED   0x00000038   Data   RW         4550    .data               usbd_cdc.o
    0x20000244   COMPRESSED   0x0000000e   Data   RW         4726    .data               ds18b20.o
    0x20000252   COMPRESSED   0x00000002   PAD
    0x20000254   COMPRESSED   0x0000004c   Data   RW         4874    .data               sx1278.o
    0x200002a0   COMPRESSED   0x000000f4   Data   RW         5035    .data               uart_cmd_parser.o
    0x20000394   COMPRESSED   0x0000004c   Data   RW         5097    .data               wireless_ctrl.o
    0x200003e0   COMPRESSED   0x00000004   Data   RW         5576    .data               mc_w.l(errno.o)
    0x200003e4        -       0x00000040   Zero   RW           17    .bss                system.o
    0x20000424        -       0x00000054   Zero   RW          373    .bss                i2c.o
    0x20000478        -       0x00000058   Zero   RW          415    .bss                spi.o
    0x200004d0        -       0x00000048   Zero   RW          457    .bss                tim.o
    0x20000518        -       0x000002c4   Zero   RW          497    .bss                usb_device.o
    0x200007dc        -       0x0000050c   Zero   RW          559    .bss                usbd_conf.o
    0x20000ce8        -       0x00000100   Zero   RW          747    .bss                usbd_desc.o
    0x20000de8        -       0x00000110   Zero   RW          817    .bss                usbd_cdc_if.o
    0x20000ef8        -       0x00000049   Zero   RW         4725    .bss                ds18b20.o
    0x20000f41        -       0x0000010a   Zero   RW         4871    .bss                sx1278.o
    0x2000104b   COMPRESSED   0x00000001   PAD
    0x2000104c        -       0x00000024   Zero   RW         5095    .bss                wireless_ctrl.o
    0x20001070        -       0x00000800   Zero   RW            1    STACK               startup_stm32f103xb.o


==============================================================================

Image component sizes


      Code (inc. data)   RO Data    RW Data    ZI Data      Debug   Object Name

       350         36          0          0          0       4839   1-wire.o
        76         18          0          8          0       1475   crc.o
       744         50          0         14         73       6296   ds18b20.o
       100         12          0          0          0       2020   eeprom.o
       228         18          0          0          0        951   gpio.o
       148          4          0          0          0       1043   hw_crc32.o
       160         28          0          0         84       1621   i2c.o
       156          0          0          0          0       2660   main.o
       184         24          0          0         88       1645   spi.o
        36          8        236          0       2048        812   startup_stm32f103xb.o
       164         28          0         12          0       5957   stm32f1xx_hal.o
       198         14          0          0          0      28951   stm32f1xx_hal_cortex.o
        34          0          0          0          0       1043   stm32f1xx_hal_crc.o
       522         40          0          0          0       5276   stm32f1xx_hal_gpio.o
      2632         64          0          0          0      14314   stm32f1xx_hal_i2c.o
        60          8          0          0          0        862   stm32f1xx_hal_msp.o
      2952          0          0          0          0      14673   stm32f1xx_hal_pcd.o
        60          0          0          0          0       1190   stm32f1xx_hal_pcd_ex.o
      1244         88          0          0          0       4813   stm32f1xx_hal_rcc.o
       232         12          0          0          0       1452   stm32f1xx_hal_rcc_ex.o
      1662          4          0          0          0       8214   stm32f1xx_hal_spi.o
       974         26          0          0          0      10577   stm32f1xx_hal_tim.o
       108         12          0          0          0       2485   stm32f1xx_hal_tim_ex.o
        88         20          0          0          0       5251   stm32f1xx_it.o
      2776          0          0          0          0      18487   stm32f1xx_ll_usb.o
      2124        474        132         76        266      16573   sx1278.o
       808         48          0        172         64     457263   system.o
        72         16         24          4          0       1183   system_stm32f1xx.o
       164         18          0          0         72       1646   tim.o
      5644       2532        345        244          0      12750   uart_cmd_parser.o
        84         18          0          0        708        776   usb_device.o
       726         16          0        271          0      13230   usbd_cdc.o
       368         36          0         27        272       3921   usbd_cdc_if.o
       556         30          0          0       1292      13741   usbd_conf.o
       670          0          0          0          0       9575   usbd_core.o
      1186         28          0          1          0       8152   usbd_ctlreq.o
       286        104          0         78        256       5853   usbd_desc.o
       132          0          0          0          0       4380   usbd_ioreq.o
      1748        520         65         76         36       8517   wireless_ctrl.o

    ----------------------------------------------------------------------
     30492       4354        839        992       5260     704467   Object Totals
         0          0         32          0          0          0   (incl. Generated)
        36          0          5          9          1          0   (incl. Padding)

    ----------------------------------------------------------------------

      Code (inc. data)   RO Data    RW Data    ZI Data      Debug   Library Member Name

        86          0          0          0          0          0   __dczerorl2.o
        28          0          0          0          0         68   _chval.o
       158          0          0          0          0         92   _strtoul.o
         8          4        133          0          0         68   ctype_o.o
         0          0          0          0          0          0   entry.o
         0          0          0          0          0          0   entry10a.o
         0          0          0          0          0          0   entry11a.o
         8          4          0          0          0          0   entry2.o
         4          0          0          0          0          0   entry5.o
         0          0          0          0          0          0   entry7b.o
         0          0          0          0          0          0   entry8b.o
         8          4          0          0          0          0   entry9a.o
         8          4          0          4          0         68   errno.o
        30          0          0          0          0          0   handlers.o
        36          8          0          0          0         68   init.o
        30          0          0          0          0         68   llshl.o
        32          0          0          0          0         68   llushr.o
        36          0          0          0          0         68   memcpya.o
        36          0          0          0          0        108   memseta.o
      1172         50          0          0          0        420   printf8.o
        20          0          0          0          0         68   strchr.o
        18          0          0          0          0         68   strcpy.o
        14          0          0          0          0         68   strlen.o
        30          0          0          0          0         80   strncmp.o
       112          0          0          0          0         88   strtol.o
        98          0          0          0          0         92   uldiv.o

    ----------------------------------------------------------------------
      1976         74        133          4          0       1560   Library Totals
         4          0          0          0          0          0   (incl. Padding)

    ----------------------------------------------------------------------

      Code (inc. data)   RO Data    RW Data    ZI Data      Debug   Library Name

      1972         74        133          4          0       1560   mc_w.l

    ----------------------------------------------------------------------
      1976         74        133          4          0       1560   Library Totals

    ----------------------------------------------------------------------

==============================================================================


      Code (inc. data)   RO Data    RW Data    ZI Data      Debug   

     32468       4428        972        996       5260     692635   Grand Totals
     32468       4428        972        444       5260     692635   ELF Image Totals (compressed)
     32468       4428        972        444          0          0   ROM Totals

==============================================================================

    Total RO  Size (Code + RO Data)                33440 (  32.66kB)
    Total RW  Size (RW Data + ZI Data)              6256 (   6.11kB)
    Total ROM Size (Code + RO Data + RW Data)      33884 (  33.09kB)

==============================================================================

