<html>
<body>
<pre>
<h1>µVision Build Log</h1>
<h2>Tool Versions:</h2>
IDE-Version: µVision V5.28.0.0
Copyright (C) 2019 ARM Ltd and ARM Germany GmbH. All rights reserved.
License Information: Spitsyn Alex, home, LIC=4ZLNN-Y4XIA-33UM1-CMY3R-T05QY-7SNVP
 
Tool Versions:
Toolchain:       MDK-ARM Professional  Version: 5.28.0.0
Toolchain Path:  C:\Keil_v5\ARM\ARMCC\Bin
C Compiler:      Armcc.exe V5.06 update 6 (build 750)
Assembler:       Armasm.exe V5.06 update 6 (build 750)
Linker/Locator:  ArmLink.exe V5.06 update 6 (build 750)
Library Manager: ArmAr.exe V5.06 update 6 (build 750)
Hex Converter:   FromElf.exe V5.06 update 6 (build 750)
CPU DLL:         SARMCM3.DLL V5.28.0.0
Dialog DLL:      DCM.DLL V1.17.3.0
Target DLL:      STLink\ST-LINKIII-KEIL_SWO.dll V3.0.6.0
Dialog DLL:      TCM.DLL V1.36.2.0
 
<h2>Project:</h2>
C:\Users\Alexander\Documents\GIT\STM_Repository\STM_TCTRL_WF\MDK-ARM\STM_TCTRL_WF.uvprojx
Project File Date:  08/13/2020

<h2>Output:</h2>
*** Using Compiler 'V5.06 update 6 (build 750)', folder: 'C:\Keil_v5\ARM\ARMCC\Bin'
Build target 'STM_TCTRL_WF'
assembling startup_stm32f103xb.s...
compiling uart_cmd_parser.c...
uart_cmd_parser.c(166): warning:  #167-D: argument of type "char *" is incompatible with parameter of type "uint8_t *"
  					putsUSART(answer);					
uart_cmd_parser.c(169): warning:  #167-D: argument of type "char *" is incompatible with parameter of type "uint8_t *"
  					putsUSART(answer);	
uart_cmd_parser.c(190): warning:  #167-D: argument of type "char *" is incompatible with parameter of type "uint8_t *"
  							putsUSART(answer);
uart_cmd_parser.c(204): warning:  #167-D: argument of type "char *" is incompatible with parameter of type "uint8_t *"
  							putsUSART(answer);
uart_cmd_parser.c(218): warning:  #167-D: argument of type "char *" is incompatible with parameter of type "uint8_t *"
  							putsUSART(answer);
uart_cmd_parser.c(236): warning:  #167-D: argument of type "char *" is incompatible with parameter of type "uint8_t *"
  					putsUSART(answer);
uart_cmd_parser.c: 6 warnings, 0 errors
compiling drive.c...
compiling system.c...
system.c(419): warning:  #188-D: enumerated type mixed with another type
     SS_BLINK(ON);
system.c(452): warning:  #188-D: enumerated type mixed with another type
         SS_BLINK(OFF);
system.c: 2 warnings, 0 errors
compiling gpio.c...
compiling eeprom.c...
eeprom.c(8): warning:  #223-D: function "printf" declared implicitly
  			printf("EEPROM WRITE ERROR CODE: %d\r\n",HAL_I2C_GetError(&hi2c2));
eeprom.c(20): warning:  #223-D: function "printf" declared implicitly
  			printf("EEPROM READ ERROR CODE: %d\r\n",HAL_I2C_GetError(&hi2c2));
eeprom.c: 2 warnings, 0 errors
compiling main.c...
compiling crc.c...
compiling spi.c...
compiling i2c.c...
compiling sys.c...
compiling usart.c...
compiling tim.c...
compiling stm32f1xx_hal_msp.c...
compiling stm32f1xx_hal_gpio_ex.c...
compiling stm32f1xx_it.c...
compiling stm32f1xx_hal_crc.c...
compiling stm32f1xx_hal.c...
compiling stm32f1xx_hal_rcc.c...
compiling stm32f1xx_hal_rcc_ex.c...
compiling stm32f1xx_hal_gpio.c...
compiling stm32f1xx_hal_dma.c...
compiling stm32f1xx_hal_cortex.c...
compiling stm32f1xx_hal_pwr.c...
compiling stm32f1xx_hal_flash.c...
compiling stm32f1xx_hal_exti.c...
compiling stm32f1xx_hal_flash_ex.c...
compiling stm32f1xx_hal_i2c.c...
compiling stm32f1xx_hal_spi.c...
compiling stm32f1xx_hal_tim_ex.c...
compiling stm32f1xx_hal_tim.c...
compiling system_stm32f1xx.c...
compiling 7seg.c...
7seg.c(31): warning:  #188-D: enumerated type mixed with another type
    SS_OE(0);
compiling stm32f1xx_hal_uart.c...
compiling io_expander.c...
compiling wireless_ctrl.c...
wireless_ctrl.c(90): warning:  #167-D: argument of type "char *" is incompatible with parameter of type "uint8_t *"
  		putsUSART(str);
wireless_ctrl.c(121): warning:  #167-D: argument of type "char *" is incompatible with parameter of type "uint8_t *"
  				putsUSART(str);
wireless_ctrl.c(133): warning:  #167-D: argument of type "char *" is incompatible with parameter of type "uint8_t *"
  						putsUSART(str);
wireless_ctrl.c(277): warning:  #167-D: argument of type "char *" is incompatible with parameter of type "uint8_t *"
  		putsUSART(str);
wireless_ctrl.c(279): warning:  #167-D: argument of type "char *" is incompatible with parameter of type "uint8_t *"
  		putsUSART(str);
wireless_ctrl.c(281): warning:  #167-D: argument of type "char *" is incompatible with parameter of type "uint8_t *"
  		putsUSART(str);
wireless_ctrl.c(283): warning:  #167-D: argument of type "char *" is incompatible with parameter of type "uint8_t *"
  		putsUSART(str);		
wireless_ctrl.c(285): warning:  #167-D: argument of type "char *" is incompatible with parameter of type "uint8_t *"
  		putsUSART(str);
wireless_ctrl.c(287): warning:  #167-D: argument of type "char *" is incompatible with parameter of type "uint8_t *"
  		putsUSART(str);
wireless_ctrl.c(289): warning:  #167-D: argument of type "char *" is incompatible with parameter of type "uint8_t *"
  		putsUSART(str);
wireless_ctrl.c(299): warning:  #167-D: argument of type "char *" is incompatible with parameter of type "uint8_t *"
  				putsUSART(str);
wireless_ctrl.c(331): warning:  #167-D: argument of type "char *" is incompatible with parameter of type "uint8_t *"
  		putsUSART(str);
wireless_ctrl.c(333): warning:  #167-D: argument of type "char *" is incompatible with parameter of type "uint8_t *"
  		putsUSART(str);
wireless_ctrl.c(335): warning:  #167-D: argument of type "char *" is incompatible with parameter of type "uint8_t *"
  		putsUSART(str);
wireless_ctrl.c(337): warning:  #167-D: argument of type "char *" is incompatible with parameter of type "uint8_t *"
  		putsUSART(str);		
wireless_ctrl.c(339): warning:  #167-D: argument of type "char *" is incompatible with parameter of type "uint8_t *"
  		putsUSART(str);
wireless_ctrl.c(341): warning:  #167-D: argument of type "char *" is incompatible with parameter of type "uint8_t *"
  		putsUSART(str);
wireless_ctrl.c(343): warning:  #167-D: argument of type "char *" is incompatible with parameter of type "uint8_t *"
  		putsUSART(str);
wireless_ctrl.c(345): warning:  #167-D: argument of type "char *" is incompatible with parameter of type "uint8_t *"
  		putsUSART(str);
wireless_ctrl.c(400): warning:  #167-D: argument of type "char *" is incompatible with parameter of type "uint8_t *"
  				putsUSART(str);
wireless_ctrl.c(402): warning:  #167-D: argument of type "char *" is incompatible with parameter of type "uint8_t *"
  				putsUSART(str);		
wireless_ctrl.c(404): warning:  #167-D: argument of type "char *" is incompatible with parameter of type "uint8_t *"
  				putsUSART(str);
wireless_ctrl.c(436): warning:  #167-D: argument of type "char *" is incompatible with parameter of type "uint8_t *"
  						putsUSART(str);
wireless_ctrl.c(457): warning:  #167-D: argument of type "char *" is incompatible with parameter of type "uint8_t *"
  						putsUSART(str);
wireless_ctrl.c: 24 warnings, 0 errors
compiling nrf24.c...
nrf24.c(283): warning:  #167-D: argument of type "char *" is incompatible with parameter of type "uint8_t *"
  			dbg_print(dbg_str);
nrf24.c(287): warning:  #167-D: argument of type "char *" is incompatible with parameter of type "uint8_t *"
  			dbg_print(dbg_str);
nrf24.c(291): warning:  #167-D: argument of type "char *" is incompatible with parameter of type "uint8_t *"
  			dbg_print(dbg_str);
nrf24.c(295): warning:  #167-D: argument of type "char *" is incompatible with parameter of type "uint8_t *"
  			dbg_print(dbg_str);
nrf24.c(299): warning:  #167-D: argument of type "char *" is incompatible with parameter of type "uint8_t *"
  			dbg_print(dbg_str);
nrf24.c(303): warning:  #167-D: argument of type "char *" is incompatible with parameter of type "uint8_t *"
  			dbg_print(dbg_str);
nrf24.c(308): warning:  #167-D: argument of type "char *" is incompatible with parameter of type "uint8_t *"
  			dbg_print(dbg_str);
nrf24.c(313): warning:  #167-D: argument of type "char *" is incompatible with parameter of type "uint8_t *"
  			dbg_print(dbg_str);
nrf24.c(317): warning:  #167-D: argument of type "char *" is incompatible with parameter of type "uint8_t *"
  			dbg_print(dbg_str);
nrf24.c(321): warning:  #167-D: argument of type "char *" is incompatible with parameter of type "uint8_t *"
  			dbg_print(dbg_str);
nrf24.c(419): warning:  #167-D: argument of type "char *" is incompatible with parameter of type "uint8_t *"
  				dbg_print(dbg_str);
nrf24.c(481): warning:  #167-D: argument of type "char *" is incompatible with parameter of type "uint8_t *"
  		dbg_print(dbg_str);
nrf24.c(485): warning:  #167-D: argument of type "char *" is incompatible with parameter of type "uint8_t *"
  		dbg_print(dbg_str);
nrf24.c(489): warning:  #167-D: argument of type "char *" is incompatible with parameter of type "uint8_t *"
  		dbg_print(dbg_str);
nrf24.c(493): warning:  #167-D: argument of type "char *" is incompatible with parameter of type "uint8_t *"
  		dbg_print(dbg_str);
nrf24.c(497): warning:  #167-D: argument of type "char *" is incompatible with parameter of type "uint8_t *"
  		dbg_print(dbg_str);
nrf24.c(501): warning:  #167-D: argument of type "char *" is incompatible with parameter of type "uint8_t *"
  		dbg_print(dbg_str);
nrf24.c(506): warning:  #167-D: argument of type "char *" is incompatible with parameter of type "uint8_t *"
  		dbg_print(dbg_str);
nrf24.c(510): warning:  #167-D: argument of type "char *" is incompatible with parameter of type "uint8_t *"
  		dbg_print(dbg_str);
nrf24.c(513): warning:  #167-D: argument of type "char *" is incompatible with parameter of type "uint8_t *"
  		dbg_print(dbg_str);
nrf24.c(516): warning:  #167-D: argument of type "char *" is incompatible with parameter of type "uint8_t *"
  		dbg_print(dbg_str);
nrf24.c: 21 warnings, 0 errors
compiling retarget_io.c...
compiling ds18b20.c...
linking...
Program Size: Code=27596 RO-data=656 RW-data=92 ZI-data=4804  
FromELF: creating hex file...
"STM_TCTRL_WF\STM_TCTRL_WF.axf" - 0 Error(s), 56 Warning(s).

<h2>Software Packages used:</h2>

Package Vendor: ARM
                http://www.keil.com/pack/ARM.CMSIS.5.5.1.pack
                ARM.CMSIS.5.5.1
                CMSIS (Cortex Microcontroller Software Interface Standard)
   * Component: CORE Version: 5.2.0

Package Vendor: Keil
                http://www.keil.com/pack/Keil.ARM_Compiler.1.6.1.pack
                Keil.ARM_Compiler.1.6.1
                Keil ARM Compiler extensions for ARM Compiler 5 and ARM Compiler 6
   * Component: STDIN Variant: ITM Version: 1.2.0
   * Component: STDOUT Variant: ITM Version: 1.2.0

Package Vendor: Keil
                http://www.keil.com/pack/Keil.STM32F1xx_DFP.2.3.0.pack
                Keil.STM32F1xx_DFP.2.3.0
                STMicroelectronics STM32F1 Series Device Support, Drivers and Examples

<h2>Collection of Component include folders:</h2>
  .\RTE\_STM_TCTRL_WF
  C:\Users\Alexander\AppData\Local\Arm\Packs\ARM\CMSIS\5.5.1\CMSIS\Core\Include
  C:\Users\Alexander\AppData\Local\Arm\Packs\Keil\STM32F1xx_DFP\2.3.0\Device\Include

<h2>Collection of Component Files used:</h2>

   * Component: ARM::CMSIS:CORE:5.2.0

   * Component: Keil.ARM Compiler::Compiler:I/O:STDIN:ITM:1.2.0
      Source file:   Source\retarget_io.c

   * Component: Keil.ARM Compiler::Compiler:I/O:STDOUT:ITM:1.2.0
      Source file:   Source\retarget_io.c
Build Time Elapsed:  00:00:17
</pre>
</body>
</html>
